Archive member included to satisfy reference by file (symbol)

c:/st/stm32cubeide_1.5.1/stm32cubeide/plugins/com.st.stm32cube.ide.mcu.externaltools.gnu-tools-for-stm32.9-2020-q2-update.win32_1.5.0.202011040924/tools/bin/../lib/gcc/arm-none-eabi/9.3.1/../../../../arm-none-eabi/lib/thumb/v7e-m+fp/hard\libc_nano.a(lib_a-calloc.o)
                              Core/Src/main.o (calloc)
c:/st/stm32cubeide_1.5.1/stm32cubeide/plugins/com.st.stm32cube.ide.mcu.externaltools.gnu-tools-for-stm32.9-2020-q2-update.win32_1.5.0.202011040924/tools/bin/../lib/gcc/arm-none-eabi/9.3.1/../../../../arm-none-eabi/lib/thumb/v7e-m+fp/hard\libc_nano.a(lib_a-errno.o)
                              Core/Src/syscalls.o (__errno)
c:/st/stm32cubeide_1.5.1/stm32cubeide/plugins/com.st.stm32cube.ide.mcu.externaltools.gnu-tools-for-stm32.9-2020-q2-update.win32_1.5.0.202011040924/tools/bin/../lib/gcc/arm-none-eabi/9.3.1/../../../../arm-none-eabi/lib/thumb/v7e-m+fp/hard\libc_nano.a(lib_a-exit.o)
                              c:/st/stm32cubeide_1.5.1/stm32cubeide/plugins/com.st.stm32cube.ide.mcu.externaltools.gnu-tools-for-stm32.9-2020-q2-update.win32_1.5.0.202011040924/tools/bin/../lib/gcc/arm-none-eabi/9.3.1/../../../../arm-none-eabi/lib/thumb/v7e-m+fp/hard/crt0.o (exit)
c:/st/stm32cubeide_1.5.1/stm32cubeide/plugins/com.st.stm32cube.ide.mcu.externaltools.gnu-tools-for-stm32.9-2020-q2-update.win32_1.5.0.202011040924/tools/bin/../lib/gcc/arm-none-eabi/9.3.1/../../../../arm-none-eabi/lib/thumb/v7e-m+fp/hard\libc_nano.a(lib_a-impure.o)
                              c:/st/stm32cubeide_1.5.1/stm32cubeide/plugins/com.st.stm32cube.ide.mcu.externaltools.gnu-tools-for-stm32.9-2020-q2-update.win32_1.5.0.202011040924/tools/bin/../lib/gcc/arm-none-eabi/9.3.1/../../../../arm-none-eabi/lib/thumb/v7e-m+fp/hard\libc_nano.a(lib_a-exit.o) (_global_impure_ptr)
c:/st/stm32cubeide_1.5.1/stm32cubeide/plugins/com.st.stm32cube.ide.mcu.externaltools.gnu-tools-for-stm32.9-2020-q2-update.win32_1.5.0.202011040924/tools/bin/../lib/gcc/arm-none-eabi/9.3.1/../../../../arm-none-eabi/lib/thumb/v7e-m+fp/hard\libc_nano.a(lib_a-init.o)
                              c:/st/stm32cubeide_1.5.1/stm32cubeide/plugins/com.st.stm32cube.ide.mcu.externaltools.gnu-tools-for-stm32.9-2020-q2-update.win32_1.5.0.202011040924/tools/bin/../lib/gcc/arm-none-eabi/9.3.1/../../../../arm-none-eabi/lib/thumb/v7e-m+fp/hard/crt0.o (__libc_init_array)
c:/st/stm32cubeide_1.5.1/stm32cubeide/plugins/com.st.stm32cube.ide.mcu.externaltools.gnu-tools-for-stm32.9-2020-q2-update.win32_1.5.0.202011040924/tools/bin/../lib/gcc/arm-none-eabi/9.3.1/../../../../arm-none-eabi/lib/thumb/v7e-m+fp/hard\libc_nano.a(lib_a-memcpy-stub.o)
                              Core/Src/main.o (memcpy)
c:/st/stm32cubeide_1.5.1/stm32cubeide/plugins/com.st.stm32cube.ide.mcu.externaltools.gnu-tools-for-stm32.9-2020-q2-update.win32_1.5.0.202011040924/tools/bin/../lib/gcc/arm-none-eabi/9.3.1/../../../../arm-none-eabi/lib/thumb/v7e-m+fp/hard\libc_nano.a(lib_a-memset.o)
                              c:/st/stm32cubeide_1.5.1/stm32cubeide/plugins/com.st.stm32cube.ide.mcu.externaltools.gnu-tools-for-stm32.9-2020-q2-update.win32_1.5.0.202011040924/tools/bin/../lib/gcc/arm-none-eabi/9.3.1/../../../../arm-none-eabi/lib/thumb/v7e-m+fp/hard/crt0.o (memset)
c:/st/stm32cubeide_1.5.1/stm32cubeide/plugins/com.st.stm32cube.ide.mcu.externaltools.gnu-tools-for-stm32.9-2020-q2-update.win32_1.5.0.202011040924/tools/bin/../lib/gcc/arm-none-eabi/9.3.1/../../../../arm-none-eabi/lib/thumb/v7e-m+fp/hard\libc_nano.a(lib_a-nano-callocr.o)
                              c:/st/stm32cubeide_1.5.1/stm32cubeide/plugins/com.st.stm32cube.ide.mcu.externaltools.gnu-tools-for-stm32.9-2020-q2-update.win32_1.5.0.202011040924/tools/bin/../lib/gcc/arm-none-eabi/9.3.1/../../../../arm-none-eabi/lib/thumb/v7e-m+fp/hard\libc_nano.a(lib_a-calloc.o) (_calloc_r)
c:/st/stm32cubeide_1.5.1/stm32cubeide/plugins/com.st.stm32cube.ide.mcu.externaltools.gnu-tools-for-stm32.9-2020-q2-update.win32_1.5.0.202011040924/tools/bin/../lib/gcc/arm-none-eabi/9.3.1/../../../../arm-none-eabi/lib/thumb/v7e-m+fp/hard\libc_nano.a(lib_a-nano-mallocr.o)
                              c:/st/stm32cubeide_1.5.1/stm32cubeide/plugins/com.st.stm32cube.ide.mcu.externaltools.gnu-tools-for-stm32.9-2020-q2-update.win32_1.5.0.202011040924/tools/bin/../lib/gcc/arm-none-eabi/9.3.1/../../../../arm-none-eabi/lib/thumb/v7e-m+fp/hard\libc_nano.a(lib_a-nano-callocr.o) (_malloc_r)
c:/st/stm32cubeide_1.5.1/stm32cubeide/plugins/com.st.stm32cube.ide.mcu.externaltools.gnu-tools-for-stm32.9-2020-q2-update.win32_1.5.0.202011040924/tools/bin/../lib/gcc/arm-none-eabi/9.3.1/../../../../arm-none-eabi/lib/thumb/v7e-m+fp/hard\libc_nano.a(lib_a-sbrkr.o)
[...]
Memory Configuration

Name             Origin             Length             Attributes
RAM              0x0000000020000000 0x0000000000020000 xrw
FLASH            0x0000000008000000 0x0000000000080000 xr
*default*        0x0000000000000000 0xffffffffffffffff

Linker script and memory map

LOAD c:/st/stm32cubeide_1.5.1/stm32cubeide/plugins/com.st.stm32cube.ide.mcu.externaltools.gnu-tools-for-stm32.9-2020-q2-update.win32_1.5.0.202011040924/tools/bin/../lib/gcc/arm-none-eabi/9.3.1/thumb/v7e-m+fp/hard/crti.o
LOAD c:/st/stm32cubeide_1.5.1/stm32cubeide/plugins/com.st.stm32cube.ide.mcu.externaltools.gnu-tools-for-stm32.9-2020-q2-update.win32_1.5.0.202011040924/tools/bin/../lib/gcc/arm-none-eabi/9.3.1/thumb/v7e-m+fp/hard/crtbegin.o
LOAD c:/st/stm32cubeide_1.5.1/stm32cubeide/plugins/com.st.stm32cube.ide.mcu.externaltools.gnu-tools-for-stm32.9-2020-q2-update.win32_1.5.0.202011040924/tools/bin/../lib/gcc/arm-none-eabi/9.3.1/../../../../arm-none-eabi/lib/thumb/v7e-m+fp/hard/crt0.o
LOAD Core/Src/main.o
LOAD Core/Src/stm32f4xx_hal_msp.o
LOAD Core/Src/stm32f4xx_it.o
LOAD Core/Src/syscalls.o
LOAD Core/Src/sysmem.o
LOAD Core/Src/system_stm32f4xx.o
LOAD Core/Startup/startup_stm32f411retx.o
LOAD Drivers/STM32F4xx_HAL_Driver/Src/stm32f4xx_hal.o
LOAD Drivers/STM32F4xx_HAL_Driver/Src/stm32f4xx_hal_cortex.o
LOAD Drivers/STM32F4xx_HAL_Driver/Src/stm32f4xx_hal_dma.o
LOAD Drivers/STM32F4xx_HAL_Driver/Src/stm32f4xx_hal_dma_ex.o
LOAD Drivers/STM32F4xx_HAL_Driver/Src/stm32f4xx_hal_exti.o
LOAD Drivers/STM32F4xx_HAL_Driver/Src/stm32f4xx_hal_flash.o
LOAD Drivers/STM32F4xx_HAL_Driver/Src/stm32f4xx_hal_flash_ex.o
LOAD Drivers/STM32F4xx_HAL_Driver/Src/stm32f4xx_hal_flash_ramfunc.o
LOAD Drivers/STM32F4xx_HAL_Driver/Src/stm32f4xx_hal_gpio.o
LOAD Drivers/STM32F4xx_HAL_Driver/Src/stm32f4xx_hal_i2c.o
LOAD Drivers/STM32F4xx_HAL_Driver/Src/stm32f4xx_hal_i2c_ex.o
LOAD Drivers/STM32F4xx_HAL_Driver/Src/stm32f4xx_hal_pwr.o
LOAD Drivers/STM32F4xx_HAL_Driver/Src/stm32f4xx_hal_pwr_ex.o
LOAD Drivers/STM32F4xx_HAL_Driver/Src/stm32f4xx_hal_rcc.o
LOAD Drivers/STM32F4xx_HAL_Driver/Src/stm32f4xx_hal_rcc_ex.o
LOAD Drivers/STM32F4xx_HAL_Driver/Src/stm32f4xx_hal_tim.o
LOAD Drivers/STM32F4xx_HAL_Driver/Src/stm32f4xx_hal_tim_ex.o
LOAD Drivers/STM32F4xx_HAL_Driver/Src/stm32f4xx_hal_uart.o
START GROUP
LOAD c:/st/stm32cubeide_1.5.1/stm32cubeide/plugins/com.st.stm32cube.ide.mcu.externaltools.gnu-tools-for-stm32.9-2020-q2-update.win32_1.5.0.202011040924/tools/bin/../lib/gcc/arm-none-eabi/9.3.1/../../../../arm-none-eabi/lib/thumb/v7e-m+fp/hard\libc_nano.a
LOAD c:/st/stm32cubeide_1.5.1/stm32cubeide/plugins/com.st.stm32cube.ide.mcu.externaltools.gnu-tools-for-stm32.9-2020-q2-update.win32_1.5.0.202011040924/tools/bin/../lib/gcc/arm-none-eabi/9.3.1/../../../../arm-none-eabi/lib/thumb/v7e-m+fp/hard\libm.a
END GROUP
START GROUP
LOAD c:/st/stm32cubeide_1.5.1/stm32cubeide/plugins/com.st.stm32cube.ide.mcu.externaltools.gnu-tools-for-stm32.9-2020-q2-update.win32_1.5.0.202011040924/tools/bin/../lib/gcc/arm-none-eabi/9.3.1/thumb/v7e-m+fp/hard\libgcc.a
LOAD c:/st/stm32cubeide_1.5.1/stm32cubeide/plugins/com.st.stm32cube.ide.mcu.externaltools.gnu-tools-for-stm32.9-2020-q2-update.win32_1.5.0.202011040924/tools/bin/../lib/gcc/arm-none-eabi/9.3.1/../../../../arm-none-eabi/lib/thumb/v7e-m+fp/hard\libc_nano.a
END GROUP
START GROUP
LOAD c:/st/stm32cubeide_1.5.1/stm32cubeide/plugins/com.st.stm32cube.ide.mcu.externaltools.gnu-tools-for-stm32.9-2020-q2-update.win32_1.5.0.202011040924/tools/bin/../lib/gcc/arm-none-eabi/9.3.1/thumb/v7e-m+fp/hard\libgcc.a
LOAD c:/st/stm32cubeide_1.5.1/stm32cubeide/plugins/com.st.stm32cube.ide.mcu.externaltools.gnu-tools-for-stm32.9-2020-q2-update.win32_1.5.0.202011040924/tools/bin/../lib/gcc/arm-none-eabi/9.3.1/../../../../arm-none-eabi/lib/thumb/v7e-m+fp/hard\libc_nano.a
LOAD c:/st/stm32cubeide_1.5.1/stm32cubeide/plugins/com.st.stm32cube.ide.mcu.externaltools.gnu-tools-for-stm32.9-2020-q2-update.win32_1.5.0.202011040924/tools/bin/../lib/gcc/arm-none-eabi/9.3.1/../../../../arm-none-eabi/lib/thumb/v7e-m+fp/hard\libnosys.a
END GROUP
START GROUP
LOAD c:/st/stm32cubeide_1.5.1/stm32cubeide/plugins/com.st.stm32cube.ide.mcu.externaltools.gnu-tools-for-stm32.9-2020-q2-update.win32_1.5.0.202011040924/tools/bin/../lib/gcc/arm-none-eabi/9.3.1/thumb/v7e-m+fp/hard\libgcc.a
LOAD c:/st/stm32cubeide_1.5.1/stm32cubeide/plugins/com.st.stm32cube.ide.mcu.externaltools.gnu-tools-for-stm32.9-2020-q2-update.win32_1.5.0.202011040924/tools/bin/../lib/gcc/arm-none-eabi/9.3.1/../../../../arm-none-eabi/lib/thumb/v7e-m+fp/hard\libc_nano.a
LOAD c:/st/stm32cubeide_1.5.1/stm32cubeide/plugins/com.st.stm32cube.ide.mcu.externaltools.gnu-tools-for-stm32.9-2020-q2-update.win32_1.5.0.202011040924/tools/bin/../lib/gcc/arm-none-eabi/9.3.1/../../../../arm-none-eabi/lib/thumb/v7e-m+fp/hard\libnosys.a
END GROUP
LOAD c:/st/stm32cubeide_1.5.1/stm32cubeide/plugins/com.st.stm32cube.ide.mcu.externaltools.gnu-tools-for-stm32.9-2020-q2-update.win32_1.5.0.202011040924/tools/bin/../lib/gcc/arm-none-eabi/9.3.1/thumb/v7e-m+fp/hard/crtend.o
LOAD c:/st/stm32cubeide_1.5.1/stm32cubeide/plugins/com.st.stm32cube.ide.mcu.externaltools.gnu-tools-for-stm32.9-2020-q2-update.win32_1.5.0.202011040924/tools/bin/../lib/gcc/arm-none-eabi/9.3.1/thumb/v7e-m+fp/hard/crtn.o
                0x0000000020020000                _estack = (ORIGIN (RAM) + LENGTH (RAM))
                0x0000000000000200                _Min_Heap_Size = 0x200
                0x0000000000000400                _Min_Stack_Size = 0x400

.isr_vector     0x0000000008000000      0x198
                0x0000000008000000                . = ALIGN (0x4)
 *(.isr_vector)
 .isr_vector    0x0000000008000000      0x198 Core/Startup/startup_stm32f411retx.o
                0x0000000008000000                g_pfnVectors
                0x0000000008000198                . = ALIGN (0x4)

.text           0x0000000008000198     0xa55c
                0x0000000008000198                . = ALIGN (0x4)
 *(.text)
 .text          0x0000000008000198       0x40 c:/st/stm32cubeide_1.5.1/stm32cubeide/plugins/com.st.stm32cube.ide.mcu.externaltools.gnu-tools-for-stm32.9-2020-q2-update.win32_1.5.0.202011040924/tools/bin/../lib/gcc/arm-none-eabi/9.3.1/thumb/v7e-m+fp/hard/crtbegin.o
 .text          0x00000000080001d8      0x378 c:/st/stm32cubeide_1.5.1/stm32cubeide/plugins/com.st.stm32cube.ide.mcu.externaltools.gnu-tools-for-stm32.9-2020-q2-update.win32_1.5.0.202011040924/tools/bin/../lib/gcc/arm-none-eabi/9.3.1/thumb/v7e-m+fp/hard\libgcc.a(_arm_addsubdf3.o)
                0x00000000080001d8                __aeabi_drsub
                0x00000000080001e0                __aeabi_dsub
                0x00000000080001e0                __subdf3
                0x00000000080001e4                __aeabi_dadd
                0x00000000080001e4                __adddf3
                0x000000000800045c                __floatunsidf
                0x000000000800045c                __aeabi_ui2d
                0x000000000800047c                __floatsidf
                0x000000000800047c                __aeabi_i2d
                0x00000000080004a0                __aeabi_f2d
                0x00000000080004a0                __extendsfdf2
                0x00000000080004e4                __floatundidf
                0x00000000080004e4                __aeabi_ul2d
                0x00000000080004f4                __floatdidf
                0x00000000080004f4                __aeabi_l2d
 .text          0x0000000008000550      0x424 c:/st/stm32cubeide_1.5.1/stm32cubeide/plugins/com.st.stm32cube.ide.mcu.externaltools.gnu-tools-for-stm32.9-2020-q2-update.win32_1.5.0.202011040924/tools/bin/../lib/gcc/arm-none-eabi/9.3.1/thumb/v7e-m+fp/hard\libgcc.a(_arm_muldivdf3.o)
                0x0000000008000550                __aeabi_dmul
                0x0000000008000550                __muldf3
                0x00000000080007a4                __divdf3
                0x00000000080007a4                __aeabi_ddiv
 .text          0x0000000008000974      0x110 c:/st/stm32cubeide_1.5.1/stm32cubeide/plugins/com.st.stm32cube.ide.mcu.externaltools.gnu-tools-for-stm32.9-2020-q2-update.win32_1.5.0.202011040924/tools/bin/../lib/gcc/arm-none-eabi/9.3.1/thumb/v7e-m+fp/hard\libgcc.a(_arm_cmpdf2.o)
                0x0000000008000974                __gtdf2
                0x0000000008000974                __gedf2
                0x000000000800097c                __ltdf2
                0x000000000800097c                __ledf2
                0x0000000008000984                __nedf2
                0x0000000008000984                __eqdf2
                0x0000000008000984                __cmpdf2
                0x0000000008000a00                __aeabi_cdrcmple
                0x0000000008000a10                __aeabi_cdcmpeq
                0x0000000008000a10                __aeabi_cdcmple
                0x0000000008000a20                __aeabi_dcmpeq
                0x0000000008000a34                __aeabi_dcmplt
                0x0000000008000a48                __aeabi_dcmple
                0x0000000008000a5c                __aeabi_dcmpge
                0x0000000008000a70                __aeabi_dcmpgt
 .text          0x0000000008000a84       0x2c c:/st/stm32cubeide_1.5.1/stm32cubeide/plugins/com.st.stm32cube.ide.mcu.externaltools.gnu-tools-for-stm32.9-2020-q2-update.win32_1.5.0.202011040924/tools/bin/../lib/gcc/arm-none-eabi/9.3.1/thumb/v7e-m+fp/hard\libgcc.a(_arm_unorddf2.o)
                0x0000000008000a84                __unorddf2
                0x0000000008000a84                __aeabi_dcmpun
 .text          0x0000000008000ab0       0x40 c:/st/stm32cubeide_1.5.1/stm32cubeide/plugins/com.st.stm32cube.ide.mcu.externaltools.gnu-tools-for-stm32.9-2020-q2-update.win32_1.5.0.202011040924/tools/bin/../lib/gcc/arm-none-eabi/9.3.1/thumb/v7e-m+fp/hard\libgcc.a(_arm_fixunsdfsi.o)
                0x0000000008000ab0                __aeabi_d2uiz
                0x0000000008000ab0                __fixunsdfsi
 .text          0x0000000008000af0       0xa0 c:/st/stm32cubeide_1.5.1/stm32cubeide/plugins/com.st.stm32cube.ide.mcu.externaltools.gnu-tools-for-stm32.9-2020-q2-update.win32_1.5.0.202011040924/tools/bin/../lib/gcc/arm-none-eabi/9.3.1/thumb/v7e-m+fp/hard\libgcc.a(_arm_truncdfsf2.o)
                0x0000000008000af0                __truncdfsf2
                0x0000000008000af0                __aeabi_d2f
 .text          0x0000000008000b90      0x21c c:/st/stm32cubeide_1.5.1/stm32cubeide/plugins/com.st.stm32cube.ide.mcu.externaltools.gnu-tools-for-stm32.9-2020-q2-update.win32_1.5.0.202011040924/tools/bin/../lib/gcc/arm-none-eabi/9.3.1/thumb/v7e-m+fp/hard\libgcc.a(_arm_addsubsf3.o)
                0x0000000008000b90                __aeabi_frsub
                0x0000000008000b98                __subsf3
                0x0000000008000b98                __aeabi_fsub
                0x0000000008000b9c                __aeabi_fadd
                0x0000000008000b9c                __addsf3
                0x0000000008000cfc                __aeabi_ui2f
                0x0000000008000cfc                __floatunsisf
                0x0000000008000d04                __aeabi_i2f
                0x0000000008000d04                __floatsisf
                0x0000000008000d20                __aeabi_ul2f
                0x0000000008000d20                __floatundisf
                0x0000000008000d30                __aeabi_l2f
                0x0000000008000d30                __floatdisf
 .text          0x0000000008000dac       0x30 c:/st/stm32cubeide_1.5.1/stm32cubeide/plugins/com.st.stm32cube.ide.mcu.externaltools.gnu-tools-for-stm32.9-2020-q2-update.win32_1.5.0.202011040924/tools/bin/../lib/gcc/arm-none-eabi/9.3.1/thumb/v7e-m+fp/hard\libgcc.a(_aeabi_uldivmod.o)
                0x0000000008000dac                __aeabi_uldivmod
 .text          0x0000000008000ddc      0x2c4 c:/st/stm32cubeide_1.5.1/stm32cubeide/plugins/com.st.stm32cube.ide.mcu.externaltools.gnu-tools-for-stm32.9-2020-q2-update.win32_1.5.0.202011040924/tools/bin/../lib/gcc/arm-none-eabi/9.3.1/thumb/v7e-m+fp/hard\libgcc.a(_udivmoddi4.o)
                0x0000000008000ddc                __udivmoddi4
 .text          0x00000000080010a0        0x4 c:/st/stm32cubeide_1.5.1/stm32cubeide/plugins/com.st.stm32cube.ide.mcu.externaltools.gnu-tools-for-stm32.9-2020-q2-update.win32_1.5.0.202011040924/tools/bin/../lib/gcc/arm-none-eabi/9.3.1/thumb/v7e-m+fp/hard\libgcc.a(_dvmd_tls.o)
                0x00000000080010a0                __aeabi_idiv0
                0x00000000080010a0                __aeabi_ldiv0
 *(.text*)
 *fill*         0x00000000080010a4        0x4 
 .text.main     0x00000000080010a8      0x42c Core/Src/main.o
                0x00000000080010a8                main
 .text.SystemClock_Config
                0x00000000080014d4       0xd0 Core/Src/main.o
                0x00000000080014d4                SystemClock_Config
 .text.MX_I2C1_Init
                0x00000000080015a4       0x5c Core/Src/main.o
 .text.MX_TIM1_Init
                0x0000000008001600       0xb0 Core/Src/main.o
 .text.MX_TIM2_Init
                0x00000000080016b0       0x98 Core/Src/main.o
 .text.MX_TIM3_Init
                0x0000000008001748       0xec Core/Src/main.o
 .text.MX_USART2_UART_Init
                0x0000000008001834       0x58 Core/Src/main.o
 .text.MX_DMA_Init
                0x000000000800188c       0x50 Core/Src/main.o
 .text.MX_GPIO_Init
                0x00000000080018dc      0x1b0 Core/Src/main.o
 .text.EncoderVelocityAndPosition_Update
                0x0000000008001a8c      0x168 Core/Src/main.o
                0x0000000008001a8c                EncoderVelocityAndPosition_Update
 .text.Encoder_SetHome_Position
                0x0000000008001bf4       0x38 Core/Src/main.o
                0x0000000008001bf4                Encoder_SetHome_Position
 .text.HAL_TIM_PeriodElapsedCallback
                0x0000000008001c2c       0x38 Core/Src/main.o
                0x0000000008001c2c                HAL_TIM_PeriodElapsedCallback
 .text.HAL_GPIO_EXTI_Callback
                0x0000000008001c64       0x5c Core/Src/main.o
                0x0000000008001c64                HAL_GPIO_EXTI_Callback
 .text.micros   0x0000000008001cc0       0x34 Core/Src/main.o
                0x0000000008001cc0                micros
 .text.ConverterUnitSystemStructureInit
                0x0000000008001cf4       0x30 Core/Src/main.o
                0x0000000008001cf4                ConverterUnitSystemStructureInit
 *fill*         0x0000000008001d24        0x4 
 .text.TrajectoryGenerationStructureInit
                0x0000000008001d28      0x144 Core/Src/main.o
                0x0000000008001d28                TrajectoryGenerationStructureInit
 *fill*         0x0000000008001e6c        0x4 
 .text.LinkMovingPIDLoad
                0x0000000008001e70       0xac Core/Src/main.o
                0x0000000008001e70                LinkMovingPIDLoad
 *fill*         0x0000000008001f1c        0x4 
 .text.LinkMovingPID45to355Load
                0x0000000008001f20       0xa8 Core/Src/main.o
                0x0000000008001f20                LinkMovingPID45to355Load
 .text.LinkMovingPID10to45Load
                0x0000000008001fc8       0xac Core/Src/main.o
                0x0000000008001fc8                LinkMovingPID10to45Load
 *fill*         0x0000000008002074        0x4 
 .text.LinkMovingPID0to9Load
                0x0000000008002078       0xa8 Core/Src/main.o
                0x0000000008002078                LinkMovingPID0to9Load
 .text.StabilizerPIDLoad
                0x0000000008002120       0x64 Core/Src/main.o
                0x0000000008002120                StabilizerPIDLoad
 *fill*         0x0000000008002184        0x4 
 .text.VelocityPurePIDLoad
                0x0000000008002188       0x68 Core/Src/main.o
                0x0000000008002188                VelocityPurePIDLoad
 .text.TrajectoryGenerationVelocityMaxSetting
                0x00000000080021f0       0x6c Core/Src/main.o
                0x00000000080021f0                TrajectoryGenerationVelocityMaxSetting
 *fill*         0x000000000800225c        0x4 
 .text.TrajectoryGenerationPrepareDATA
                0x0000000008002260      0x2b8 Core/Src/main.o
                0x0000000008002260                TrajectoryGenerationPrepareDATA
 .text.TrajectoryGenerationCalculation
                0x0000000008002518      0x2d8 Core/Src/main.o
                0x0000000008002518                TrajectoryGenerationCalculation
 .text.TrajectoryGenerationProcess
                0x00000000080027f0      0x7e4 Core/Src/main.o
                0x00000000080027f0                TrajectoryGenerationProcess
 .text.PIDController2in1
                0x0000000008002fd4      0x210 Core/Src/main.o
                0x0000000008002fd4                PIDController2in1
 .text.PureVeloPID
                0x00000000080031e4      0x120 Core/Src/main.o
                0x00000000080031e4                PureVeloPID
 .text.UARTInit
                0x0000000008003304       0x50 Core/Src/main.o
                0x0000000008003304                UARTInit
 .text.UARTResetStart
                0x0000000008003354       0x22 Core/Src/main.o
                0x0000000008003354                UARTResetStart
 .text.UARTGetRxHead
                0x0000000008003376       0x26 Core/Src/main.o
                0x0000000008003376                UARTGetRxHead
 .text.UARTReadChar
                0x000000000800339c       0x54 Core/Src/main.o
                0x000000000800339c                UARTReadChar
 .text.UARTTxDumpBuffer
                0x00000000080033f0       0xa0 Core/Src/main.o
                0x00000000080033f0                UARTTxDumpBuffer
 .text.UARTTxWrite
                0x0000000008003490       0x90 Core/Src/main.o
                0x0000000008003490                UARTTxWrite
 .text.ACK1Return
                0x0000000008003520       0x24 Core/Src/main.o
                0x0000000008003520                ACK1Return
 .text.ACK2Return
                0x0000000008003544       0x24 Core/Src/main.o
                0x0000000008003544                ACK2Return
 .text.Munmunbot_Protocol
                0x0000000008003568      0x8bc Core/Src/main.o
                0x0000000008003568                Munmunbot_Protocol
 .text.PID_Reset
                0x0000000008003e24       0xe0 Core/Src/main.o
                0x0000000008003e24                PID_Reset
 .text.LAMP_ON  0x0000000008003f04       0xe0 Core/Src/main.o
                0x0000000008003f04                LAMP_ON
 .text.Emergency_switch_trigger
                0x0000000008003fe4       0xb4 Core/Src/main.o
                0x0000000008003fe4                Emergency_switch_trigger
 .text.Controlling_the_LINK
                0x0000000008004098       0xd0 Core/Src/main.o
                0x0000000008004098                Controlling_the_LINK
 .text.HackTheLink
                0x0000000008004168      0x198 Core/Src/main.o
                0x0000000008004168                HackTheLink
 .text.SETHOME_StateMachine_Function
                0x0000000008004300       0x98 Core/Src/main.o
                0x0000000008004300                SETHOME_StateMachine_Function
 .text.UpdateMunmunBotState
                0x0000000008004398       0x3c Core/Src/main.o
                0x0000000008004398                UpdateMunmunBotState
 *fill*         0x00000000080043d4        0x4 
 .text.EndEffectorDebug
                0x00000000080043d8       0x68 Core/Src/main.o
                0x00000000080043d8                EndEffectorDebug
 .text.EndEffectorWorkingState
                0x0000000008004440      0x1b8 Core/Src/main.o
                0x0000000008004440                EndEffectorWorkingState
 .text.Error_Handler
                0x00000000080045f8        0xa Core/Src/main.o
                0x00000000080045f8                Error_Handler
 *fill*         0x0000000008004602        0x2 
 .text.HAL_MspInit
                0x0000000008004604       0x50 Core/Src/stm32f4xx_hal_msp.o
                0x0000000008004604                HAL_MspInit
 .text.HAL_I2C_MspInit
                0x0000000008004654       0xb0 Core/Src/stm32f4xx_hal_msp.o
                0x0000000008004654                HAL_I2C_MspInit
 .text.HAL_TIM_Encoder_MspInit
                0x0000000008004704       0x90 Core/Src/stm32f4xx_hal_msp.o
                0x0000000008004704                HAL_TIM_Encoder_MspInit
 .text.HAL_TIM_Base_MspInit
                0x0000000008004794       0x78 Core/Src/stm32f4xx_hal_msp.o
                0x0000000008004794                HAL_TIM_Base_MspInit
 .text.HAL_TIM_MspPostInit
                0x000000000800480c       0x74 Core/Src/stm32f4xx_hal_msp.o
                0x000000000800480c                HAL_TIM_MspPostInit
 .text.HAL_UART_MspInit
                0x0000000008004880      0x16c Core/Src/stm32f4xx_hal_msp.o
                0x0000000008004880                HAL_UART_MspInit
 .text.NMI_Handler
                0x00000000080049ec        0x6 Core/Src/stm32f4xx_it.o
                0x00000000080049ec                NMI_Handler
 .text.HardFault_Handler
                0x00000000080049f2        0x6 Core/Src/stm32f4xx_it.o
                0x00000000080049f2                HardFault_Handler
 .text.MemManage_Handler
                0x00000000080049f8        0x6 Core/Src/stm32f4xx_it.o
                0x00000000080049f8                MemManage_Handler
 .text.BusFault_Handler
                0x00000000080049fe        0x6 Core/Src/stm32f4xx_it.o
                0x00000000080049fe                BusFault_Handler
 .text.UsageFault_Handler
                0x0000000008004a04        0x6 Core/Src/stm32f4xx_it.o
                0x0000000008004a04                UsageFault_Handler
 .text.SVC_Handler
                0x0000000008004a0a        0xe Core/Src/stm32f4xx_it.o
                0x0000000008004a0a                SVC_Handler
 .text.DebugMon_Handler
                0x0000000008004a18        0xe Core/Src/stm32f4xx_it.o
                0x0000000008004a18                DebugMon_Handler
 .text.PendSV_Handler
                0x0000000008004a26        0xe Core/Src/stm32f4xx_it.o
                0x0000000008004a26                PendSV_Handler
 .text.SysTick_Handler
                0x0000000008004a34        0xc Core/Src/stm32f4xx_it.o
                0x0000000008004a34                SysTick_Handler
 .text.DMA1_Stream5_IRQHandler
                0x0000000008004a40       0x14 Core/Src/stm32f4xx_it.o
                0x0000000008004a40                DMA1_Stream5_IRQHandler
 .text.DMA1_Stream6_IRQHandler
                0x0000000008004a54       0x14 Core/Src/stm32f4xx_it.o
                0x0000000008004a54                DMA1_Stream6_IRQHandler
 .text.EXTI9_5_IRQHandler
                0x0000000008004a68       0x10 Core/Src/stm32f4xx_it.o
                0x0000000008004a68                EXTI9_5_IRQHandler
 .text.TIM2_IRQHandler
                0x0000000008004a78       0x14 Core/Src/stm32f4xx_it.o
                0x0000000008004a78                TIM2_IRQHandler
 .text.I2C1_EV_IRQHandler
                0x0000000008004a8c       0x14 Core/Src/stm32f4xx_it.o
                0x0000000008004a8c                I2C1_EV_IRQHandler
 .text.I2C1_ER_IRQHandler
                0x0000000008004aa0       0x14 Core/Src/stm32f4xx_it.o
                0x0000000008004aa0                I2C1_ER_IRQHandler
 .text.USART2_IRQHandler
                0x0000000008004ab4       0x14 Core/Src/stm32f4xx_it.o
                0x0000000008004ab4                USART2_IRQHandler
 .text.EXTI15_10_IRQHandler
                0x0000000008004ac8       0x18 Core/Src/stm32f4xx_it.o
                0x0000000008004ac8                EXTI15_10_IRQHandler
 .text._sbrk    0x0000000008004ae0       0x6c Core/Src/sysmem.o
                0x0000000008004ae0                _sbrk
 .text.SystemInit
                0x0000000008004b4c       0x2c Core/Src/system_stm32f4xx.o
                0x0000000008004b4c                SystemInit
 .text.Reset_Handler
                0x0000000008004b78       0x50 Core/Startup/startup_stm32f411retx.o
                0x0000000008004b78                Reset_Handler
 .text.Default_Handler
                0x0000000008004bc8        0x2 Core/Startup/startup_stm32f411retx.o
                0x0000000008004bc8                RTC_Alarm_IRQHandler
                0x0000000008004bc8                EXTI2_IRQHandler
                0x0000000008004bc8                SPI4_IRQHandler
                0x0000000008004bc8                TIM1_CC_IRQHandler
                0x0000000008004bc8                DMA2_Stream5_IRQHandler
                0x0000000008004bc8                PVD_IRQHandler
                0x0000000008004bc8                SDIO_IRQHandler
                0x0000000008004bc8                TAMP_STAMP_IRQHandler
                0x0000000008004bc8                EXTI3_IRQHandler
                0x0000000008004bc8                TIM1_UP_TIM10_IRQHandler
                0x0000000008004bc8                I2C3_ER_IRQHandler
                0x0000000008004bc8                EXTI0_IRQHandler
                0x0000000008004bc8                I2C2_EV_IRQHandler
                0x0000000008004bc8                DMA1_Stream2_IRQHandler
                0x0000000008004bc8                FPU_IRQHandler
                0x0000000008004bc8                DMA2_Stream2_IRQHandler
                0x0000000008004bc8                SPI1_IRQHandler
                0x0000000008004bc8                TIM1_BRK_TIM9_IRQHandler
                0x0000000008004bc8                DMA2_Stream3_IRQHandler
                0x0000000008004bc8                USART6_IRQHandler
                0x0000000008004bc8                DMA2_Stream0_IRQHandler
                0x0000000008004bc8                TIM4_IRQHandler
                0x0000000008004bc8                DMA1_Stream1_IRQHandler
                0x0000000008004bc8                TIM3_IRQHandler
                0x0000000008004bc8                RCC_IRQHandler
                0x0000000008004bc8                Default_Handler
                0x0000000008004bc8                ADC_IRQHandler
                0x0000000008004bc8                DMA1_Stream7_IRQHandler
                0x0000000008004bc8                SPI5_IRQHandler
                0x0000000008004bc8                TIM5_IRQHandler
                0x0000000008004bc8                DMA2_Stream7_IRQHandler
                0x0000000008004bc8                I2C3_EV_IRQHandler
                0x0000000008004bc8                RTC_WKUP_IRQHandler
                0x0000000008004bc8                SPI2_IRQHandler
                0x0000000008004bc8                DMA1_Stream0_IRQHandler
                0x0000000008004bc8                EXTI4_IRQHandler
                0x0000000008004bc8                WWDG_IRQHandler
                0x0000000008004bc8                OTG_FS_WKUP_IRQHandler
                0x0000000008004bc8                TIM1_TRG_COM_TIM11_IRQHandler
                0x0000000008004bc8                EXTI1_IRQHandler
                0x0000000008004bc8                I2C2_ER_IRQHandler
                0x0000000008004bc8                DMA2_Stream1_IRQHandler
                0x0000000008004bc8                FLASH_IRQHandler
                0x0000000008004bc8                DMA2_Stream4_IRQHandler
                0x0000000008004bc8                USART1_IRQHandler
                0x0000000008004bc8                OTG_FS_IRQHandler
                0x0000000008004bc8                SPI3_IRQHandler
                0x0000000008004bc8                DMA1_Stream4_IRQHandler
                0x0000000008004bc8                DMA2_Stream6_IRQHandler
                0x0000000008004bc8                DMA1_Stream3_IRQHandler
 *fill*         0x0000000008004bca        0x2 
 .text.HAL_Init
                0x0000000008004bcc       0x44 Drivers/STM32F4xx_HAL_Driver/Src/stm32f4xx_hal.o
                0x0000000008004bcc                HAL_Init
 .text.HAL_InitTick
                0x0000000008004c10       0x60 Drivers/STM32F4xx_HAL_Driver/Src/stm32f4xx_hal.o
                0x0000000008004c10                HAL_InitTick
 .text.HAL_IncTick
                0x0000000008004c70       0x28 Drivers/STM32F4xx_HAL_Driver/Src/stm32f4xx_hal.o
                0x0000000008004c70                HAL_IncTick
 .text.HAL_GetTick
                0x0000000008004c98       0x18 Drivers/STM32F4xx_HAL_Driver/Src/stm32f4xx_hal.o
                0x0000000008004c98                HAL_GetTick
 .text.HAL_Delay
                0x0000000008004cb0       0x48 Drivers/STM32F4xx_HAL_Driver/Src/stm32f4xx_hal.o
                0x0000000008004cb0                HAL_Delay
 .text.__NVIC_SetPriorityGrouping
                0x0000000008004cf8       0x48 Drivers/STM32F4xx_HAL_Driver/Src/stm32f4xx_hal_cortex.o
 .text.__NVIC_GetPriorityGrouping
                0x0000000008004d40       0x1c Drivers/STM32F4xx_HAL_Driver/Src/stm32f4xx_hal_cortex.o
 .text.__NVIC_EnableIRQ
                0x0000000008004d5c       0x3c Drivers/STM32F4xx_HAL_Driver/Src/stm32f4xx_hal_cortex.o
 .text.__NVIC_SetPriority
                0x0000000008004d98       0x54 Drivers/STM32F4xx_HAL_Driver/Src/stm32f4xx_hal_cortex.o
 .text.NVIC_EncodePriority
                0x0000000008004dec       0x66 Drivers/STM32F4xx_HAL_Driver/Src/stm32f4xx_hal_cortex.o
 *fill*         0x0000000008004e52        0x2 
 .text.SysTick_Config
                0x0000000008004e54       0x44 Drivers/STM32F4xx_HAL_Driver/Src/stm32f4xx_hal_cortex.o
 .text.HAL_NVIC_SetPriorityGrouping
                0x0000000008004e98       0x16 Drivers/STM32F4xx_HAL_Driver/Src/stm32f4xx_hal_cortex.o
                0x0000000008004e98                HAL_NVIC_SetPriorityGrouping
 .text.HAL_NVIC_SetPriority
                0x0000000008004eae       0x38 Drivers/STM32F4xx_HAL_Driver/Src/stm32f4xx_hal_cortex.o
                0x0000000008004eae                HAL_NVIC_SetPriority
 .text.HAL_NVIC_EnableIRQ
                0x0000000008004ee6       0x1c Drivers/STM32F4xx_HAL_Driver/Src/stm32f4xx_hal_cortex.o
                0x0000000008004ee6                HAL_NVIC_EnableIRQ
 .text.HAL_SYSTICK_Config
                0x0000000008004f02       0x18 Drivers/STM32F4xx_HAL_Driver/Src/stm32f4xx_hal_cortex.o
                0x0000000008004f02                HAL_SYSTICK_Config
 *fill*         0x0000000008004f1a        0x2 
 .text.HAL_DMA_Init
                0x0000000008004f1c      0x15c Drivers/STM32F4xx_HAL_Driver/Src/stm32f4xx_hal_dma.o
                0x0000000008004f1c                HAL_DMA_Init
 .text.HAL_DMA_Start_IT
                0x0000000008005078       0xb0 Drivers/STM32F4xx_HAL_Driver/Src/stm32f4xx_hal_dma.o
                0x0000000008005078                HAL_DMA_Start_IT
 .text.HAL_DMA_Abort
                0x0000000008005128       0xe0 Drivers/STM32F4xx_HAL_Driver/Src/stm32f4xx_hal_dma.o
                0x0000000008005128                HAL_DMA_Abort
 .text.HAL_DMA_Abort_IT
                0x0000000008005208       0x44 Drivers/STM32F4xx_HAL_Driver/Src/stm32f4xx_hal_dma.o
                0x0000000008005208                HAL_DMA_Abort_IT
 .text.HAL_DMA_IRQHandler
                0x000000000800524c      0x314 Drivers/STM32F4xx_HAL_Driver/Src/stm32f4xx_hal_dma.o
                0x000000000800524c                HAL_DMA_IRQHandler
 .text.HAL_DMA_GetState
                0x0000000008005560       0x1c Drivers/STM32F4xx_HAL_Driver/Src/stm32f4xx_hal_dma.o
                0x0000000008005560                HAL_DMA_GetState
 .text.DMA_SetConfig
                0x000000000800557c       0x5c Drivers/STM32F4xx_HAL_Driver/Src/stm32f4xx_hal_dma.o
 .text.DMA_CalcBaseAndBitshift
                0x00000000080055d8       0x6c Drivers/STM32F4xx_HAL_Driver/Src/stm32f4xx_hal_dma.o
 .text.DMA_CheckFifoParam
                0x0000000008005644       0xf8 Drivers/STM32F4xx_HAL_Driver/Src/stm32f4xx_hal_dma.o
 .text.HAL_GPIO_Init
                0x000000000800573c      0x308 Drivers/STM32F4xx_HAL_Driver/Src/stm32f4xx_hal_gpio.o
                0x000000000800573c                HAL_GPIO_Init
 .text.HAL_GPIO_ReadPin
                0x0000000008005a44       0x30 Drivers/STM32F4xx_HAL_Driver/Src/stm32f4xx_hal_gpio.o
                0x0000000008005a44                HAL_GPIO_ReadPin
 .text.HAL_GPIO_WritePin
                0x0000000008005a74       0x32 Drivers/STM32F4xx_HAL_Driver/Src/stm32f4xx_hal_gpio.o
                0x0000000008005a74                HAL_GPIO_WritePin
 *fill*         0x0000000008005aa6        0x2 
 .text.HAL_GPIO_EXTI_IRQHandler
                0x0000000008005aa8       0x30 Drivers/STM32F4xx_HAL_Driver/Src/stm32f4xx_hal_gpio.o
                0x0000000008005aa8                HAL_GPIO_EXTI_IRQHandler
 .text.HAL_I2C_Init
                0x0000000008005ad8      0x288 Drivers/STM32F4xx_HAL_Driver/Src/stm32f4xx_hal_i2c.o
                0x0000000008005ad8                HAL_I2C_Init
 .text.HAL_I2C_Master_Transmit_IT
                0x0000000008005d60      0x14c Drivers/STM32F4xx_HAL_Driver/Src/stm32f4xx_hal_i2c.o
                0x0000000008005d60                HAL_I2C_Master_Transmit_IT
 .text.HAL_I2C_Master_Receive_IT
                0x0000000008005eac      0x15c Drivers/STM32F4xx_HAL_Driver/Src/stm32f4xx_hal_i2c.o
                0x0000000008005eac                HAL_I2C_Master_Receive_IT
 .text.HAL_I2C_EV_IRQHandler
                0x0000000008006008      0x2da Drivers/STM32F4xx_HAL_Driver/Src/stm32f4xx_hal_i2c.o
                0x0000000008006008                HAL_I2C_EV_IRQHandler
 .text.HAL_I2C_ER_IRQHandler
                0x00000000080062e2      0x14e Drivers/STM32F4xx_HAL_Driver/Src/stm32f4xx_hal_i2c.o
                0x00000000080062e2                HAL_I2C_ER_IRQHandler
 .text.HAL_I2C_MasterTxCpltCallback
                0x0000000008006430       0x14 Drivers/STM32F4xx_HAL_Driver/Src/stm32f4xx_hal_i2c.o
                0x0000000008006430                HAL_I2C_MasterTxCpltCallback
 .text.HAL_I2C_MasterRxCpltCallback
                0x0000000008006444       0x14 Drivers/STM32F4xx_HAL_Driver/Src/stm32f4xx_hal_i2c.o
                0x0000000008006444                HAL_I2C_MasterRxCpltCallback
 .text.HAL_I2C_SlaveTxCpltCallback
                0x0000000008006458       0x14 Drivers/STM32F4xx_HAL_Driver/Src/stm32f4xx_hal_i2c.o
                0x0000000008006458                HAL_I2C_SlaveTxCpltCallback
 .text.HAL_I2C_SlaveRxCpltCallback
                0x000000000800646c       0x14 Drivers/STM32F4xx_HAL_Driver/Src/stm32f4xx_hal_i2c.o
                0x000000000800646c                HAL_I2C_SlaveRxCpltCallback
 .text.HAL_I2C_AddrCallback
                0x0000000008006480       0x1c Drivers/STM32F4xx_HAL_Driver/Src/stm32f4xx_hal_i2c.o
                0x0000000008006480                HAL_I2C_AddrCallback
 .text.HAL_I2C_ListenCpltCallback
                0x000000000800649c       0x14 Drivers/STM32F4xx_HAL_Driver/Src/stm32f4xx_hal_i2c.o
                0x000000000800649c                HAL_I2C_ListenCpltCallback
 .text.HAL_I2C_MemTxCpltCallback
                0x00000000080064b0       0x14 Drivers/STM32F4xx_HAL_Driver/Src/stm32f4xx_hal_i2c.o
                0x00000000080064b0                HAL_I2C_MemTxCpltCallback
 .text.HAL_I2C_MemRxCpltCallback
                0x00000000080064c4       0x14 Drivers/STM32F4xx_HAL_Driver/Src/stm32f4xx_hal_i2c.o
                0x00000000080064c4                HAL_I2C_MemRxCpltCallback
 .text.HAL_I2C_ErrorCallback
                0x00000000080064d8       0x14 Drivers/STM32F4xx_HAL_Driver/Src/stm32f4xx_hal_i2c.o
                0x00000000080064d8                HAL_I2C_ErrorCallback
 .text.HAL_I2C_AbortCpltCallback
                0x00000000080064ec       0x14 Drivers/STM32F4xx_HAL_Driver/Src/stm32f4xx_hal_i2c.o
                0x00000000080064ec                HAL_I2C_AbortCpltCallback
 .text.I2C_MasterTransmit_TXE
                0x0000000008006500      0x138 Drivers/STM32F4xx_HAL_Driver/Src/stm32f4xx_hal_i2c.o
 .text.I2C_MasterTransmit_BTF
                0x0000000008006638       0xd0 Drivers/STM32F4xx_HAL_Driver/Src/stm32f4xx_hal_i2c.o
 .text.I2C_MemoryTransmit_TXE_BTF
                0x0000000008006708      0x11e Drivers/STM32F4xx_HAL_Driver/Src/stm32f4xx_hal_i2c.o
 .text.I2C_MasterReceive_RXNE
                0x0000000008006826      0x162 Drivers/STM32F4xx_HAL_Driver/Src/stm32f4xx_hal_i2c.o
 .text.I2C_MasterReceive_BTF
                0x0000000008006988      0x1d4 Drivers/STM32F4xx_HAL_Driver/Src/stm32f4xx_hal_i2c.o
 .text.I2C_Master_SB
                0x0000000008006b5c      0x10c Drivers/STM32F4xx_HAL_Driver/Src/stm32f4xx_hal_i2c.o
 .text.I2C_Master_ADD10
                0x0000000008006c68       0x54 Drivers/STM32F4xx_HAL_Driver/Src/stm32f4xx_hal_i2c.o
 .text.I2C_Master_ADDR
                0x0000000008006cbc      0x322 Drivers/STM32F4xx_HAL_Driver/Src/stm32f4xx_hal_i2c.o
 .text.I2C_SlaveTransmit_TXE
                0x0000000008006fde       0x7a Drivers/STM32F4xx_HAL_Driver/Src/stm32f4xx_hal_i2c.o
 .text.I2C_SlaveTransmit_BTF
                0x0000000008007058       0x42 Drivers/STM32F4xx_HAL_Driver/Src/stm32f4xx_hal_i2c.o
 .text.I2C_SlaveReceive_RXNE
                0x000000000800709a       0x7c Drivers/STM32F4xx_HAL_Driver/Src/stm32f4xx_hal_i2c.o
 .text.I2C_SlaveReceive_BTF
                0x0000000008007116       0x44 Drivers/STM32F4xx_HAL_Driver/Src/stm32f4xx_hal_i2c.o
 .text.I2C_Slave_ADDR
                0x000000000800715a       0x88 Drivers/STM32F4xx_HAL_Driver/Src/stm32f4xx_hal_i2c.o
 *fill*         0x00000000080071e2        0x2 
 .text.I2C_Slave_STOPF
                0x00000000080071e4      0x260 Drivers/STM32F4xx_HAL_Driver/Src/stm32f4xx_hal_i2c.o
 .text.I2C_Slave_AF
                0x0000000008007444       0xe0 Drivers/STM32F4xx_HAL_Driver/Src/stm32f4xx_hal_i2c.o
 .text.I2C_ITError
                0x0000000008007524      0x264 Drivers/STM32F4xx_HAL_Driver/Src/stm32f4xx_hal_i2c.o
 .text.I2C_DMAAbort
                0x0000000008007788      0x150 Drivers/STM32F4xx_HAL_Driver/Src/stm32f4xx_hal_i2c.o
 .text.I2C_WaitOnSTOPRequestThroughIT
                0x00000000080078d8       0x64 Drivers/STM32F4xx_HAL_Driver/Src/stm32f4xx_hal_i2c.o
 .text.I2C_ConvertOtherXferOptions
                0x000000000800793c       0x36 Drivers/STM32F4xx_HAL_Driver/Src/stm32f4xx_hal_i2c.o
 *fill*         0x0000000008007972        0x2 
 .text.HAL_RCC_OscConfig
                0x0000000008007974      0x4f0 Drivers/STM32F4xx_HAL_Driver/Src/stm32f4xx_hal_rcc.o
                0x0000000008007974                HAL_RCC_OscConfig
 .text.HAL_RCC_ClockConfig
                0x0000000008007e64      0x1cc Drivers/STM32F4xx_HAL_Driver/Src/stm32f4xx_hal_rcc.o
                0x0000000008007e64                HAL_RCC_ClockConfig
 .text.HAL_RCC_GetSysClockFreq
                0x0000000008008030      0x1c4 Drivers/STM32F4xx_HAL_Driver/Src/stm32f4xx_hal_rcc.o
                0x0000000008008030                HAL_RCC_GetSysClockFreq
 .text.HAL_RCC_GetHCLKFreq
                0x00000000080081f4       0x18 Drivers/STM32F4xx_HAL_Driver/Src/stm32f4xx_hal_rcc.o
                0x00000000080081f4                HAL_RCC_GetHCLKFreq
 .text.HAL_RCC_GetPCLK1Freq
                0x000000000800820c       0x28 Drivers/STM32F4xx_HAL_Driver/Src/stm32f4xx_hal_rcc.o
                0x000000000800820c                HAL_RCC_GetPCLK1Freq
 .text.HAL_RCC_GetPCLK2Freq
                0x0000000008008234       0x28 Drivers/STM32F4xx_HAL_Driver/Src/stm32f4xx_hal_rcc.o
                0x0000000008008234                HAL_RCC_GetPCLK2Freq
 .text.HAL_TIM_Base_Init
                0x000000000800825c       0x9e Drivers/STM32F4xx_HAL_Driver/Src/stm32f4xx_hal_tim.o
                0x000000000800825c                HAL_TIM_Base_Init
 *fill*         0x00000000080082fa        0x2 
 .text.HAL_TIM_Base_Start
                0x00000000080082fc       0xb4 Drivers/STM32F4xx_HAL_Driver/Src/stm32f4xx_hal_tim.o
                0x00000000080082fc                HAL_TIM_Base_Start
 .text.HAL_TIM_Base_Start_IT
                0x00000000080083b0       0xc4 Drivers/STM32F4xx_HAL_Driver/Src/stm32f4xx_hal_tim.o
                0x00000000080083b0                HAL_TIM_Base_Start_IT
 .text.HAL_TIM_PWM_Init
                0x0000000008008474       0x9e Drivers/STM32F4xx_HAL_Driver/Src/stm32f4xx_hal_tim.o
                0x0000000008008474                HAL_TIM_PWM_Init
 .text.HAL_TIM_PWM_MspInit
                0x0000000008008512       0x14 Drivers/STM32F4xx_HAL_Driver/Src/stm32f4xx_hal_tim.o
                0x0000000008008512                HAL_TIM_PWM_MspInit
 *fill*         0x0000000008008526        0x2 
 .text.HAL_TIM_PWM_Start
                0x0000000008008528      0x160 Drivers/STM32F4xx_HAL_Driver/Src/stm32f4xx_hal_tim.o
                0x0000000008008528                HAL_TIM_PWM_Start
 .text.HAL_TIM_Encoder_Init
                0x0000000008008688      0x14c Drivers/STM32F4xx_HAL_Driver/Src/stm32f4xx_hal_tim.o
                0x0000000008008688                HAL_TIM_Encoder_Init
 .text.HAL_TIM_Encoder_Start
                0x00000000080087d4      0x11c Drivers/STM32F4xx_HAL_Driver/Src/stm32f4xx_hal_tim.o
                0x00000000080087d4                HAL_TIM_Encoder_Start
 .text.HAL_TIM_IRQHandler
                0x00000000080088f0      0x210 Drivers/STM32F4xx_HAL_Driver/Src/stm32f4xx_hal_tim.o
                0x00000000080088f0                HAL_TIM_IRQHandler
 .text.HAL_TIM_PWM_ConfigChannel
                0x0000000008008b00      0x17c Drivers/STM32F4xx_HAL_Driver/Src/stm32f4xx_hal_tim.o
                0x0000000008008b00                HAL_TIM_PWM_ConfigChannel
 .text.HAL_TIM_ConfigClockSource
                0x0000000008008c7c      0x188 Drivers/STM32F4xx_HAL_Driver/Src/stm32f4xx_hal_tim.o
                0x0000000008008c7c                HAL_TIM_ConfigClockSource
 .text.HAL_TIM_OC_DelayElapsedCallback
                0x0000000008008e04       0x14 Drivers/STM32F4xx_HAL_Driver/Src/stm32f4xx_hal_tim.o
                0x0000000008008e04                HAL_TIM_OC_DelayElapsedCallback
 .text.HAL_TIM_IC_CaptureCallback
                0x0000000008008e18       0x14 Drivers/STM32F4xx_HAL_Driver/Src/stm32f4xx_hal_tim.o
                0x0000000008008e18                HAL_TIM_IC_CaptureCallback
 .text.HAL_TIM_PWM_PulseFinishedCallback
                0x0000000008008e2c       0x14 Drivers/STM32F4xx_HAL_Driver/Src/stm32f4xx_hal_tim.o
                0x0000000008008e2c                HAL_TIM_PWM_PulseFinishedCallback
 .text.HAL_TIM_TriggerCallback
                0x0000000008008e40       0x14 Drivers/STM32F4xx_HAL_Driver/Src/stm32f4xx_hal_tim.o
                0x0000000008008e40                HAL_TIM_TriggerCallback
 .text.TIM_Base_SetConfig
                0x0000000008008e54      0x100 Drivers/STM32F4xx_HAL_Driver/Src/stm32f4xx_hal_tim.o
                0x0000000008008e54                TIM_Base_SetConfig
 .text.TIM_OC1_SetConfig
                0x0000000008008f54       0xcc Drivers/STM32F4xx_HAL_Driver/Src/stm32f4xx_hal_tim.o
 .text.TIM_OC2_SetConfig
                0x0000000008009020       0xd8 Drivers/STM32F4xx_HAL_Driver/Src/stm32f4xx_hal_tim.o
                0x0000000008009020                TIM_OC2_SetConfig
 .text.TIM_OC3_SetConfig
                0x00000000080090f8       0xd4 Drivers/STM32F4xx_HAL_Driver/Src/stm32f4xx_hal_tim.o
 .text.TIM_OC4_SetConfig
                0x00000000080091cc       0xa0 Drivers/STM32F4xx_HAL_Driver/Src/stm32f4xx_hal_tim.o
 .text.TIM_TI1_ConfigInputStage
                0x000000000800926c       0x5e Drivers/STM32F4xx_HAL_Driver/Src/stm32f4xx_hal_tim.o
 .text.TIM_TI2_ConfigInputStage
                0x00000000080092ca       0x60 Drivers/STM32F4xx_HAL_Driver/Src/stm32f4xx_hal_tim.o
 .text.TIM_ITRx_SetConfig
                0x000000000800932a       0x36 Drivers/STM32F4xx_HAL_Driver/Src/stm32f4xx_hal_tim.o
 .text.TIM_ETR_SetConfig
                0x0000000008009360       0x40 Drivers/STM32F4xx_HAL_Driver/Src/stm32f4xx_hal_tim.o
                0x0000000008009360                TIM_ETR_SetConfig
 .text.TIM_CCxChannelCmd
                0x00000000080093a0       0x4a Drivers/STM32F4xx_HAL_Driver/Src/stm32f4xx_hal_tim.o
                0x00000000080093a0                TIM_CCxChannelCmd
 *fill*         0x00000000080093ea        0x2 
 .text.HAL_TIMEx_MasterConfigSynchronization
                0x00000000080093ec       0xdc Drivers/STM32F4xx_HAL_Driver/Src/stm32f4xx_hal_tim_ex.o
                0x00000000080093ec                HAL_TIMEx_MasterConfigSynchronization
 .text.HAL_TIMEx_CommutCallback
                0x00000000080094c8       0x14 Drivers/STM32F4xx_HAL_Driver/Src/stm32f4xx_hal_tim_ex.o
                0x00000000080094c8                HAL_TIMEx_CommutCallback
 .text.HAL_TIMEx_BreakCallback
                0x00000000080094dc       0x14 Drivers/STM32F4xx_HAL_Driver/Src/stm32f4xx_hal_tim_ex.o
                0x00000000080094dc                HAL_TIMEx_BreakCallback
 .text.HAL_UART_Init
                0x00000000080094f0       0x9a Drivers/STM32F4xx_HAL_Driver/Src/stm32f4xx_hal_uart.o
                0x00000000080094f0                HAL_UART_Init
 *fill*         0x000000000800958a        0x2 
 .text.HAL_UART_Transmit_DMA
                0x000000000800958c       0xd8 Drivers/STM32F4xx_HAL_Driver/Src/stm32f4xx_hal_uart.o
                0x000000000800958c                HAL_UART_Transmit_DMA
 .text.HAL_UART_Receive_DMA
                0x0000000008009664       0x60 Drivers/STM32F4xx_HAL_Driver/Src/stm32f4xx_hal_uart.o
                0x0000000008009664                HAL_UART_Receive_DMA
 .text.HAL_UART_IRQHandler
                0x00000000080096c4      0x358 Drivers/STM32F4xx_HAL_Driver/Src/stm32f4xx_hal_uart.o
                0x00000000080096c4                HAL_UART_IRQHandler
 .text.HAL_UART_TxCpltCallback
                0x0000000008009a1c       0x14 Drivers/STM32F4xx_HAL_Driver/Src/stm32f4xx_hal_uart.o
                0x0000000008009a1c                HAL_UART_TxCpltCallback
 .text.HAL_UART_TxHalfCpltCallback
                0x0000000008009a30       0x14 Drivers/STM32F4xx_HAL_Driver/Src/stm32f4xx_hal_uart.o
                0x0000000008009a30                HAL_UART_TxHalfCpltCallback
 .text.HAL_UART_RxCpltCallback
                0x0000000008009a44       0x14 Drivers/STM32F4xx_HAL_Driver/Src/stm32f4xx_hal_uart.o
                0x0000000008009a44                HAL_UART_RxCpltCallback
 .text.HAL_UART_RxHalfCpltCallback
                0x0000000008009a58       0x14 Drivers/STM32F4xx_HAL_Driver/Src/stm32f4xx_hal_uart.o
                0x0000000008009a58                HAL_UART_RxHalfCpltCallback
 .text.HAL_UART_ErrorCallback
                0x0000000008009a6c       0x14 Drivers/STM32F4xx_HAL_Driver/Src/stm32f4xx_hal_uart.o
                0x0000000008009a6c                HAL_UART_ErrorCallback
 .text.HAL_UARTEx_RxEventCallback
                0x0000000008009a80       0x18 Drivers/STM32F4xx_HAL_Driver/Src/stm32f4xx_hal_uart.o
                0x0000000008009a80                HAL_UARTEx_RxEventCallback
 .text.UART_DMATransmitCplt
                0x0000000008009a98       0x52 Drivers/STM32F4xx_HAL_Driver/Src/stm32f4xx_hal_uart.o
 .text.UART_DMATxHalfCplt
                0x0000000008009aea       0x1c Drivers/STM32F4xx_HAL_Driver/Src/stm32f4xx_hal_uart.o
 .text.UART_DMAReceiveCplt
                0x0000000008009b06       0x96 Drivers/STM32F4xx_HAL_Driver/Src/stm32f4xx_hal_uart.o
 .text.UART_DMARxHalfCplt
                0x0000000008009b9c       0x36 Drivers/STM32F4xx_HAL_Driver/Src/stm32f4xx_hal_uart.o
 .text.UART_DMAError
                0x0000000008009bd2       0x94 Drivers/STM32F4xx_HAL_Driver/Src/stm32f4xx_hal_uart.o
 *fill*         0x0000000008009c66        0x2 
 .text.UART_Start_Receive_DMA
                0x0000000008009c68       0xc8 Drivers/STM32F4xx_HAL_Driver/Src/stm32f4xx_hal_uart.o
                0x0000000008009c68                UART_Start_Receive_DMA
 .text.UART_EndTxTransfer
                0x0000000008009d30       0x2c Drivers/STM32F4xx_HAL_Driver/Src/stm32f4xx_hal_uart.o
 .text.UART_EndRxTransfer
                0x0000000008009d5c       0x5a Drivers/STM32F4xx_HAL_Driver/Src/stm32f4xx_hal_uart.o
 .text.UART_DMAAbortOnError
                0x0000000008009db6       0x28 Drivers/STM32F4xx_HAL_Driver/Src/stm32f4xx_hal_uart.o
 .text.UART_Transmit_IT
                0x0000000008009dde       0xa0 Drivers/STM32F4xx_HAL_Driver/Src/stm32f4xx_hal_uart.o
 .text.UART_EndTransmit_IT
                0x0000000008009e7e       0x30 Drivers/STM32F4xx_HAL_Driver/Src/stm32f4xx_hal_uart.o
 .text.UART_Receive_IT
                0x0000000008009eae      0x12e Drivers/STM32F4xx_HAL_Driver/Src/stm32f4xx_hal_uart.o
 .text.UART_SetConfig
                0x0000000008009fdc      0x390 Drivers/STM32F4xx_HAL_Driver/Src/stm32f4xx_hal_uart.o
 .text.calloc   0x000000000800a36c       0x10 c:/st/stm32cubeide_1.5.1/stm32cubeide/plugins/com.st.stm32cube.ide.mcu.externaltools.gnu-tools-for-stm32.9-2020-q2-update.win32_1.5.0.202011040924/tools/bin/../lib/gcc/arm-none-eabi/9.3.1/../../../../arm-none-eabi/lib/thumb/v7e-m+fp/hard\libc_nano.a(lib_a-calloc.o)
                0x000000000800a36c                calloc
 .text.__errno  0x000000000800a37c        0xc c:/st/stm32cubeide_1.5.1/stm32cubeide/plugins/com.st.stm32cube.ide.mcu.externaltools.gnu-tools-for-stm32.9-2020-q2-update.win32_1.5.0.202011040924/tools/bin/../lib/gcc/arm-none-eabi/9.3.1/../../../../arm-none-eabi/lib/thumb/v7e-m+fp/hard\libc_nano.a(lib_a-errno.o)
                0x000000000800a37c                __errno
 .text.__libc_init_array
                0x000000000800a388       0x48 c:/st/stm32cubeide_1.5.1/stm32cubeide/plugins/com.st.stm32cube.ide.mcu.externaltools.gnu-tools-for-stm32.9-2020-q2-update.win32_1.5.0.202011040924/tools/bin/../lib/gcc/arm-none-eabi/9.3.1/../../../../arm-none-eabi/lib/thumb/v7e-m+fp/hard\libc_nano.a(lib_a-init.o)
                0x000000000800a388                __libc_init_array
 .text.memcpy   0x000000000800a3d0       0x1c c:/st/stm32cubeide_1.5.1/stm32cubeide/plugins/com.st.stm32cube.ide.mcu.externaltools.gnu-tools-for-stm32.9-2020-q2-update.win32_1.5.0.202011040924/tools/bin/../lib/gcc/arm-none-eabi/9.3.1/../../../../arm-none-eabi/lib/thumb/v7e-m+fp/hard\libc_nano.a(lib_a-memcpy-stub.o)
                0x000000000800a3d0                memcpy
 .text.memset   0x000000000800a3ec       0x10 c:/st/stm32cubeide_1.5.1/stm32cubeide/plugins/com.st.stm32cube.ide.mcu.externaltools.gnu-tools-for-stm32.9-2020-q2-update.win32_1.5.0.202011040924/tools/bin/../lib/gcc/arm-none-eabi/9.3.1/../../../../arm-none-eabi/lib/thumb/v7e-m+fp/hard\libc_nano.a(lib_a-memset.o)
                0x000000000800a3ec                memset
 .text._calloc_r
                0x000000000800a3fc       0x1e c:/st/stm32cubeide_1.5.1/stm32cubeide/plugins/com.st.stm32cube.ide.mcu.externaltools.gnu-tools-for-stm32.9-2020-q2-update.win32_1.5.0.202011040924/tools/bin/../lib/gcc/arm-none-eabi/9.3.1/../../../../arm-none-eabi/lib/thumb/v7e-m+fp/hard\libc_nano.a(lib_a-nano-callocr.o)
                0x000000000800a3fc                _calloc_r
 *fill*         0x000000000800a41a        0x2 
 .text._malloc_r
                0x000000000800a41c       0xb4 c:/st/stm32cubeide_1.5.1/stm32cubeide/plugins/com.st.stm32cube.ide.mcu.externaltools.gnu-tools-for-stm32.9-2020-q2-update.win32_1.5.0.202011040924/tools/bin/../lib/gcc/arm-none-eabi/9.3.1/../../../../arm-none-eabi/lib/thumb/v7e-m+fp/hard\libc_nano.a(lib_a-nano-mallocr.o)
                0x000000000800a41c                _malloc_r
 .text._sbrk_r  0x000000000800a4d0       0x20 c:/st/stm32cubeide_1.5.1/stm32cubeide/plugins/com.st.stm32cube.ide.mcu.externaltools.gnu-tools-for-stm32.9-2020-q2-update.win32_1.5.0.202011040924/tools/bin/../lib/gcc/arm-none-eabi/9.3.1/../../../../arm-none-eabi/lib/thumb/v7e-m+fp/hard\libc_nano.a(lib_a-sbrkr.o)
                0x000000000800a4d0                _sbrk_r
 .text.__malloc_lock
                0x000000000800a4f0        0xc c:/st/stm32cubeide_1.5.1/stm32cubeide/plugins/com.st.stm32cube.ide.mcu.externaltools.gnu-tools-for-stm32.9-2020-q2-update.win32_1.5.0.202011040924/tools/bin/../lib/gcc/arm-none-eabi/9.3.1/../../../../arm-none-eabi/lib/thumb/v7e-m+fp/hard\libc_nano.a(lib_a-mlock.o)
                0x000000000800a4f0                __malloc_lock
 .text.__malloc_unlock
                0x000000000800a4fc        0xc c:/st/stm32cubeide_1.5.1/stm32cubeide/plugins/com.st.stm32cube.ide.mcu.externaltools.gnu-tools-for-stm32.9-2020-q2-update.win32_1.5.0.202011040924/tools/bin/../lib/gcc/arm-none-eabi/9.3.1/../../../../arm-none-eabi/lib/thumb/v7e-m+fp/hard\libc_nano.a(lib_a-mlock.o)
                0x000000000800a4fc                __malloc_unlock
 .text.__retarget_lock_acquire_recursive
                0x000000000800a508        0x2 c:/st/stm32cubeide_1.5.1/stm32cubeide/plugins/com.st.stm32cube.ide.mcu.externaltools.gnu-tools-for-stm32.9-2020-q2-update.win32_1.5.0.202011040924/tools/bin/../lib/gcc/arm-none-eabi/9.3.1/../../../../arm-none-eabi/lib/thumb/v7e-m+fp/hard\libc_nano.a(lib_a-lock.o)
                0x000000000800a508                __retarget_lock_acquire_recursive
 .text.__retarget_lock_release_recursive
                0x000000000800a50a        0x2 c:/st/stm32cubeide_1.5.1/stm32cubeide/plugins/com.st.stm32cube.ide.mcu.externaltools.gnu-tools-for-stm32.9-2020-q2-update.win32_1.5.0.202011040924/tools/bin/../lib/gcc/arm-none-eabi/9.3.1/../../../../arm-none-eabi/lib/thumb/v7e-m+fp/hard\libc_nano.a(lib_a-lock.o)
                0x000000000800a50a                __retarget_lock_release_recursive
 .text.sqrt     0x000000000800a50c       0x68 c:/st/stm32cubeide_1.5.1/stm32cubeide/plugins/com.st.stm32cube.ide.mcu.externaltools.gnu-tools-for-stm32.9-2020-q2-update.win32_1.5.0.202011040924/tools/bin/../lib/gcc/arm-none-eabi/9.3.1/../../../../arm-none-eabi/lib/thumb/v7e-m+fp/hard\libm.a(lib_a-w_sqrt.o)
                0x000000000800a50c                sqrt
 .text.__ieee754_sqrt
                0x000000000800a574      0x168 c:/st/stm32cubeide_1.5.1/stm32cubeide/plugins/com.st.stm32cube.ide.mcu.externaltools.gnu-tools-for-stm32.9-2020-q2-update.win32_1.5.0.202011040924/tools/bin/../lib/gcc/arm-none-eabi/9.3.1/../../../../arm-none-eabi/lib/thumb/v7e-m+fp/hard\libm.a(lib_a-e_sqrt.o)
                0x000000000800a574                __ieee754_sqrt
 *(.glue_7)
 .glue_7        0x000000000800a6dc        0x0 linker stubs
 *(.glue_7t)
 .glue_7t       0x000000000800a6dc        0x0 linker stubs
 *(.eh_frame)
 .eh_frame      0x000000000800a6dc        0x0 c:/st/stm32cubeide_1.5.1/stm32cubeide/plugins/com.st.stm32cube.ide.mcu.externaltools.gnu-tools-for-stm32.9-2020-q2-update.win32_1.5.0.202011040924/tools/bin/../lib/gcc/arm-none-eabi/9.3.1/thumb/v7e-m+fp/hard/crtbegin.o
 *(.init)
 .init          0x000000000800a6dc        0x4 c:/st/stm32cubeide_1.5.1/stm32cubeide/plugins/com.st.stm32cube.ide.mcu.externaltools.gnu-tools-for-stm32.9-2020-q2-update.win32_1.5.0.202011040924/tools/bin/../lib/gcc/arm-none-eabi/9.3.1/thumb/v7e-m+fp/hard/crti.o
                0x000000000800a6dc                _init
 .init          0x000000000800a6e0        0x8 c:/st/stm32cubeide_1.5.1/stm32cubeide/plugins/com.st.stm32cube.ide.mcu.externaltools.gnu-tools-for-stm32.9-2020-q2-update.win32_1.5.0.202011040924/tools/bin/../lib/gcc/arm-none-eabi/9.3.1/thumb/v7e-m+fp/hard/crtn.o
 *(.fini)
 .fini          0x000000000800a6e8        0x4 c:/st/stm32cubeide_1.5.1/stm32cubeide/plugins/com.st.stm32cube.ide.mcu.externaltools.gnu-tools-for-stm32.9-2020-q2-update.win32_1.5.0.202011040924/tools/bin/../lib/gcc/arm-none-eabi/9.3.1/thumb/v7e-m+fp/hard/crti.o
                0x000000000800a6e8                _fini
 .fini          0x000000000800a6ec        0x8 c:/st/stm32cubeide_1.5.1/stm32cubeide/plugins/com.st.stm32cube.ide.mcu.externaltools.gnu-tools-for-stm32.9-2020-q2-update.win32_1.5.0.202011040924/tools/bin/../lib/gcc/arm-none-eabi/9.3.1/thumb/v7e-m+fp/hard/crtn.o
                0x000000000800a6f4                . = ALIGN (0x4)
                0x000000000800a6f4                _etext = .

.vfp11_veneer   0x000000000800a6f4        0x0
 .vfp11_veneer  0x000000000800a6f4        0x0 linker stubs

.v4_bx          0x000000000800a6f4        0x0
 .v4_bx         0x000000000800a6f4        0x0 linker stubs

.iplt           0x000000000800a6f4        0x0
 .iplt          0x000000000800a6f4        0x0 c:/st/stm32cubeide_1.5.1/stm32cubeide/plugins/com.st.stm32cube.ide.mcu.externaltools.gnu-tools-for-stm32.9-2020-q2-update.win32_1.5.0.202011040924/tools/bin/../lib/gcc/arm-none-eabi/9.3.1/thumb/v7e-m+fp/hard/crtbegin.o

.rodata         0x000000000800a6f4       0x38
                0x000000000800a6f4                . = ALIGN (0x4)
 *(.rodata)
 .rodata        0x000000000800a6f4       0x16 Core/Src/main.o
 *(.rodata*)
 *fill*         0x000000000800a70a        0x2 
 .rodata.AHBPrescTable
                0x000000000800a70c       0x10 Core/Src/system_stm32f4xx.o
                0x000000000800a70c                AHBPrescTable
 .rodata.APBPrescTable
                0x000000000800a71c        0x8 Core/Src/system_stm32f4xx.o
                0x000000000800a71c                APBPrescTable
 .rodata.flagBitshiftOffset.8403
                0x000000000800a724        0x8 Drivers/STM32F4xx_HAL_Driver/Src/stm32f4xx_hal_dma.o
                0x000000000800a72c                . = ALIGN (0x4)

.ARM.extab      0x000000000800a72c        0x0
                0x000000000800a72c                . = ALIGN (0x4)
 *(.ARM.extab* .gnu.linkonce.armextab.*)
                0x000000000800a72c                . = ALIGN (0x4)

.ARM            0x000000000800a72c        0x8
                0x000000000800a72c                . = ALIGN (0x4)
                0x000000000800a72c                __exidx_start = .
 *(.ARM.exidx*)
 .ARM.exidx     0x000000000800a72c        0x8 c:/st/stm32cubeide_1.5.1/stm32cubeide/plugins/com.st.stm32cube.ide.mcu.externaltools.gnu-tools-for-stm32.9-2020-q2-update.win32_1.5.0.202011040924/tools/bin/../lib/gcc/arm-none-eabi/9.3.1/thumb/v7e-m+fp/hard\libgcc.a(_udivmoddi4.o)
                0x000000000800a734                __exidx_end = .
                0x000000000800a734                . = ALIGN (0x4)

.rel.dyn        0x000000000800a734        0x0
 .rel.iplt      0x000000000800a734        0x0 c:/st/stm32cubeide_1.5.1/stm32cubeide/plugins/com.st.stm32cube.ide.mcu.externaltools.gnu-tools-for-stm32.9-2020-q2-update.win32_1.5.0.202011040924/tools/bin/../lib/gcc/arm-none-eabi/9.3.1/thumb/v7e-m+fp/hard/crtbegin.o

.preinit_array  0x000000000800a734        0x0
                0x000000000800a734                . = ALIGN (0x4)
                0x000000000800a734                PROVIDE (__preinit_array_start = .)
 *(.preinit_array*)
                0x000000000800a734                PROVIDE (__preinit_array_end = .)
                0x000000000800a734                . = ALIGN (0x4)

.init_array     0x000000000800a734        0x4
                0x000000000800a734                . = ALIGN (0x4)
                0x000000000800a734                PROVIDE (__init_array_start = .)
 *(SORT_BY_NAME(.init_array.*))
 *(.init_array*)
 .init_array    0x000000000800a734        0x4 c:/st/stm32cubeide_1.5.1/stm32cubeide/plugins/com.st.stm32cube.ide.mcu.externaltools.gnu-tools-for-stm32.9-2020-q2-update.win32_1.5.0.202011040924/tools/bin/../lib/gcc/arm-none-eabi/9.3.1/thumb/v7e-m+fp/hard/crtbegin.o
                0x000000000800a738                PROVIDE (__init_array_end = .)
                0x000000000800a738                . = ALIGN (0x4)

.fini_array     0x000000000800a738        0x4
                0x000000000800a738                . = ALIGN (0x4)
                [!provide]                        PROVIDE (__fini_array_start = .)
 *(SORT_BY_NAME(.fini_array.*))
 *(.fini_array*)
 .fini_array    0x000000000800a738        0x4 c:/st/stm32cubeide_1.5.1/stm32cubeide/plugins/com.st.stm32cube.ide.mcu.externaltools.gnu-tools-for-stm32.9-2020-q2-update.win32_1.5.0.202011040924/tools/bin/../lib/gcc/arm-none-eabi/9.3.1/thumb/v7e-m+fp/hard/crtbegin.o
                [!provide]                        PROVIDE (__fini_array_end = .)
                0x000000000800a73c                . = ALIGN (0x4)
                0x000000000800a73c                _sidata = LOADADDR (.data)

.data           0x0000000020000000       0x8c load address 0x000000000800a73c
                0x0000000020000000                . = ALIGN (0x4)
                0x0000000020000000                _sdata = .
 *(.data)
 *(.data*)
 .data.StationPos
                0x0000000020000000       0x14 Core/Src/main.o
                0x0000000020000000                StationPos
 .data.GripperEnable
                0x0000000020000014        0x1 Core/Src/main.o
                0x0000000020000014                GripperEnable
 .data.AcceptableError
                0x0000000020000015        0x1 Core/Src/main.o
                0x0000000020000015                AcceptableError
 .data.EndeffectorTestMode
                0x0000000020000016        0x1 Core/Src/main.o
                0x0000000020000016                EndeffectorTestMode
 *fill*         0x0000000020000017        0x1 
 .data.SystemCoreClock
                0x0000000020000018        0x4 Core/Src/system_stm32f4xx.o
                0x0000000020000018                SystemCoreClock
 .data.uwTickPrio
                0x000000002000001c        0x4 Drivers/STM32F4xx_HAL_Driver/Src/stm32f4xx_hal.o
                0x000000002000001c                uwTickPrio
 .data.uwTickFreq
                0x0000000020000020        0x1 Drivers/STM32F4xx_HAL_Driver/Src/stm32f4xx_hal.o
                0x0000000020000020                uwTickFreq
 *fill*         0x0000000020000021        0x3 
 .data._impure_ptr
                0x0000000020000024        0x4 c:/st/stm32cubeide_1.5.1/stm32cubeide/plugins/com.st.stm32cube.ide.mcu.externaltools.gnu-tools-for-stm32.9-2020-q2-update.win32_1.5.0.202011040924/tools/bin/../lib/gcc/arm-none-eabi/9.3.1/../../../../arm-none-eabi/lib/thumb/v7e-m+fp/hard\libc_nano.a(lib_a-impure.o)
                0x0000000020000024                _impure_ptr
 .data.impure_data
                0x0000000020000028       0x60 c:/st/stm32cubeide_1.5.1/stm32cubeide/plugins/com.st.stm32cube.ide.mcu.externaltools.gnu-tools-for-stm32.9-2020-q2-update.win32_1.5.0.202011040924/tools/bin/../lib/gcc/arm-none-eabi/9.3.1/../../../../arm-none-eabi/lib/thumb/v7e-m+fp/hard\libc_nano.a(lib_a-impure.o)
 .data.__fdlib_version
                0x0000000020000088        0x1 c:/st/stm32cubeide_1.5.1/stm32cubeide/plugins/com.st.stm32cube.ide.mcu.externaltools.gnu-tools-for-stm32.9-2020-q2-update.win32_1.5.0.202011040924/tools/bin/../lib/gcc/arm-none-eabi/9.3.1/../../../../arm-none-eabi/lib/thumb/v7e-m+fp/hard\libm.a(lib_a-s_lib_ver.o)
                0x0000000020000088                __fdlib_version
 *(.RamFunc)
 *(.RamFunc*)
                0x000000002000008c                . = ALIGN (0x4)
 *fill*         0x0000000020000089        0x3 
                0x000000002000008c                _edata = .

.igot.plt       0x000000002000008c        0x0 load address 0x000000000800a7c8
 .igot.plt      0x000000002000008c        0x0 c:/st/stm32cubeide_1.5.1/stm32cubeide/plugins/com.st.stm32cube.ide.mcu.externaltools.gnu-tools-for-stm32.9-2020-q2-update.win32_1.5.0.202011040924/tools/bin/../lib/gcc/arm-none-eabi/9.3.1/thumb/v7e-m+fp/hard/crtbegin.o
                0x000000002000008c                . = ALIGN (0x4)

.bss            0x0000000020000090      0x6a4 load address 0x000000000800a7c8
                0x0000000020000090                _sbss = .
                0x0000000020000090                __bss_start__ = _sbss
 *(.bss)
 .bss           0x0000000020000090       0x1c c:/st/stm32cubeide_1.5.1/stm32cubeide/plugins/com.st.stm32cube.ide.mcu.externaltools.gnu-tools-for-stm32.9-2020-q2-update.win32_1.5.0.202011040924/tools/bin/../lib/gcc/arm-none-eabi/9.3.1/thumb/v7e-m+fp/hard/crtbegin.o
 *(.bss*)
 .bss.pidSetZeroFlag
                0x00000000200000ac        0x1 Core/Src/main.o
                0x00000000200000ac                pidSetZeroFlag
 *fill*         0x00000000200000ad        0x3 
 .bss._micros   0x00000000200000b0        0x8 Core/Src/main.o
                0x00000000200000b0                _micros
 .bss.UART2     0x00000000200000b8       0x18 Core/Src/main.o
                0x00000000200000b8                UART2
 .bss.DCMotorStruc
                0x00000000200000d0        0x8 Core/Src/main.o
                0x00000000200000d0                DCMotorStruc
 .bss.Munmunbot_Protocol_State
                0x00000000200000d8        0x1 Core/Src/main.o
                0x00000000200000d8                Munmunbot_Protocol_State
 .bss.Munmunbot_State
                0x00000000200000d9        0x1 Core/Src/main.o
                0x00000000200000d9                Munmunbot_State
 .bss.SethomeMode
                0x00000000200000da        0x1 Core/Src/main.o
                0x00000000200000da                SethomeMode
 *fill*         0x00000000200000db        0x1 
 .bss.Angularpos_InputArray
                0x00000000200000dc       0xff Core/Src/main.o
                0x00000000200000dc                Angularpos_InputArray
 *fill*         0x00000000200001db        0x1 
 .bss.Angularpos_InputNumber
                0x00000000200001dc        0x2 Core/Src/main.o
                0x00000000200001dc                Angularpos_InputNumber
 .bss.MovingLinkMode
                0x00000000200001de        0x1 Core/Src/main.o
                0x00000000200001de                MovingLinkMode
 .bss.Current_Station
                0x00000000200001df        0x1 Core/Src/main.o
                0x00000000200001df                Current_Station
 .bss.NumberOfStationToGo
                0x00000000200001e0        0x1 Core/Src/main.o
                0x00000000200001e0                NumberOfStationToGo
 .bss.NumberOfStationPTR
                0x00000000200001e1        0x1 Core/Src/main.o
                0x00000000200001e1                NumberOfStationPTR
 *fill*         0x00000000200001e2        0x2 
 .bss.Plant_input
                0x00000000200001e4        0x4 Core/Src/main.o
                0x00000000200001e4                Plant_input
 .bss.Moving_Link_Task_Flag
                0x00000000200001e8        0x1 Core/Src/main.o
                0x00000000200001e8                Moving_Link_Task_Flag
 .bss.sethomeTrigger
                0x00000000200001e9        0x1 Core/Src/main.o
                0x00000000200001e9                sethomeTrigger
 .bss.GripperState
                0x00000000200001ea        0x1 Core/Src/main.o
                0x00000000200001ea                GripperState
 *fill*         0x00000000200001eb        0x1 
 .bss.GripperStatus
                0x00000000200001ec        0x1 Core/Src/main.o
                0x00000000200001ec                GripperStatus
 *fill*         0x00000000200001ed        0x3 
 .bss.Timestamp_Gripper
                0x00000000200001f0        0x8 Core/Src/main.o
                0x00000000200001f0                Timestamp_Gripper
 .bss.StabilizePosition
                0x00000000200001f8        0x4 Core/Src/main.o
                0x00000000200001f8                StabilizePosition
 *fill*         0x00000000200001fc        0x4 
 .bss.Verified_Timestamp
                0x0000000020000200        0x8 Core/Src/main.o
                0x0000000020000200                Verified_Timestamp
 .bss.PositionPIDController
                0x0000000020000208       0x40 Core/Src/main.o
                0x0000000020000208                PositionPIDController
 .bss.VelocityPIDController
                0x0000000020000248       0x40 Core/Src/main.o
                0x0000000020000248                VelocityPIDController
 .bss.PureVelocityPIDController
                0x0000000020000288       0x40 Core/Src/main.o
                0x0000000020000288                PureVelocityPIDController
 .bss.StabilizerPIDController
                0x00000000200002c8       0x40 Core/Src/main.o
                0x00000000200002c8                StabilizerPIDController
 .bss.TrjStruc  0x0000000020000308       0x90 Core/Src/main.o
                0x0000000020000308                TrjStruc
 .bss.CUSSStruc
                0x0000000020000398        0xc Core/Src/main.o
                0x0000000020000398                CUSSStruc
 .bss.PIDTunerMode
                0x00000000200003a4        0x1 Core/Src/main.o
                0x00000000200003a4                PIDTunerMode
 *fill*         0x00000000200003a5        0x3 
 .bss.EstimatedAngularAcceration
                0x00000000200003a8        0x4 Core/Src/main.o
                0x00000000200003a8                EstimatedAngularAcceration
 *fill*         0x00000000200003ac        0x4 
 .bss.Timestamp_EndEffectorDebug
                0x00000000200003b0        0x8 Core/Src/main.o
                0x00000000200003b0                Timestamp_EndEffectorDebug
 .bss.EncoderLastTimestamp.10702
                0x00000000200003b8        0x8 Core/Src/main.o
 .bss.EncoderLastPosition.10701
                0x00000000200003c0        0x4 Core/Src/main.o
 .bss.Velocity_Output.10704
                0x00000000200003c4        0x4 Core/Src/main.o
 .bss.EncoderLastVelocity.10703
                0x00000000200003c8        0x4 Core/Src/main.o
 .bss.Acceration_Output.10705
                0x00000000200003cc        0x4 Core/Src/main.o
 .bss.MultiProcessBlocker.10777
                0x00000000200003d0        0x1 Core/Src/main.o
 *fill*         0x00000000200003d1        0x3 
 .bss.CheckSum.10808
                0x00000000200003d4        0x4 Core/Src/main.o
 .bss.ProtocolMode.10804
                0x00000000200003d8        0x1 Core/Src/main.o
 *fill*         0x00000000200003d9        0x1 
 .bss.Data_HAck.10807
                0x00000000200003da        0x2 Core/Src/main.o
 .bss.parameter.10805
                0x00000000200003dc      0x100 Core/Src/main.o
 .bss.n_station.10802
                0x00000000200004dc        0x2 Core/Src/main.o
 .bss.n_station_mem.10803
                0x00000000200004de        0x2 Core/Src/main.o
 .bss.parameter_ptr.10806
                0x00000000200004e0        0x1 Core/Src/main.o
 *fill*         0x00000000200004e1        0x1 
 .bss.DataForReturn.10809
                0x00000000200004e2        0x2 Core/Src/main.o
 .bss.__sbrk_heap_end
                0x00000000200004e4        0x4 Core/Src/sysmem.o
 .bss.__malloc_free_list
                0x00000000200004e8        0x4 c:/st/stm32cubeide_1.5.1/stm32cubeide/plugins/com.st.stm32cube.ide.mcu.externaltools.gnu-tools-for-stm32.9-2020-q2-update.win32_1.5.0.202011040924/tools/bin/../lib/gcc/arm-none-eabi/9.3.1/../../../../arm-none-eabi/lib/thumb/v7e-m+fp/hard\libc_nano.a(lib_a-nano-mallocr.o)
                0x00000000200004e8                __malloc_free_list
 .bss.__malloc_sbrk_start
                0x00000000200004ec        0x4 c:/st/stm32cubeide_1.5.1/stm32cubeide/plugins/com.st.stm32cube.ide.mcu.externaltools.gnu-tools-for-stm32.9-2020-q2-update.win32_1.5.0.202011040924/tools/bin/../lib/gcc/arm-none-eabi/9.3.1/../../../../arm-none-eabi/lib/thumb/v7e-m+fp/hard\libc_nano.a(lib_a-nano-mallocr.o)
                0x00000000200004ec                __malloc_sbrk_start
 *(COMMON)
 COMMON         0x00000000200004f0      0x230 Core/Src/main.o
                0x00000000200004f0                hdma_usart2_rx
                0x0000000020000550                hi2c1
                0x00000000200005a4                htim3
                0x00000000200005ec                hdma_usart2_tx
                0x000000002000064c                htim1
                0x0000000020000694                htim2
                0x00000000200006dc                huart2
 COMMON         0x0000000020000720        0x4 Drivers/STM32F4xx_HAL_Driver/Src/stm32f4xx_hal.o
                0x0000000020000720                uwTick
 COMMON         0x0000000020000724        0x4 c:/st/stm32cubeide_1.5.1/stm32cubeide/plugins/com.st.stm32cube.ide.mcu.externaltools.gnu-tools-for-stm32.9-2020-q2-update.win32_1.5.0.202011040924/tools/bin/../lib/gcc/arm-none-eabi/9.3.1/../../../../arm-none-eabi/lib/thumb/v7e-m+fp/hard\libc_nano.a(lib_a-reent.o)
                0x0000000020000724                errno
 COMMON         0x0000000020000728        0x9 c:/st/stm32cubeide_1.5.1/stm32cubeide/plugins/com.st.stm32cube.ide.mcu.externaltools.gnu-tools-for-stm32.9-2020-q2-update.win32_1.5.0.202011040924/tools/bin/../lib/gcc/arm-none-eabi/9.3.1/../../../../arm-none-eabi/lib/thumb/v7e-m+fp/hard\libc_nano.a(lib_a-lock.o)
                0x0000000020000728                __lock___atexit_recursive_mutex
                0x0000000020000729                __lock___arc4random_mutex
                0x000000002000072a                __lock___env_recursive_mutex
                0x000000002000072b                __lock___sinit_recursive_mutex
                0x000000002000072c                __lock___malloc_recursive_mutex
                0x000000002000072d                __lock___at_quick_exit_mutex
                0x000000002000072e                __lock___dd_hash_mutex
                0x000000002000072f                __lock___tz_mutex
                0x0000000020000730                __lock___sfp_recursive_mutex
                0x0000000020000734                . = ALIGN (0x4)
 *fill*         0x0000000020000731        0x3 
                0x0000000020000734                _ebss = .
                0x0000000020000734                __bss_end__ = _ebss

._user_heap_stack
                0x0000000020000734      0x604 load address 0x000000000800a7c8
                0x0000000020000738                . = ALIGN (0x8)
 *fill*         0x0000000020000734        0x4 
                [!provide]                        PROVIDE (end = .)
                0x0000000020000738                PROVIDE (_end = .)
                0x0000000020000938                . = (. + _Min_Heap_Size)
 *fill*         0x0000000020000738      0x200 
                0x0000000020000d38                . = (. + _Min_Stack_Size)
 *fill*         0x0000000020000938      0x400 
                0x0000000020000d38                . = ALIGN (0x8)

/DISCARD/
 libc.a(*)
 libm.a(*)
 libgcc.a(*)

.ARM.attributes
                0x0000000000000000       0x30
 *(.ARM.attributes)
 .ARM.attributes
                0x0000000000000000       0x1e c:/st/stm32cubeide_1.5.1/stm32cubeide/plugins/com.st.stm32cube.ide.mcu.externaltools.gnu-tools-for-stm32.9-2020-q2-update.win32_1.5.0.202011040924/tools/bin/../lib/gcc/arm-none-eabi/9.3.1/thumb/v7e-m+fp/hard/crti.o
 .ARM.attributes
                0x000000000000001e       0x34 c:/st/stm32cubeide_1.5.1/stm32cubeide/plugins/com.st.stm32cube.ide.mcu.externaltools.gnu-tools-for-stm32.9-2020-q2-update.win32_1.5.0.202011040924/tools/bin/../lib/gcc/arm-none-eabi/9.3.1/thumb/v7e-m+fp/hard/crtbegin.o
 .ARM.attributes
                0x0000000000000052       0x34 Core/Src/main.o
 .ARM.attributes
                0x0000000000000086       0x34 Core/Src/stm32f4xx_hal_msp.o
 .ARM.attributes
                0x00000000000000ba       0x34 Core/Src/stm32f4xx_it.o
 .ARM.attributes
                0x00000000000000ee       0x34 Core/Src/sysmem.o
 .ARM.attributes
                0x0000000000000122       0x34 Core/Src/system_stm32f4xx.o
 .ARM.attributes
                0x0000000000000156       0x21 Core/Startup/startup_stm32f411retx.o
 .ARM.attributes
                0x0000000000000177       0x34 Drivers/STM32F4xx_HAL_Driver/Src/stm32f4xx_hal.o
 .ARM.attributes
                0x00000000000001ab       0x34 Drivers/STM32F4xx_HAL_Driver/Src/stm32f4xx_hal_cortex.o
 .ARM.attributes
                0x00000000000001df       0x34 Drivers/STM32F4xx_HAL_Driver/Src/stm32f4xx_hal_dma.o
 .ARM.attributes
                0x0000000000000213       0x34 Drivers/STM32F4xx_HAL_Driver/Src/stm32f4xx_hal_gpio.o
 .ARM.attributes
                0x0000000000000247       0x34 Drivers/STM32F4xx_HAL_Driver/Src/stm32f4xx_hal_i2c.o
 .ARM.attributes
                0x000000000000027b       0x34 Drivers/STM32F4xx_HAL_Driver/Src/stm32f4xx_hal_rcc.o
 .ARM.attributes
                0x00000000000002af       0x34 Drivers/STM32F4xx_HAL_Driver/Src/stm32f4xx_hal_tim.o
 .ARM.attributes
                0x00000000000002e3       0x34 Drivers/STM32F4xx_HAL_Driver/Src/stm32f4xx_hal_tim_ex.o
 .ARM.attributes
                0x0000000000000317       0x34 Drivers/STM32F4xx_HAL_Driver/Src/stm32f4xx_hal_uart.o
 .ARM.attributes
                0x000000000000034b       0x34 c:/st/stm32cubeide_1.5.1/stm32cubeide/plugins/com.st.stm32cube.ide.mcu.externaltools.gnu-tools-for-stm32.9-2020-q2-update.win32_1.5.0.202011040924/tools/bin/../lib/gcc/arm-none-eabi/9.3.1/../../../../arm-none-eabi/lib/thumb/v7e-m+fp/hard\libc_nano.a(lib_a-calloc.o)
 .ARM.attributes
                0x000000000000037f       0x34 c:/st/stm32cubeide_1.5.1/stm32cubeide/plugins/com.st.stm32cube.ide.mcu.externaltools.gnu-tools-for-stm32.9-2020-q2-update.win32_1.5.0.202011040924/tools/bin/../lib/gcc/arm-none-eabi/9.3.1/../../../../arm-none-eabi/lib/thumb/v7e-m+fp/hard\libc_nano.a(lib_a-errno.o)
 .ARM.attributes
                0x00000000000003b3       0x32 c:/st/stm32cubeide_1.5.1/stm32cubeide/plugins/com.st.stm32cube.ide.mcu.externaltools.gnu-tools-for-stm32.9-2020-q2-update.win32_1.5.0.202011040924/tools/bin/../lib/gcc/arm-none-eabi/9.3.1/../../../../arm-none-eabi/lib/thumb/v7e-m+fp/hard\libc_nano.a(lib_a-impure.o)
 .ARM.attributes
                0x00000000000003e5       0x34 c:/st/stm32cubeide_1.5.1/stm32cubeide/plugins/com.st.stm32cube.ide.mcu.externaltools.gnu-tools-for-stm32.9-2020-q2-update.win32_1.5.0.202011040924/tools/bin/../lib/gcc/arm-none-eabi/9.3.1/../../../../arm-none-eabi/lib/thumb/v7e-m+fp/hard\libc_nano.a(lib_a-init.o)
 .ARM.attributes
                0x0000000000000419       0x34 c:/st/stm32cubeide_1.5.1/stm32cubeide/plugins/com.st.stm32cube.ide.mcu.externaltools.gnu-tools-for-stm32.9-2020-q2-update.win32_1.5.0.202011040924/tools/bin/../lib/gcc/arm-none-eabi/9.3.1/../../../../arm-none-eabi/lib/thumb/v7e-m+fp/hard\libc_nano.a(lib_a-memcpy-stub.o)
 .ARM.attributes
                0x000000000000044d       0x34 c:/st/stm32cubeide_1.5.1/stm32cubeide/plugins/com.st.stm32cube.ide.mcu.externaltools.gnu-tools-for-stm32.9-2020-q2-update.win32_1.5.0.202011040924/tools/bin/../lib/gcc/arm-none-eabi/9.3.1/../../../../arm-none-eabi/lib/thumb/v7e-m+fp/hard\libc_nano.a(lib_a-memset.o)
 .ARM.attributes
                0x0000000000000481       0x34 c:/st/stm32cubeide_1.5.1/stm32cubeide/plugins/com.st.stm32cube.ide.mcu.externaltools.gnu-tools-for-stm32.9-2020-q2-update.win32_1.5.0.202011040924/tools/bin/../lib/gcc/arm-none-eabi/9.3.1/../../../../arm-none-eabi/lib/thumb/v7e-m+fp/hard\libc_nano.a(lib_a-nano-callocr.o)
 .ARM.attributes
                0x00000000000004b5       0x34 c:/st/stm32cubeide_1.5.1/stm32cubeide/plugins/com.st.stm32cube.ide.mcu.externaltools.gnu-tools-for-stm32.9-2020-q2-update.win32_1.5.0.202011040924/tools/bin/../lib/gcc/arm-none-eabi/9.3.1/../../../../arm-none-eabi/lib/thumb/v7e-m+fp/hard\libc_nano.a(lib_a-nano-mallocr.o)
 .ARM.attributes
                0x00000000000004e9       0x34 c:/st/stm32cubeide_1.5.1/stm32cubeide/plugins/com.st.stm32cube.ide.mcu.externaltools.gnu-tools-for-stm32.9-2020-q2-update.win32_1.5.0.202011040924/tools/bin/../lib/gcc/arm-none-eabi/9.3.1/../../../../arm-none-eabi/lib/thumb/v7e-m+fp/hard\libc_nano.a(lib_a-sbrkr.o)
 .ARM.attributes
                0x000000000000051d       0x34 c:/st/stm32cubeide_1.5.1/stm32cubeide/plugins/com.st.stm32cube.ide.mcu.externaltools.gnu-tools-for-stm32.9-2020-q2-update.win32_1.5.0.202011040924/tools/bin/../lib/gcc/arm-none-eabi/9.3.1/../../../../arm-none-eabi/lib/thumb/v7e-m+fp/hard\libc_nano.a(lib_a-mlock.o)
 .ARM.attributes
                0x0000000000000551       0x34 c:/st/stm32cubeide_1.5.1/stm32cubeide/plugins/com.st.stm32cube.ide.mcu.externaltools.gnu-tools-for-stm32.9-2020-q2-update.win32_1.5.0.202011040924/tools/bin/../lib/gcc/arm-none-eabi/9.3.1/../../../../arm-none-eabi/lib/thumb/v7e-m+fp/hard\libc_nano.a(lib_a-reent.o)
 .ARM.attributes
                0x0000000000000585       0x34 c:/st/stm32cubeide_1.5.1/stm32cubeide/plugins/com.st.stm32cube.ide.mcu.externaltools.gnu-tools-for-stm32.9-2020-q2-update.win32_1.5.0.202011040924/tools/bin/../lib/gcc/arm-none-eabi/9.3.1/../../../../arm-none-eabi/lib/thumb/v7e-m+fp/hard\libc_nano.a(lib_a-lock.o)
 .ARM.attributes
                0x00000000000005b9       0x34 c:/st/stm32cubeide_1.5.1/stm32cubeide/plugins/com.st.stm32cube.ide.mcu.externaltools.gnu-tools-for-stm32.9-2020-q2-update.win32_1.5.0.202011040924/tools/bin/../lib/gcc/arm-none-eabi/9.3.1/../../../../arm-none-eabi/lib/thumb/v7e-m+fp/hard\libm.a(lib_a-w_sqrt.o)
 .ARM.attributes
                0x00000000000005ed       0x34 c:/st/stm32cubeide_1.5.1/stm32cubeide/plugins/com.st.stm32cube.ide.mcu.externaltools.gnu-tools-for-stm32.9-2020-q2-update.win32_1.5.0.202011040924/tools/bin/../lib/gcc/arm-none-eabi/9.3.1/../../../../arm-none-eabi/lib/thumb/v7e-m+fp/hard\libm.a(lib_a-e_sqrt.o)
 .ARM.attributes
                0x0000000000000621       0x32 c:/st/stm32cubeide_1.5.1/stm32cubeide/plugins/com.st.stm32cube.ide.mcu.externaltools.gnu-tools-for-stm32.9-2020-q2-update.win32_1.5.0.202011040924/tools/bin/../lib/gcc/arm-none-eabi/9.3.1/../../../../arm-none-eabi/lib/thumb/v7e-m+fp/hard\libm.a(lib_a-s_lib_ver.o)
 .ARM.attributes
                0x0000000000000653       0x1e c:/st/stm32cubeide_1.5.1/stm32cubeide/plugins/com.st.stm32cube.ide.mcu.externaltools.gnu-tools-for-stm32.9-2020-q2-update.win32_1.5.0.202011040924/tools/bin/../lib/gcc/arm-none-eabi/9.3.1/thumb/v7e-m+fp/hard\libgcc.a(_arm_addsubdf3.o)
 .ARM.attributes
                0x0000000000000671       0x1e c:/st/stm32cubeide_1.5.1/stm32cubeide/plugins/com.st.stm32cube.ide.mcu.externaltools.gnu-tools-for-stm32.9-2020-q2-update.win32_1.5.0.202011040924/tools/bin/../lib/gcc/arm-none-eabi/9.3.1/thumb/v7e-m+fp/hard\libgcc.a(_arm_muldivdf3.o)
 .ARM.attributes
                0x000000000000068f       0x1e c:/st/stm32cubeide_1.5.1/stm32cubeide/plugins/com.st.stm32cube.ide.mcu.externaltools.gnu-tools-for-stm32.9-2020-q2-update.win32_1.5.0.202011040924/tools/bin/../lib/gcc/arm-none-eabi/9.3.1/thumb/v7e-m+fp/hard\libgcc.a(_arm_cmpdf2.o)
 .ARM.attributes
                0x00000000000006ad       0x1e c:/st/stm32cubeide_1.5.1/stm32cubeide/plugins/com.st.stm32cube.ide.mcu.externaltools.gnu-tools-for-stm32.9-2020-q2-update.win32_1.5.0.202011040924/tools/bin/../lib/gcc/arm-none-eabi/9.3.1/thumb/v7e-m+fp/hard\libgcc.a(_arm_unorddf2.o)
 .ARM.attributes
                0x00000000000006cb       0x1e c:/st/stm32cubeide_1.5.1/stm32cubeide/plugins/com.st.stm32cube.ide.mcu.externaltools.gnu-tools-for-stm32.9-2020-q2-update.win32_1.5.0.202011040924/tools/bin/../lib/gcc/arm-none-eabi/9.3.1/thumb/v7e-m+fp/hard\libgcc.a(_arm_fixunsdfsi.o)
 .ARM.attributes
                0x00000000000006e9       0x1e c:/st/stm32cubeide_1.5.1/stm32cubeide/plugins/com.st.stm32cube.ide.mcu.externaltools.gnu-tools-for-stm32.9-2020-q2-update.win32_1.5.0.202011040924/tools/bin/../lib/gcc/arm-none-eabi/9.3.1/thumb/v7e-m+fp/hard\libgcc.a(_arm_truncdfsf2.o)
 .ARM.attributes
                0x0000000000000707       0x1e c:/st/stm32cubeide_1.5.1/stm32cubeide/plugins/com.st.stm32cube.ide.mcu.externaltools.gnu-tools-for-stm32.9-2020-q2-update.win32_1.5.0.202011040924/tools/bin/../lib/gcc/arm-none-eabi/9.3.1/thumb/v7e-m+fp/hard\libgcc.a(_arm_addsubsf3.o)
 .ARM.attributes
                0x0000000000000725       0x1e c:/st/stm32cubeide_1.5.1/stm32cubeide/plugins/com.st.stm32cube.ide.mcu.externaltools.gnu-tools-for-stm32.9-2020-q2-update.win32_1.5.0.202011040924/tools/bin/../lib/gcc/arm-none-eabi/9.3.1/thumb/v7e-m+fp/hard\libgcc.a(_aeabi_uldivmod.o)
 .ARM.attributes
                0x0000000000000743       0x34 c:/st/stm32cubeide_1.5.1/stm32cubeide/plugins/com.st.stm32cube.ide.mcu.externaltools.gnu-tools-for-stm32.9-2020-q2-update.win32_1.5.0.202011040924/tools/bin/../lib/gcc/arm-none-eabi/9.3.1/thumb/v7e-m+fp/hard\libgcc.a(_udivmoddi4.o)
 .ARM.attributes
                0x0000000000000777       0x1e c:/st/stm32cubeide_1.5.1/stm32cubeide/plugins/com.st.stm32cube.ide.mcu.externaltools.gnu-tools-for-stm32.9-2020-q2-update.win32_1.5.0.202011040924/tools/bin/../lib/gcc/arm-none-eabi/9.3.1/thumb/v7e-m+fp/hard\libgcc.a(_dvmd_tls.o)
 .ARM.attributes
                0x0000000000000795       0x1e c:/st/stm32cubeide_1.5.1/stm32cubeide/plugins/com.st.stm32cube.ide.mcu.externaltools.gnu-tools-for-stm32.9-2020-q2-update.win32_1.5.0.202011040924/tools/bin/../lib/gcc/arm-none-eabi/9.3.1/thumb/v7e-m+fp/hard/crtn.o
OUTPUT(Module3.elf elf32-littlearm)
LOAD linker stubs
LOAD c:/st/stm32cubeide_1.5.1/stm32cubeide/plugins/com.st.stm32cube.ide.mcu.externaltools.gnu-tools-for-stm32.9-2020-q2-update.win32_1.5.0.202011040924/tools/bin/../lib/gcc/arm-none-eabi/9.3.1/../../../../arm-none-eabi/lib/thumb/v7e-m+fp/hard\libc.a
LOAD c:/st/stm32cubeide_1.5.1/stm32cubeide/plugins/com.st.stm32cube.ide.mcu.externaltools.gnu-tools-for-stm32.9-2020-q2-update.win32_1.5.0.202011040924/tools/bin/../lib/gcc/arm-none-eabi/9.3.1/../../../../arm-none-eabi/lib/thumb/v7e-m+fp/hard\libm.a
LOAD c:/st/stm32cubeide_1.5.1/stm32cubeide/plugins/com.st.stm32cube.ide.mcu.externaltools.gnu-tools-for-stm32.9-2020-q2-update.win32_1.5.0.202011040924/tools/bin/../lib/gcc/arm-none-eabi/9.3.1/thumb/v7e-m+fp/hard\libgcc.a

.debug_info     0x0000000000000000    0x1114c
 .debug_info    0x0000000000000000     0x2fc7 Core/Src/main.o
 .debug_info    0x0000000000002fc7     0x13f3 Core/Src/stm32f4xx_hal_msp.o
 .debug_info    0x00000000000043ba      0xdaf Core/Src/stm32f4xx_it.o
 .debug_info    0x0000000000005169      0xa25 Core/Src/sysmem.o
 .debug_info    0x0000000000005b8e      0x5d0 Core/Src/system_stm32f4xx.o
 .debug_info    0x000000000000615e       0x22 Core/Startup/startup_stm32f411retx.o
 .debug_info    0x0000000000006180      0x944 Drivers/STM32F4xx_HAL_Driver/Src/stm32f4xx_hal.o
 .debug_info    0x0000000000006ac4      0xe47 Drivers/STM32F4xx_HAL_Driver/Src/stm32f4xx_hal_cortex.o
 .debug_info    0x000000000000790b      0x9e9 Drivers/STM32F4xx_HAL_Driver/Src/stm32f4xx_hal_dma.o
 .debug_info    0x00000000000082f4      0x862 Drivers/STM32F4xx_HAL_Driver/Src/stm32f4xx_hal_gpio.o
 .debug_info    0x0000000000008b56     0x2639 Drivers/STM32F4xx_HAL_Driver/Src/stm32f4xx_hal_i2c.o
 .debug_info    0x000000000000b18f      0x9be Drivers/STM32F4xx_HAL_Driver/Src/stm32f4xx_hal_rcc.o
 .debug_info    0x000000000000bb4d     0x2a88 Drivers/STM32F4xx_HAL_Driver/Src/stm32f4xx_hal_tim.o
 .debug_info    0x000000000000e5d5     0x151a Drivers/STM32F4xx_HAL_Driver/Src/stm32f4xx_hal_tim_ex.o
 .debug_info    0x000000000000faef     0x165d Drivers/STM32F4xx_HAL_Driver/Src/stm32f4xx_hal_uart.o

.debug_abbrev   0x0000000000000000     0x201f
 .debug_abbrev  0x0000000000000000      0x374 Core/Src/main.o
 .debug_abbrev  0x0000000000000374      0x206 Core/Src/stm32f4xx_hal_msp.o
 .debug_abbrev  0x000000000000057a      0x1a1 Core/Src/stm32f4xx_it.o
 .debug_abbrev  0x000000000000071b      0x1bf Core/Src/sysmem.o
 .debug_abbrev  0x00000000000008da      0x145 Core/Src/system_stm32f4xx.o
 .debug_abbrev  0x0000000000000a1f       0x12 Core/Startup/startup_stm32f411retx.o
 .debug_abbrev  0x0000000000000a31      0x21e Drivers/STM32F4xx_HAL_Driver/Src/stm32f4xx_hal.o
 .debug_abbrev  0x0000000000000c4f      0x33c Drivers/STM32F4xx_HAL_Driver/Src/stm32f4xx_hal_cortex.o
 .debug_abbrev  0x0000000000000f8b      0x219 Drivers/STM32F4xx_HAL_Driver/Src/stm32f4xx_hal_dma.o
 .debug_abbrev  0x00000000000011a4      0x1f1 Drivers/STM32F4xx_HAL_Driver/Src/stm32f4xx_hal_gpio.o
 .debug_abbrev  0x0000000000001395      0x293 Drivers/STM32F4xx_HAL_Driver/Src/stm32f4xx_hal_i2c.o
 .debug_abbrev  0x0000000000001628      0x275 Drivers/STM32F4xx_HAL_Driver/Src/stm32f4xx_hal_rcc.o
 .debug_abbrev  0x000000000000189d      0x26f Drivers/STM32F4xx_HAL_Driver/Src/stm32f4xx_hal_tim.o
 .debug_abbrev  0x0000000000001b0c      0x277 Drivers/STM32F4xx_HAL_Driver/Src/stm32f4xx_hal_tim_ex.o
 .debug_abbrev  0x0000000000001d83      0x29c Drivers/STM32F4xx_HAL_Driver/Src/stm32f4xx_hal_uart.o

.debug_aranges  0x0000000000000000     0x1078
 .debug_aranges
                0x0000000000000000      0x1b0 Core/Src/main.o
 .debug_aranges
                0x00000000000001b0       0x68 Core/Src/stm32f4xx_hal_msp.o
 .debug_aranges
                0x0000000000000218       0xa0 Core/Src/stm32f4xx_it.o
 .debug_aranges
                0x00000000000002b8       0x20 Core/Src/sysmem.o
 .debug_aranges
                0x00000000000002d8       0x28 Core/Src/system_stm32f4xx.o
 .debug_aranges
                0x0000000000000300       0x28 Core/Startup/startup_stm32f411retx.o
 .debug_aranges
                0x0000000000000328       0xf0 Drivers/STM32F4xx_HAL_Driver/Src/stm32f4xx_hal.o
 .debug_aranges
                0x0000000000000418      0x118 Drivers/STM32F4xx_HAL_Driver/Src/stm32f4xx_hal_cortex.o
 .debug_aranges
                0x0000000000000530       0x90 Drivers/STM32F4xx_HAL_Driver/Src/stm32f4xx_hal_dma.o
 .debug_aranges
                0x00000000000005c0       0x58 Drivers/STM32F4xx_HAL_Driver/Src/stm32f4xx_hal_gpio.o
 .debug_aranges
                0x0000000000000618      0x2a0 Drivers/STM32F4xx_HAL_Driver/Src/stm32f4xx_hal_i2c.o
 .debug_aranges
                0x00000000000008b8       0x88 Drivers/STM32F4xx_HAL_Driver/Src/stm32f4xx_hal_rcc.o
 .debug_aranges
                0x0000000000000940      0x3d0 Drivers/STM32F4xx_HAL_Driver/Src/stm32f4xx_hal_tim.o
 .debug_aranges
                0x0000000000000d10      0x168 Drivers/STM32F4xx_HAL_Driver/Src/stm32f4xx_hal_tim_ex.o
 .debug_aranges
                0x0000000000000e78      0x200 Drivers/STM32F4xx_HAL_Driver/Src/stm32f4xx_hal_uart.o

.debug_ranges   0x0000000000000000      0xfe8
 .debug_ranges  0x0000000000000000      0x1a0 Core/Src/main.o
 .debug_ranges  0x00000000000001a0       0x58 Core/Src/stm32f4xx_hal_msp.o
 .debug_ranges  0x00000000000001f8       0x90 Core/Src/stm32f4xx_it.o
 .debug_ranges  0x0000000000000288       0x10 Core/Src/sysmem.o
 .debug_ranges  0x0000000000000298       0x18 Core/Src/system_stm32f4xx.o
 .debug_ranges  0x00000000000002b0       0x20 Core/Startup/startup_stm32f411retx.o
 .debug_ranges  0x00000000000002d0       0xe0 Drivers/STM32F4xx_HAL_Driver/Src/stm32f4xx_hal.o
 .debug_ranges  0x00000000000003b0      0x108 Drivers/STM32F4xx_HAL_Driver/Src/stm32f4xx_hal_cortex.o
 .debug_ranges  0x00000000000004b8       0x80 Drivers/STM32F4xx_HAL_Driver/Src/stm32f4xx_hal_dma.o
 .debug_ranges  0x0000000000000538       0x48 Drivers/STM32F4xx_HAL_Driver/Src/stm32f4xx_hal_gpio.o
 .debug_ranges  0x0000000000000580      0x2b8 Drivers/STM32F4xx_HAL_Driver/Src/stm32f4xx_hal_i2c.o
 .debug_ranges  0x0000000000000838       0x78 Drivers/STM32F4xx_HAL_Driver/Src/stm32f4xx_hal_rcc.o
 .debug_ranges  0x00000000000008b0      0x3c0 Drivers/STM32F4xx_HAL_Driver/Src/stm32f4xx_hal_tim.o
 .debug_ranges  0x0000000000000c70      0x158 Drivers/STM32F4xx_HAL_Driver/Src/stm32f4xx_hal_tim_ex.o
 .debug_ranges  0x0000000000000dc8      0x220 Drivers/STM32F4xx_HAL_Driver/Src/stm32f4xx_hal_uart.o

.debug_macro    0x0000000000000000    0x16f71
 .debug_macro   0x0000000000000000      0x3e1 Core/Src/main.o
 .debug_macro   0x00000000000003e1      0xaa8 Core/Src/main.o
 .debug_macro   0x0000000000000e89      0x2a1 Core/Src/main.o
 .debug_macro   0x000000000000112a       0x2e Core/Src/main.o
 .debug_macro   0x0000000000001158       0x28 Core/Src/main.o
 .debug_macro   0x0000000000001180       0x22 Core/Src/main.o
 .debug_macro   0x00000000000011a2       0x8e Core/Src/main.o
 .debug_macro   0x0000000000001230       0x51 Core/Src/main.o
 .debug_macro   0x0000000000001281      0x103 Core/Src/main.o
 .debug_macro   0x0000000000001384       0x6a Core/Src/main.o
 .debug_macro   0x00000000000013ee      0x1df Core/Src/main.o
 .debug_macro   0x00000000000015cd       0x1c Core/Src/main.o
 .debug_macro   0x00000000000015e9       0x22 Core/Src/main.o
 .debug_macro   0x000000000000160b       0xdf Core/Src/main.o
 .debug_macro   0x00000000000016ea     0x102d Core/Src/main.o
 .debug_macro   0x0000000000002717      0x11f Core/Src/main.o
 .debug_macro   0x0000000000002836     0xb937 Core/Src/main.o
 .debug_macro   0x000000000000e16d       0x43 Core/Src/main.o
 .debug_macro   0x000000000000e1b0     0x3659 Core/Src/main.o
 .debug_macro   0x0000000000011809      0x174 Core/Src/main.o
 .debug_macro   0x000000000001197d       0x5c Core/Src/main.o
 .debug_macro   0x00000000000119d9      0x447 Core/Src/main.o
 .debug_macro   0x0000000000011e20      0x9fe Core/Src/main.o
 .debug_macro   0x000000000001281e      0x117 Core/Src/main.o
 .debug_macro   0x0000000000012935      0x11b Core/Src/main.o
 .debug_macro   0x0000000000012a50       0x82 Core/Src/main.o
 .debug_macro   0x0000000000012ad2      0x15f Core/Src/main.o
 .debug_macro   0x0000000000012c31      0x287 Core/Src/main.o
 .debug_macro   0x0000000000012eb8       0x5f Core/Src/main.o
 .debug_macro   0x0000000000012f17      0x236 Core/Src/main.o
 .debug_macro   0x000000000001314d      0x132 Core/Src/main.o
 .debug_macro   0x000000000001327f      0x264 Core/Src/main.o
 .debug_macro   0x00000000000134e3       0x2e Core/Src/main.o
 .debug_macro   0x0000000000013511      0x1b5 Core/Src/main.o
 .debug_macro   0x00000000000136c6       0x22 Core/Src/main.o
 .debug_macro   0x00000000000136e8       0xd6 Core/Src/main.o
 .debug_macro   0x00000000000137be      0x11a Core/Src/main.o
 .debug_macro   0x00000000000138d8       0x85 Core/Src/main.o
 .debug_macro   0x000000000001395d       0x89 Core/Src/main.o
 .debug_macro   0x00000000000139e6      0x8d1 Core/Src/main.o
 .debug_macro   0x00000000000142b7       0x47 Core/Src/main.o
 .debug_macro   0x00000000000142fe      0x295 Core/Src/main.o
 .debug_macro   0x0000000000014593      0x126 Core/Src/main.o
 .debug_macro   0x00000000000146b9       0xe2 Core/Src/main.o
 .debug_macro   0x000000000001479b       0x52 Core/Src/main.o
 .debug_macro   0x00000000000147ed       0x18 Core/Src/main.o
 .debug_macro   0x0000000000014805       0x3c Core/Src/main.o
 .debug_macro   0x0000000000014841       0x34 Core/Src/main.o
 .debug_macro   0x0000000000014875       0x16 Core/Src/main.o
 .debug_macro   0x000000000001488b       0x35 Core/Src/main.o
 .debug_macro   0x00000000000148c0      0x333 Core/Src/main.o
 .debug_macro   0x0000000000014bf3       0x10 Core/Src/main.o
 .debug_macro   0x0000000000014c03       0x16 Core/Src/main.o
 .debug_macro   0x0000000000014c19       0x43 Core/Src/main.o
 .debug_macro   0x0000000000014c5c       0x34 Core/Src/main.o
 .debug_macro   0x0000000000014c90       0x10 Core/Src/main.o
 .debug_macro   0x0000000000014ca0       0x58 Core/Src/main.o
 .debug_macro   0x0000000000014cf8       0x71 Core/Src/main.o
 .debug_macro   0x0000000000014d69       0x1c Core/Src/main.o
 .debug_macro   0x0000000000014d85      0x12a Core/Src/main.o
 .debug_macro   0x0000000000014eaf       0x10 Core/Src/main.o
 .debug_macro   0x0000000000014ebf       0x1c Core/Src/main.o
 .debug_macro   0x0000000000014edb       0x52 Core/Src/main.o
 .debug_macro   0x0000000000014f2d       0x22 Core/Src/main.o
 .debug_macro   0x0000000000014f4f       0x10 Core/Src/main.o
 .debug_macro   0x0000000000014f5f       0x40 Core/Src/main.o
 .debug_macro   0x0000000000014f9f       0xd5 Core/Src/main.o