Archive member included to satisfy reference by file (symbol)

c:/st/stm32cubeide_1.5.1/stm32cubeide/plugins/com.st.stm32cube.ide.mcu.externaltools.gnu-tools-for-stm32.9-2020-q2-update.win32_1.5.0.202011040924/tools/bin/../lib/gcc/arm-none-eabi/9.3.1/../../../../arm-none-eabi/lib/thumb/v7e-m+fp/hard\libc_nano.a(lib_a-calloc.o)
                              Core/Src/main.o (calloc)
c:/st/stm32cubeide_1.5.1/stm32cubeide/plugins/com.st.stm32cube.ide.mcu.externaltools.gnu-tools-for-stm32.9-2020-q2-update.win32_1.5.0.202011040924/tools/bin/../lib/gcc/arm-none-eabi/9.3.1/../../../../arm-none-eabi/lib/thumb/v7e-m+fp/hard\libc_nano.a(lib_a-errno.o)
                              Core/Src/syscalls.o (__errno)
c:/st/stm32cubeide_1.5.1/stm32cubeide/plugins/com.st.stm32cube.ide.mcu.externaltools.gnu-tools-for-stm32.9-2020-q2-update.win32_1.5.0.202011040924/tools/bin/../lib/gcc/arm-none-eabi/9.3.1/../../../../arm-none-eabi/lib/thumb/v7e-m+fp/hard\libc_nano.a(lib_a-exit.o)
                              c:/st/stm32cubeide_1.5.1/stm32cubeide/plugins/com.st.stm32cube.ide.mcu.externaltools.gnu-tools-for-stm32.9-2020-q2-update.win32_1.5.0.202011040924/tools/bin/../lib/gcc/arm-none-eabi/9.3.1/../../../../arm-none-eabi/lib/thumb/v7e-m+fp/hard/crt0.o (exit)
c:/st/stm32cubeide_1.5.1/stm32cubeide/plugins/com.st.stm32cube.ide.mcu.externaltools.gnu-tools-for-stm32.9-2020-q2-update.win32_1.5.0.202011040924/tools/bin/../lib/gcc/arm-none-eabi/9.3.1/../../../../arm-none-eabi/lib/thumb/v7e-m+fp/hard\libc_nano.a(lib_a-impure.o)
                              c:/st/stm32cubeide_1.5.1/stm32cubeide/plugins/com.st.stm32cube.ide.mcu.externaltools.gnu-tools-for-stm32.9-2020-q2-update.win32_1.5.0.202011040924/tools/bin/../lib/gcc/arm-none-eabi/9.3.1/../../../../arm-none-eabi/lib/thumb/v7e-m+fp/hard\libc_nano.a(lib_a-exit.o) (_global_impure_ptr)
c:/st/stm32cubeide_1.5.1/stm32cubeide/plugins/com.st.stm32cube.ide.mcu.externaltools.gnu-tools-for-stm32.9-2020-q2-update.win32_1.5.0.202011040924/tools/bin/../lib/gcc/arm-none-eabi/9.3.1/../../../../arm-none-eabi/lib/thumb/v7e-m+fp/hard\libc_nano.a(lib_a-init.o)
                              c:/st/stm32cubeide_1.5.1/stm32cubeide/plugins/com.st.stm32cube.ide.mcu.externaltools.gnu-tools-for-stm32.9-2020-q2-update.win32_1.5.0.202011040924/tools/bin/../lib/gcc/arm-none-eabi/9.3.1/../../../../arm-none-eabi/lib/thumb/v7e-m+fp/hard/crt0.o (__libc_init_array)
c:/st/stm32cubeide_1.5.1/stm32cubeide/plugins/com.st.stm32cube.ide.mcu.externaltools.gnu-tools-for-stm32.9-2020-q2-update.win32_1.5.0.202011040924/tools/bin/../lib/gcc/arm-none-eabi/9.3.1/../../../../arm-none-eabi/lib/thumb/v7e-m+fp/hard\libc_nano.a(lib_a-memcpy-stub.o)
                              Core/Src/main.o (memcpy)
c:/st/stm32cubeide_1.5.1/stm32cubeide/plugins/com.st.stm32cube.ide.mcu.externaltools.gnu-tools-for-stm32.9-2020-q2-update.win32_1.5.0.202011040924/tools/bin/../lib/gcc/arm-none-eabi/9.3.1/../../../../arm-none-eabi/lib/thumb/v7e-m+fp/hard\libc_nano.a(lib_a-memset.o)
                              c:/st/stm32cubeide_1.5.1/stm32cubeide/plugins/com.st.stm32cube.ide.mcu.externaltools.gnu-tools-for-stm32.9-2020-q2-update.win32_1.5.0.202011040924/tools/bin/../lib/gcc/arm-none-eabi/9.3.1/../../../../arm-none-eabi/lib/thumb/v7e-m+fp/hard/crt0.o (memset)
c:/st/stm32cubeide_1.5.1/stm32cubeide/plugins/com.st.stm32cube.ide.mcu.externaltools.gnu-tools-for-stm32.9-2020-q2-update.win32_1.5.0.202011040924/tools/bin/../lib/gcc/arm-none-eabi/9.3.1/../../../../arm-none-eabi/lib/thumb/v7e-m+fp/hard\libc_nano.a(lib_a-nano-callocr.o)
                              c:/st/stm32cubeide_1.5.1/stm32cubeide/plugins/com.st.stm32cube.ide.mcu.externaltools.gnu-tools-for-stm32.9-2020-q2-update.win32_1.5.0.202011040924/tools/bin/../lib/gcc/arm-none-eabi/9.3.1/../../../../arm-none-eabi/lib/thumb/v7e-m+fp/hard\libc_nano.a(lib_a-calloc.o) (_calloc_r)
c:/st/stm32cubeide_1.5.1/stm32cubeide/plugins/com.st.stm32cube.ide.mcu.externaltools.gnu-tools-for-stm32.9-2020-q2-update.win32_1.5.0.202011040924/tools/bin/../lib/gcc/arm-none-eabi/9.3.1/../../../../arm-none-eabi/lib/thumb/v7e-m+fp/hard\libc_nano.a(lib_a-nano-mallocr.o)
                              c:/st/stm32cubeide_1.5.1/stm32cubeide/plugins/com.st.stm32cube.ide.mcu.externaltools.gnu-tools-for-stm32.9-2020-q2-update.win32_1.5.0.202011040924/tools/bin/../lib/gcc/arm-none-eabi/9.3.1/../../../../arm-none-eabi/lib/thumb/v7e-m+fp/hard\libc_nano.a(lib_a-nano-callocr.o) (_malloc_r)
c:/st/stm32cubeide_1.5.1/stm32cubeide/plugins/com.st.stm32cube.ide.mcu.externaltools.gnu-tools-for-stm32.9-2020-q2-update.win32_1.5.0.202011040924/tools/bin/../lib/gcc/arm-none-eabi/9.3.1/../../../../arm-none-eabi/lib/thumb/v7e-m+fp/hard\libc_nano.a(lib_a-sbrkr.o)
[...]
Memory Configuration

Name             Origin             Length             Attributes
RAM              0x0000000020000000 0x0000000000020000 xrw
FLASH            0x0000000008000000 0x0000000000080000 xr
*default*        0x0000000000000000 0xffffffffffffffff

Linker script and memory map

LOAD c:/st/stm32cubeide_1.5.1/stm32cubeide/plugins/com.st.stm32cube.ide.mcu.externaltools.gnu-tools-for-stm32.9-2020-q2-update.win32_1.5.0.202011040924/tools/bin/../lib/gcc/arm-none-eabi/9.3.1/thumb/v7e-m+fp/hard/crti.o
LOAD c:/st/stm32cubeide_1.5.1/stm32cubeide/plugins/com.st.stm32cube.ide.mcu.externaltools.gnu-tools-for-stm32.9-2020-q2-update.win32_1.5.0.202011040924/tools/bin/../lib/gcc/arm-none-eabi/9.3.1/thumb/v7e-m+fp/hard/crtbegin.o
LOAD c:/st/stm32cubeide_1.5.1/stm32cubeide/plugins/com.st.stm32cube.ide.mcu.externaltools.gnu-tools-for-stm32.9-2020-q2-update.win32_1.5.0.202011040924/tools/bin/../lib/gcc/arm-none-eabi/9.3.1/../../../../arm-none-eabi/lib/thumb/v7e-m+fp/hard/crt0.o
LOAD Core/Src/main.o
LOAD Core/Src/stm32f4xx_hal_msp.o
LOAD Core/Src/stm32f4xx_it.o
LOAD Core/Src/syscalls.o
LOAD Core/Src/sysmem.o
LOAD Core/Src/system_stm32f4xx.o
LOAD Core/Startup/startup_stm32f411retx.o
LOAD Drivers/STM32F4xx_HAL_Driver/Src/stm32f4xx_hal.o
LOAD Drivers/STM32F4xx_HAL_Driver/Src/stm32f4xx_hal_cortex.o
LOAD Drivers/STM32F4xx_HAL_Driver/Src/stm32f4xx_hal_dma.o
LOAD Drivers/STM32F4xx_HAL_Driver/Src/stm32f4xx_hal_dma_ex.o
LOAD Drivers/STM32F4xx_HAL_Driver/Src/stm32f4xx_hal_exti.o
LOAD Drivers/STM32F4xx_HAL_Driver/Src/stm32f4xx_hal_flash.o
LOAD Drivers/STM32F4xx_HAL_Driver/Src/stm32f4xx_hal_flash_ex.o
LOAD Drivers/STM32F4xx_HAL_Driver/Src/stm32f4xx_hal_flash_ramfunc.o
LOAD Drivers/STM32F4xx_HAL_Driver/Src/stm32f4xx_hal_gpio.o
LOAD Drivers/STM32F4xx_HAL_Driver/Src/stm32f4xx_hal_i2c.o
LOAD Drivers/STM32F4xx_HAL_Driver/Src/stm32f4xx_hal_i2c_ex.o
LOAD Drivers/STM32F4xx_HAL_Driver/Src/stm32f4xx_hal_pwr.o
LOAD Drivers/STM32F4xx_HAL_Driver/Src/stm32f4xx_hal_pwr_ex.o
LOAD Drivers/STM32F4xx_HAL_Driver/Src/stm32f4xx_hal_rcc.o
LOAD Drivers/STM32F4xx_HAL_Driver/Src/stm32f4xx_hal_rcc_ex.o
LOAD Drivers/STM32F4xx_HAL_Driver/Src/stm32f4xx_hal_tim.o
LOAD Drivers/STM32F4xx_HAL_Driver/Src/stm32f4xx_hal_tim_ex.o
LOAD Drivers/STM32F4xx_HAL_Driver/Src/stm32f4xx_hal_uart.o
START GROUP
LOAD c:/st/stm32cubeide_1.5.1/stm32cubeide/plugins/com.st.stm32cube.ide.mcu.externaltools.gnu-tools-for-stm32.9-2020-q2-update.win32_1.5.0.202011040924/tools/bin/../lib/gcc/arm-none-eabi/9.3.1/../../../../arm-none-eabi/lib/thumb/v7e-m+fp/hard\libc_nano.a
LOAD c:/st/stm32cubeide_1.5.1/stm32cubeide/plugins/com.st.stm32cube.ide.mcu.externaltools.gnu-tools-for-stm32.9-2020-q2-update.win32_1.5.0.202011040924/tools/bin/../lib/gcc/arm-none-eabi/9.3.1/../../../../arm-none-eabi/lib/thumb/v7e-m+fp/hard\libm.a
END GROUP
START GROUP
LOAD c:/st/stm32cubeide_1.5.1/stm32cubeide/plugins/com.st.stm32cube.ide.mcu.externaltools.gnu-tools-for-stm32.9-2020-q2-update.win32_1.5.0.202011040924/tools/bin/../lib/gcc/arm-none-eabi/9.3.1/thumb/v7e-m+fp/hard\libgcc.a
LOAD c:/st/stm32cubeide_1.5.1/stm32cubeide/plugins/com.st.stm32cube.ide.mcu.externaltools.gnu-tools-for-stm32.9-2020-q2-update.win32_1.5.0.202011040924/tools/bin/../lib/gcc/arm-none-eabi/9.3.1/../../../../arm-none-eabi/lib/thumb/v7e-m+fp/hard\libc_nano.a
END GROUP
START GROUP
LOAD c:/st/stm32cubeide_1.5.1/stm32cubeide/plugins/com.st.stm32cube.ide.mcu.externaltools.gnu-tools-for-stm32.9-2020-q2-update.win32_1.5.0.202011040924/tools/bin/../lib/gcc/arm-none-eabi/9.3.1/thumb/v7e-m+fp/hard\libgcc.a
LOAD c:/st/stm32cubeide_1.5.1/stm32cubeide/plugins/com.st.stm32cube.ide.mcu.externaltools.gnu-tools-for-stm32.9-2020-q2-update.win32_1.5.0.202011040924/tools/bin/../lib/gcc/arm-none-eabi/9.3.1/../../../../arm-none-eabi/lib/thumb/v7e-m+fp/hard\libc_nano.a
LOAD c:/st/stm32cubeide_1.5.1/stm32cubeide/plugins/com.st.stm32cube.ide.mcu.externaltools.gnu-tools-for-stm32.9-2020-q2-update.win32_1.5.0.202011040924/tools/bin/../lib/gcc/arm-none-eabi/9.3.1/../../../../arm-none-eabi/lib/thumb/v7e-m+fp/hard\libnosys.a
END GROUP
START GROUP
LOAD c:/st/stm32cubeide_1.5.1/stm32cubeide/plugins/com.st.stm32cube.ide.mcu.externaltools.gnu-tools-for-stm32.9-2020-q2-update.win32_1.5.0.202011040924/tools/bin/../lib/gcc/arm-none-eabi/9.3.1/thumb/v7e-m+fp/hard\libgcc.a
LOAD c:/st/stm32cubeide_1.5.1/stm32cubeide/plugins/com.st.stm32cube.ide.mcu.externaltools.gnu-tools-for-stm32.9-2020-q2-update.win32_1.5.0.202011040924/tools/bin/../lib/gcc/arm-none-eabi/9.3.1/../../../../arm-none-eabi/lib/thumb/v7e-m+fp/hard\libc_nano.a
LOAD c:/st/stm32cubeide_1.5.1/stm32cubeide/plugins/com.st.stm32cube.ide.mcu.externaltools.gnu-tools-for-stm32.9-2020-q2-update.win32_1.5.0.202011040924/tools/bin/../lib/gcc/arm-none-eabi/9.3.1/../../../../arm-none-eabi/lib/thumb/v7e-m+fp/hard\libnosys.a
END GROUP
LOAD c:/st/stm32cubeide_1.5.1/stm32cubeide/plugins/com.st.stm32cube.ide.mcu.externaltools.gnu-tools-for-stm32.9-2020-q2-update.win32_1.5.0.202011040924/tools/bin/../lib/gcc/arm-none-eabi/9.3.1/thumb/v7e-m+fp/hard/crtend.o
LOAD c:/st/stm32cubeide_1.5.1/stm32cubeide/plugins/com.st.stm32cube.ide.mcu.externaltools.gnu-tools-for-stm32.9-2020-q2-update.win32_1.5.0.202011040924/tools/bin/../lib/gcc/arm-none-eabi/9.3.1/thumb/v7e-m+fp/hard/crtn.o
                0x0000000020020000                _estack = (ORIGIN (RAM) + LENGTH (RAM))
                0x0000000000000200                _Min_Heap_Size = 0x200
                0x0000000000000400                _Min_Stack_Size = 0x400

.isr_vector     0x0000000008000000      0x198
                0x0000000008000000                . = ALIGN (0x4)
 *(.isr_vector)
 .isr_vector    0x0000000008000000      0x198 Core/Startup/startup_stm32f411retx.o
                0x0000000008000000                g_pfnVectors
                0x0000000008000198                . = ALIGN (0x4)

.text           0x0000000008000198     0x9e84
                0x0000000008000198                . = ALIGN (0x4)
 *(.text)
 .text          0x0000000008000198       0x40 c:/st/stm32cubeide_1.5.1/stm32cubeide/plugins/com.st.stm32cube.ide.mcu.externaltools.gnu-tools-for-stm32.9-2020-q2-update.win32_1.5.0.202011040924/tools/bin/../lib/gcc/arm-none-eabi/9.3.1/thumb/v7e-m+fp/hard/crtbegin.o
 .text          0x00000000080001d8      0x378 c:/st/stm32cubeide_1.5.1/stm32cubeide/plugins/com.st.stm32cube.ide.mcu.externaltools.gnu-tools-for-stm32.9-2020-q2-update.win32_1.5.0.202011040924/tools/bin/../lib/gcc/arm-none-eabi/9.3.1/thumb/v7e-m+fp/hard\libgcc.a(_arm_addsubdf3.o)
                0x00000000080001d8                __aeabi_drsub
                0x00000000080001e0                __aeabi_dsub
                0x00000000080001e0                __subdf3
                0x00000000080001e4                __aeabi_dadd
                0x00000000080001e4                __adddf3
                0x000000000800045c                __floatunsidf
                0x000000000800045c                __aeabi_ui2d
                0x000000000800047c                __floatsidf
                0x000000000800047c                __aeabi_i2d
                0x00000000080004a0                __aeabi_f2d
                0x00000000080004a0                __extendsfdf2
                0x00000000080004e4                __floatundidf
                0x00000000080004e4                __aeabi_ul2d
                0x00000000080004f4                __floatdidf
                0x00000000080004f4                __aeabi_l2d
 .text          0x0000000008000550      0x424 c:/st/stm32cubeide_1.5.1/stm32cubeide/plugins/com.st.stm32cube.ide.mcu.externaltools.gnu-tools-for-stm32.9-2020-q2-update.win32_1.5.0.202011040924/tools/bin/../lib/gcc/arm-none-eabi/9.3.1/thumb/v7e-m+fp/hard\libgcc.a(_arm_muldivdf3.o)
                0x0000000008000550                __aeabi_dmul
                0x0000000008000550                __muldf3
                0x00000000080007a4                __divdf3
                0x00000000080007a4                __aeabi_ddiv
 .text          0x0000000008000974      0x110 c:/st/stm32cubeide_1.5.1/stm32cubeide/plugins/com.st.stm32cube.ide.mcu.externaltools.gnu-tools-for-stm32.9-2020-q2-update.win32_1.5.0.202011040924/tools/bin/../lib/gcc/arm-none-eabi/9.3.1/thumb/v7e-m+fp/hard\libgcc.a(_arm_cmpdf2.o)
                0x0000000008000974                __gtdf2
                0x0000000008000974                __gedf2
                0x000000000800097c                __ltdf2
                0x000000000800097c                __ledf2
                0x0000000008000984                __nedf2
                0x0000000008000984                __eqdf2
                0x0000000008000984                __cmpdf2
                0x0000000008000a00                __aeabi_cdrcmple
                0x0000000008000a10                __aeabi_cdcmpeq
                0x0000000008000a10                __aeabi_cdcmple
                0x0000000008000a20                __aeabi_dcmpeq
                0x0000000008000a34                __aeabi_dcmplt
                0x0000000008000a48                __aeabi_dcmple
                0x0000000008000a5c                __aeabi_dcmpge
                0x0000000008000a70                __aeabi_dcmpgt
 .text          0x0000000008000a84       0x2c c:/st/stm32cubeide_1.5.1/stm32cubeide/plugins/com.st.stm32cube.ide.mcu.externaltools.gnu-tools-for-stm32.9-2020-q2-update.win32_1.5.0.202011040924/tools/bin/../lib/gcc/arm-none-eabi/9.3.1/thumb/v7e-m+fp/hard\libgcc.a(_arm_unorddf2.o)
                0x0000000008000a84                __unorddf2
                0x0000000008000a84                __aeabi_dcmpun
 .text          0x0000000008000ab0       0x40 c:/st/stm32cubeide_1.5.1/stm32cubeide/plugins/com.st.stm32cube.ide.mcu.externaltools.gnu-tools-for-stm32.9-2020-q2-update.win32_1.5.0.202011040924/tools/bin/../lib/gcc/arm-none-eabi/9.3.1/thumb/v7e-m+fp/hard\libgcc.a(_arm_fixunsdfsi.o)
                0x0000000008000ab0                __aeabi_d2uiz
                0x0000000008000ab0                __fixunsdfsi
 .text          0x0000000008000af0       0xa0 c:/st/stm32cubeide_1.5.1/stm32cubeide/plugins/com.st.stm32cube.ide.mcu.externaltools.gnu-tools-for-stm32.9-2020-q2-update.win32_1.5.0.202011040924/tools/bin/../lib/gcc/arm-none-eabi/9.3.1/thumb/v7e-m+fp/hard\libgcc.a(_arm_truncdfsf2.o)
                0x0000000008000af0                __truncdfsf2
                0x0000000008000af0                __aeabi_d2f
 .text          0x0000000008000b90      0x21c c:/st/stm32cubeide_1.5.1/stm32cubeide/plugins/com.st.stm32cube.ide.mcu.externaltools.gnu-tools-for-stm32.9-2020-q2-update.win32_1.5.0.202011040924/tools/bin/../lib/gcc/arm-none-eabi/9.3.1/thumb/v7e-m+fp/hard\libgcc.a(_arm_addsubsf3.o)
                0x0000000008000b90                __aeabi_frsub
                0x0000000008000b98                __subsf3
                0x0000000008000b98                __aeabi_fsub
                0x0000000008000b9c                __aeabi_fadd
                0x0000000008000b9c                __addsf3
                0x0000000008000cfc                __aeabi_ui2f
                0x0000000008000cfc                __floatunsisf
                0x0000000008000d04                __aeabi_i2f
                0x0000000008000d04                __floatsisf
                0x0000000008000d20                __aeabi_ul2f
                0x0000000008000d20                __floatundisf
                0x0000000008000d30                __aeabi_l2f
                0x0000000008000d30                __floatdisf
 .text          0x0000000008000dac       0x30 c:/st/stm32cubeide_1.5.1/stm32cubeide/plugins/com.st.stm32cube.ide.mcu.externaltools.gnu-tools-for-stm32.9-2020-q2-update.win32_1.5.0.202011040924/tools/bin/../lib/gcc/arm-none-eabi/9.3.1/thumb/v7e-m+fp/hard\libgcc.a(_aeabi_uldivmod.o)
                0x0000000008000dac                __aeabi_uldivmod
 .text          0x0000000008000ddc      0x2c4 c:/st/stm32cubeide_1.5.1/stm32cubeide/plugins/com.st.stm32cube.ide.mcu.externaltools.gnu-tools-for-stm32.9-2020-q2-update.win32_1.5.0.202011040924/tools/bin/../lib/gcc/arm-none-eabi/9.3.1/thumb/v7e-m+fp/hard\libgcc.a(_udivmoddi4.o)
                0x0000000008000ddc                __udivmoddi4
 .text          0x00000000080010a0        0x4 c:/st/stm32cubeide_1.5.1/stm32cubeide/plugins/com.st.stm32cube.ide.mcu.externaltools.gnu-tools-for-stm32.9-2020-q2-update.win32_1.5.0.202011040924/tools/bin/../lib/gcc/arm-none-eabi/9.3.1/thumb/v7e-m+fp/hard\libgcc.a(_dvmd_tls.o)
                0x00000000080010a0                __aeabi_idiv0
                0x00000000080010a0                __aeabi_ldiv0
 *(.text*)
 .text.main     0x00000000080010a4      0x2cc Core/Src/main.o
                0x00000000080010a4                main
 .text.SystemClock_Config
                0x0000000008001370       0xd0 Core/Src/main.o
                0x0000000008001370                SystemClock_Config
 .text.MX_I2C1_Init
                0x0000000008001440       0x5c Core/Src/main.o
 .text.MX_TIM1_Init
                0x000000000800149c       0xb0 Core/Src/main.o
 .text.MX_TIM2_Init
                0x000000000800154c       0x98 Core/Src/main.o
 .text.MX_TIM3_Init
                0x00000000080015e4       0xec Core/Src/main.o
 .text.MX_USART2_UART_Init
                0x00000000080016d0       0x58 Core/Src/main.o
 .text.MX_DMA_Init
                0x0000000008001728       0x50 Core/Src/main.o
 .text.MX_GPIO_Init
                0x0000000008001778      0x1b0 Core/Src/main.o
 .text.EncoderVelocityAndPosition_Update
                0x0000000008001928      0x154 Core/Src/main.o
                0x0000000008001928                EncoderVelocityAndPosition_Update
 .text.Encoder_SetHome_Position
                0x0000000008001a7c       0x38 Core/Src/main.o
                0x0000000008001a7c                Encoder_SetHome_Position
 .text.HAL_TIM_PeriodElapsedCallback
                0x0000000008001ab4       0x38 Core/Src/main.o
                0x0000000008001ab4                HAL_TIM_PeriodElapsedCallback
 .text.HAL_GPIO_EXTI_Callback
                0x0000000008001aec       0x60 Core/Src/main.o
                0x0000000008001aec                HAL_GPIO_EXTI_Callback
 .text.micros   0x0000000008001b4c       0x34 Core/Src/main.o
                0x0000000008001b4c                micros
 .text.ConverterUnitSystemStructureInit
                0x0000000008001b80       0x30 Core/Src/main.o
                0x0000000008001b80                ConverterUnitSystemStructureInit
 .text.TrajectoryGenerationStructureInit
                0x0000000008001bb0      0x144 Core/Src/main.o
                0x0000000008001bb0                TrajectoryGenerationStructureInit
 *fill*         0x0000000008001cf4        0x4 
 .text.LinkMovingPIDLoad
                0x0000000008001cf8       0xac Core/Src/main.o
                0x0000000008001cf8                LinkMovingPIDLoad
 *fill*         0x0000000008001da4        0x4 
 .text.StabilizerPIDLoad
                0x0000000008001da8       0xa4 Core/Src/main.o
                0x0000000008001da8                StabilizerPIDLoad
 .text.TrajectoryGenerationVelocityMaxSetting
                0x0000000008001e4c       0x6c Core/Src/main.o
                0x0000000008001e4c                TrajectoryGenerationVelocityMaxSetting
 .text.TrajectoryGenerationPrepareDATA
                0x0000000008001eb8      0x2b8 Core/Src/main.o
                0x0000000008001eb8                TrajectoryGenerationPrepareDATA
 .text.TrajectoryGenerationCalculation
                0x0000000008002170      0x244 Core/Src/main.o
                0x0000000008002170                TrajectoryGenerationCalculation
 *fill*         0x00000000080023b4        0x4 
 .text.TrajectoryGenerationProcess
                0x00000000080023b8      0x7e4 Core/Src/main.o
                0x00000000080023b8                TrajectoryGenerationProcess
 .text.PIDController2in1
                0x0000000008002b9c      0x23c Core/Src/main.o
                0x0000000008002b9c                PIDController2in1
 .text.UARTInit
                0x0000000008002dd8       0x50 Core/Src/main.o
                0x0000000008002dd8                UARTInit
 .text.UARTResetStart
                0x0000000008002e28       0x22 Core/Src/main.o
                0x0000000008002e28                UARTResetStart
 .text.UARTGetRxHead
                0x0000000008002e4a       0x26 Core/Src/main.o
                0x0000000008002e4a                UARTGetRxHead
 .text.UARTReadChar
                0x0000000008002e70       0x54 Core/Src/main.o
                0x0000000008002e70                UARTReadChar
 .text.UARTTxDumpBuffer
                0x0000000008002ec4       0xa0 Core/Src/main.o
                0x0000000008002ec4                UARTTxDumpBuffer
 .text.UARTTxWrite
                0x0000000008002f64       0x90 Core/Src/main.o
                0x0000000008002f64                UARTTxWrite
 .text.ACK1Return
                0x0000000008002ff4       0x24 Core/Src/main.o
                0x0000000008002ff4                ACK1Return
 .text.ACK2Return
                0x0000000008003018       0x24 Core/Src/main.o
                0x0000000008003018                ACK2Return
 *fill*         0x000000000800303c        0x4 
 .text.Munmunbot_Protocol
                0x0000000008003040      0x8bc Core/Src/main.o
                0x0000000008003040                Munmunbot_Protocol
 .text.PID_Reset
                0x00000000080038fc       0x78 Core/Src/main.o
                0x00000000080038fc                PID_Reset
 .text.LAMP_ON  0x0000000008003974       0xe0 Core/Src/main.o
                0x0000000008003974                LAMP_ON
 .text.Emergency_switch_trigger
                0x0000000008003a54       0xb4 Core/Src/main.o
                0x0000000008003a54                Emergency_switch_trigger
 .text.Controlling_the_LINK
                0x0000000008003b08       0xd4 Core/Src/main.o
                0x0000000008003b08                Controlling_the_LINK
 .text.Stabilizing_the_LINK
                0x0000000008003bdc      0x104 Core/Src/main.o
                0x0000000008003bdc                Stabilizing_the_LINK
 .text.SETHOME_StateMachine_Function
                0x0000000008003ce0       0x9c Core/Src/main.o
                0x0000000008003ce0                SETHOME_StateMachine_Function
 .text.UpdateMunmunBotState
                0x0000000008003d7c       0x3c Core/Src/main.o
                0x0000000008003d7c                UpdateMunmunBotState
 .text.EndEffectorWorkingState
                0x0000000008003db8      0x1b0 Core/Src/main.o
                0x0000000008003db8                EndEffectorWorkingState
 .text.Error_Handler
                0x0000000008003f68        0xa Core/Src/main.o
                0x0000000008003f68                Error_Handler
 *fill*         0x0000000008003f72        0x2 
 .text.HAL_MspInit
                0x0000000008003f74       0x50 Core/Src/stm32f4xx_hal_msp.o
                0x0000000008003f74                HAL_MspInit
 .text.HAL_I2C_MspInit
                0x0000000008003fc4       0xb0 Core/Src/stm32f4xx_hal_msp.o
                0x0000000008003fc4                HAL_I2C_MspInit
 .text.HAL_TIM_Encoder_MspInit
                0x0000000008004074       0x90 Core/Src/stm32f4xx_hal_msp.o
                0x0000000008004074                HAL_TIM_Encoder_MspInit
 .text.HAL_TIM_Base_MspInit
                0x0000000008004104       0x78 Core/Src/stm32f4xx_hal_msp.o
                0x0000000008004104                HAL_TIM_Base_MspInit
 .text.HAL_TIM_MspPostInit
                0x000000000800417c       0x74 Core/Src/stm32f4xx_hal_msp.o
                0x000000000800417c                HAL_TIM_MspPostInit
 .text.HAL_UART_MspInit
                0x00000000080041f0      0x16c Core/Src/stm32f4xx_hal_msp.o
                0x00000000080041f0                HAL_UART_MspInit
 .text.NMI_Handler
                0x000000000800435c        0x6 Core/Src/stm32f4xx_it.o
                0x000000000800435c                NMI_Handler
 .text.HardFault_Handler
                0x0000000008004362        0x6 Core/Src/stm32f4xx_it.o
                0x0000000008004362                HardFault_Handler
 .text.MemManage_Handler
                0x0000000008004368        0x6 Core/Src/stm32f4xx_it.o
                0x0000000008004368                MemManage_Handler
 .text.BusFault_Handler
                0x000000000800436e        0x6 Core/Src/stm32f4xx_it.o
                0x000000000800436e                BusFault_Handler
 .text.UsageFault_Handler
                0x0000000008004374        0x6 Core/Src/stm32f4xx_it.o
                0x0000000008004374                UsageFault_Handler
 .text.SVC_Handler
                0x000000000800437a        0xe Core/Src/stm32f4xx_it.o
                0x000000000800437a                SVC_Handler
 .text.DebugMon_Handler
                0x0000000008004388        0xe Core/Src/stm32f4xx_it.o
                0x0000000008004388                DebugMon_Handler
 .text.PendSV_Handler
                0x0000000008004396        0xe Core/Src/stm32f4xx_it.o
                0x0000000008004396                PendSV_Handler
 .text.SysTick_Handler
                0x00000000080043a4        0xc Core/Src/stm32f4xx_it.o
                0x00000000080043a4                SysTick_Handler
 .text.DMA1_Stream5_IRQHandler
                0x00000000080043b0       0x14 Core/Src/stm32f4xx_it.o
                0x00000000080043b0                DMA1_Stream5_IRQHandler
 .text.DMA1_Stream6_IRQHandler
                0x00000000080043c4       0x14 Core/Src/stm32f4xx_it.o
                0x00000000080043c4                DMA1_Stream6_IRQHandler
 .text.EXTI9_5_IRQHandler
                0x00000000080043d8       0x10 Core/Src/stm32f4xx_it.o
                0x00000000080043d8                EXTI9_5_IRQHandler
 .text.TIM2_IRQHandler
                0x00000000080043e8       0x14 Core/Src/stm32f4xx_it.o
                0x00000000080043e8                TIM2_IRQHandler
 .text.I2C1_EV_IRQHandler
                0x00000000080043fc       0x14 Core/Src/stm32f4xx_it.o
                0x00000000080043fc                I2C1_EV_IRQHandler
 .text.I2C1_ER_IRQHandler
                0x0000000008004410       0x14 Core/Src/stm32f4xx_it.o
                0x0000000008004410                I2C1_ER_IRQHandler
 .text.USART2_IRQHandler
                0x0000000008004424       0x14 Core/Src/stm32f4xx_it.o
                0x0000000008004424                USART2_IRQHandler
 .text.EXTI15_10_IRQHandler
                0x0000000008004438       0x18 Core/Src/stm32f4xx_it.o
                0x0000000008004438                EXTI15_10_IRQHandler
 .text._sbrk    0x0000000008004450       0x6c Core/Src/sysmem.o
                0x0000000008004450                _sbrk
 .text.SystemInit
                0x00000000080044bc       0x2c Core/Src/system_stm32f4xx.o
                0x00000000080044bc                SystemInit
 .text.Reset_Handler
                0x00000000080044e8       0x50 Core/Startup/startup_stm32f411retx.o
                0x00000000080044e8                Reset_Handler
 .text.Default_Handler
                0x0000000008004538        0x2 Core/Startup/startup_stm32f411retx.o
                0x0000000008004538                RTC_Alarm_IRQHandler
                0x0000000008004538                EXTI2_IRQHandler
                0x0000000008004538                SPI4_IRQHandler
                0x0000000008004538                TIM1_CC_IRQHandler
                0x0000000008004538                DMA2_Stream5_IRQHandler
                0x0000000008004538                PVD_IRQHandler
                0x0000000008004538                SDIO_IRQHandler
                0x0000000008004538                TAMP_STAMP_IRQHandler
                0x0000000008004538                EXTI3_IRQHandler
                0x0000000008004538                TIM1_UP_TIM10_IRQHandler
                0x0000000008004538                I2C3_ER_IRQHandler
                0x0000000008004538                EXTI0_IRQHandler
                0x0000000008004538                I2C2_EV_IRQHandler
                0x0000000008004538                DMA1_Stream2_IRQHandler
                0x0000000008004538                FPU_IRQHandler
                0x0000000008004538                DMA2_Stream2_IRQHandler
                0x0000000008004538                SPI1_IRQHandler
                0x0000000008004538                TIM1_BRK_TIM9_IRQHandler
                0x0000000008004538                DMA2_Stream3_IRQHandler
                0x0000000008004538                USART6_IRQHandler
                0x0000000008004538                DMA2_Stream0_IRQHandler
                0x0000000008004538                TIM4_IRQHandler
                0x0000000008004538                DMA1_Stream1_IRQHandler
                0x0000000008004538                TIM3_IRQHandler
                0x0000000008004538                RCC_IRQHandler
                0x0000000008004538                Default_Handler
                0x0000000008004538                ADC_IRQHandler
                0x0000000008004538                DMA1_Stream7_IRQHandler
                0x0000000008004538                SPI5_IRQHandler
                0x0000000008004538                TIM5_IRQHandler
                0x0000000008004538                DMA2_Stream7_IRQHandler
                0x0000000008004538                I2C3_EV_IRQHandler
                0x0000000008004538                RTC_WKUP_IRQHandler
                0x0000000008004538                SPI2_IRQHandler
                0x0000000008004538                DMA1_Stream0_IRQHandler
                0x0000000008004538                EXTI4_IRQHandler
                0x0000000008004538                WWDG_IRQHandler
                0x0000000008004538                OTG_FS_WKUP_IRQHandler
                0x0000000008004538                TIM1_TRG_COM_TIM11_IRQHandler
                0x0000000008004538                EXTI1_IRQHandler
                0x0000000008004538                I2C2_ER_IRQHandler
                0x0000000008004538                DMA2_Stream1_IRQHandler
                0x0000000008004538                FLASH_IRQHandler
                0x0000000008004538                DMA2_Stream4_IRQHandler
                0x0000000008004538                USART1_IRQHandler
                0x0000000008004538                OTG_FS_IRQHandler
                0x0000000008004538                SPI3_IRQHandler
                0x0000000008004538                DMA1_Stream4_IRQHandler
                0x0000000008004538                DMA2_Stream6_IRQHandler
                0x0000000008004538                DMA1_Stream3_IRQHandler
 *fill*         0x000000000800453a        0x2 
 .text.HAL_Init
                0x000000000800453c       0x44 Drivers/STM32F4xx_HAL_Driver/Src/stm32f4xx_hal.o
                0x000000000800453c                HAL_Init
 .text.HAL_InitTick
                0x0000000008004580       0x60 Drivers/STM32F4xx_HAL_Driver/Src/stm32f4xx_hal.o
                0x0000000008004580                HAL_InitTick
 .text.HAL_IncTick
                0x00000000080045e0       0x28 Drivers/STM32F4xx_HAL_Driver/Src/stm32f4xx_hal.o
                0x00000000080045e0                HAL_IncTick
 .text.HAL_GetTick
                0x0000000008004608       0x18 Drivers/STM32F4xx_HAL_Driver/Src/stm32f4xx_hal.o
                0x0000000008004608                HAL_GetTick
 .text.__NVIC_SetPriorityGrouping
                0x0000000008004620       0x48 Drivers/STM32F4xx_HAL_Driver/Src/stm32f4xx_hal_cortex.o
 .text.__NVIC_GetPriorityGrouping
                0x0000000008004668       0x1c Drivers/STM32F4xx_HAL_Driver/Src/stm32f4xx_hal_cortex.o
 .text.__NVIC_EnableIRQ
                0x0000000008004684       0x3c Drivers/STM32F4xx_HAL_Driver/Src/stm32f4xx_hal_cortex.o
 .text.__NVIC_SetPriority
                0x00000000080046c0       0x54 Drivers/STM32F4xx_HAL_Driver/Src/stm32f4xx_hal_cortex.o
 .text.NVIC_EncodePriority
                0x0000000008004714       0x66 Drivers/STM32F4xx_HAL_Driver/Src/stm32f4xx_hal_cortex.o
 *fill*         0x000000000800477a        0x2 
 .text.SysTick_Config
                0x000000000800477c       0x44 Drivers/STM32F4xx_HAL_Driver/Src/stm32f4xx_hal_cortex.o
 .text.HAL_NVIC_SetPriorityGrouping
                0x00000000080047c0       0x16 Drivers/STM32F4xx_HAL_Driver/Src/stm32f4xx_hal_cortex.o
                0x00000000080047c0                HAL_NVIC_SetPriorityGrouping
 .text.HAL_NVIC_SetPriority
                0x00000000080047d6       0x38 Drivers/STM32F4xx_HAL_Driver/Src/stm32f4xx_hal_cortex.o
                0x00000000080047d6                HAL_NVIC_SetPriority
 .text.HAL_NVIC_EnableIRQ
                0x000000000800480e       0x1c Drivers/STM32F4xx_HAL_Driver/Src/stm32f4xx_hal_cortex.o
                0x000000000800480e                HAL_NVIC_EnableIRQ
 .text.HAL_SYSTICK_Config
                0x000000000800482a       0x18 Drivers/STM32F4xx_HAL_Driver/Src/stm32f4xx_hal_cortex.o
                0x000000000800482a                HAL_SYSTICK_Config
 *fill*         0x0000000008004842        0x2 
 .text.HAL_DMA_Init
                0x0000000008004844      0x15c Drivers/STM32F4xx_HAL_Driver/Src/stm32f4xx_hal_dma.o
                0x0000000008004844                HAL_DMA_Init
 .text.HAL_DMA_Start_IT
                0x00000000080049a0       0xb0 Drivers/STM32F4xx_HAL_Driver/Src/stm32f4xx_hal_dma.o
                0x00000000080049a0                HAL_DMA_Start_IT
 .text.HAL_DMA_Abort
                0x0000000008004a50       0xe0 Drivers/STM32F4xx_HAL_Driver/Src/stm32f4xx_hal_dma.o
                0x0000000008004a50                HAL_DMA_Abort
 .text.HAL_DMA_Abort_IT
                0x0000000008004b30       0x44 Drivers/STM32F4xx_HAL_Driver/Src/stm32f4xx_hal_dma.o
                0x0000000008004b30                HAL_DMA_Abort_IT
 .text.HAL_DMA_IRQHandler
                0x0000000008004b74      0x314 Drivers/STM32F4xx_HAL_Driver/Src/stm32f4xx_hal_dma.o
                0x0000000008004b74                HAL_DMA_IRQHandler
 .text.HAL_DMA_GetState
                0x0000000008004e88       0x1c Drivers/STM32F4xx_HAL_Driver/Src/stm32f4xx_hal_dma.o
                0x0000000008004e88                HAL_DMA_GetState
 .text.DMA_SetConfig
                0x0000000008004ea4       0x5c Drivers/STM32F4xx_HAL_Driver/Src/stm32f4xx_hal_dma.o
 .text.DMA_CalcBaseAndBitshift
                0x0000000008004f00       0x6c Drivers/STM32F4xx_HAL_Driver/Src/stm32f4xx_hal_dma.o
 .text.DMA_CheckFifoParam
                0x0000000008004f6c       0xf8 Drivers/STM32F4xx_HAL_Driver/Src/stm32f4xx_hal_dma.o
 .text.HAL_GPIO_Init
                0x0000000008005064      0x308 Drivers/STM32F4xx_HAL_Driver/Src/stm32f4xx_hal_gpio.o
                0x0000000008005064                HAL_GPIO_Init
 .text.HAL_GPIO_ReadPin
                0x000000000800536c       0x30 Drivers/STM32F4xx_HAL_Driver/Src/stm32f4xx_hal_gpio.o
                0x000000000800536c                HAL_GPIO_ReadPin
 .text.HAL_GPIO_WritePin
                0x000000000800539c       0x32 Drivers/STM32F4xx_HAL_Driver/Src/stm32f4xx_hal_gpio.o
                0x000000000800539c                HAL_GPIO_WritePin
 *fill*         0x00000000080053ce        0x2 
 .text.HAL_GPIO_EXTI_IRQHandler
                0x00000000080053d0       0x30 Drivers/STM32F4xx_HAL_Driver/Src/stm32f4xx_hal_gpio.o
                0x00000000080053d0                HAL_GPIO_EXTI_IRQHandler
 .text.HAL_I2C_Init
                0x0000000008005400      0x288 Drivers/STM32F4xx_HAL_Driver/Src/stm32f4xx_hal_i2c.o
                0x0000000008005400                HAL_I2C_Init
 .text.HAL_I2C_Master_Transmit_IT
                0x0000000008005688      0x14c Drivers/STM32F4xx_HAL_Driver/Src/stm32f4xx_hal_i2c.o
                0x0000000008005688                HAL_I2C_Master_Transmit_IT
 .text.HAL_I2C_Master_Receive_IT
                0x00000000080057d4      0x15c Drivers/STM32F4xx_HAL_Driver/Src/stm32f4xx_hal_i2c.o
                0x00000000080057d4                HAL_I2C_Master_Receive_IT
 .text.HAL_I2C_EV_IRQHandler
                0x0000000008005930      0x2da Drivers/STM32F4xx_HAL_Driver/Src/stm32f4xx_hal_i2c.o
                0x0000000008005930                HAL_I2C_EV_IRQHandler
 .text.HAL_I2C_ER_IRQHandler
                0x0000000008005c0a      0x14e Drivers/STM32F4xx_HAL_Driver/Src/stm32f4xx_hal_i2c.o
                0x0000000008005c0a                HAL_I2C_ER_IRQHandler
 .text.HAL_I2C_MasterTxCpltCallback
                0x0000000008005d58       0x14 Drivers/STM32F4xx_HAL_Driver/Src/stm32f4xx_hal_i2c.o
                0x0000000008005d58                HAL_I2C_MasterTxCpltCallback
 .text.HAL_I2C_MasterRxCpltCallback
                0x0000000008005d6c       0x14 Drivers/STM32F4xx_HAL_Driver/Src/stm32f4xx_hal_i2c.o
                0x0000000008005d6c                HAL_I2C_MasterRxCpltCallback
 .text.HAL_I2C_SlaveTxCpltCallback
                0x0000000008005d80       0x14 Drivers/STM32F4xx_HAL_Driver/Src/stm32f4xx_hal_i2c.o
                0x0000000008005d80                HAL_I2C_SlaveTxCpltCallback
 .text.HAL_I2C_SlaveRxCpltCallback
                0x0000000008005d94       0x14 Drivers/STM32F4xx_HAL_Driver/Src/stm32f4xx_hal_i2c.o
                0x0000000008005d94                HAL_I2C_SlaveRxCpltCallback
 .text.HAL_I2C_AddrCallback
                0x0000000008005da8       0x1c Drivers/STM32F4xx_HAL_Driver/Src/stm32f4xx_hal_i2c.o
                0x0000000008005da8                HAL_I2C_AddrCallback
 .text.HAL_I2C_ListenCpltCallback
                0x0000000008005dc4       0x14 Drivers/STM32F4xx_HAL_Driver/Src/stm32f4xx_hal_i2c.o
                0x0000000008005dc4                HAL_I2C_ListenCpltCallback
 .text.HAL_I2C_MemTxCpltCallback
                0x0000000008005dd8       0x14 Drivers/STM32F4xx_HAL_Driver/Src/stm32f4xx_hal_i2c.o
                0x0000000008005dd8                HAL_I2C_MemTxCpltCallback
 .text.HAL_I2C_MemRxCpltCallback
                0x0000000008005dec       0x14 Drivers/STM32F4xx_HAL_Driver/Src/stm32f4xx_hal_i2c.o
                0x0000000008005dec                HAL_I2C_MemRxCpltCallback
 .text.HAL_I2C_ErrorCallback
                0x0000000008005e00       0x14 Drivers/STM32F4xx_HAL_Driver/Src/stm32f4xx_hal_i2c.o
                0x0000000008005e00                HAL_I2C_ErrorCallback
 .text.HAL_I2C_AbortCpltCallback
                0x0000000008005e14       0x14 Drivers/STM32F4xx_HAL_Driver/Src/stm32f4xx_hal_i2c.o
                0x0000000008005e14                HAL_I2C_AbortCpltCallback
 .text.I2C_MasterTransmit_TXE
                0x0000000008005e28      0x138 Drivers/STM32F4xx_HAL_Driver/Src/stm32f4xx_hal_i2c.o
 .text.I2C_MasterTransmit_BTF
                0x0000000008005f60       0xd0 Drivers/STM32F4xx_HAL_Driver/Src/stm32f4xx_hal_i2c.o
 .text.I2C_MemoryTransmit_TXE_BTF
                0x0000000008006030      0x11e Drivers/STM32F4xx_HAL_Driver/Src/stm32f4xx_hal_i2c.o
 .text.I2C_MasterReceive_RXNE
                0x000000000800614e      0x162 Drivers/STM32F4xx_HAL_Driver/Src/stm32f4xx_hal_i2c.o
 .text.I2C_MasterReceive_BTF
                0x00000000080062b0      0x1d4 Drivers/STM32F4xx_HAL_Driver/Src/stm32f4xx_hal_i2c.o
 .text.I2C_Master_SB
                0x0000000008006484      0x10c Drivers/STM32F4xx_HAL_Driver/Src/stm32f4xx_hal_i2c.o
 .text.I2C_Master_ADD10
                0x0000000008006590       0x54 Drivers/STM32F4xx_HAL_Driver/Src/stm32f4xx_hal_i2c.o
 .text.I2C_Master_ADDR
                0x00000000080065e4      0x322 Drivers/STM32F4xx_HAL_Driver/Src/stm32f4xx_hal_i2c.o
 .text.I2C_SlaveTransmit_TXE
                0x0000000008006906       0x7a Drivers/STM32F4xx_HAL_Driver/Src/stm32f4xx_hal_i2c.o
 .text.I2C_SlaveTransmit_BTF
                0x0000000008006980       0x42 Drivers/STM32F4xx_HAL_Driver/Src/stm32f4xx_hal_i2c.o
 .text.I2C_SlaveReceive_RXNE
                0x00000000080069c2       0x7c Drivers/STM32F4xx_HAL_Driver/Src/stm32f4xx_hal_i2c.o
 .text.I2C_SlaveReceive_BTF
                0x0000000008006a3e       0x44 Drivers/STM32F4xx_HAL_Driver/Src/stm32f4xx_hal_i2c.o
 .text.I2C_Slave_ADDR
                0x0000000008006a82       0x88 Drivers/STM32F4xx_HAL_Driver/Src/stm32f4xx_hal_i2c.o
 *fill*         0x0000000008006b0a        0x2 
 .text.I2C_Slave_STOPF
                0x0000000008006b0c      0x260 Drivers/STM32F4xx_HAL_Driver/Src/stm32f4xx_hal_i2c.o
 .text.I2C_Slave_AF
                0x0000000008006d6c       0xe0 Drivers/STM32F4xx_HAL_Driver/Src/stm32f4xx_hal_i2c.o
 .text.I2C_ITError
                0x0000000008006e4c      0x264 Drivers/STM32F4xx_HAL_Driver/Src/stm32f4xx_hal_i2c.o
 .text.I2C_DMAAbort
                0x00000000080070b0      0x150 Drivers/STM32F4xx_HAL_Driver/Src/stm32f4xx_hal_i2c.o
 .text.I2C_WaitOnSTOPRequestThroughIT
                0x0000000008007200       0x64 Drivers/STM32F4xx_HAL_Driver/Src/stm32f4xx_hal_i2c.o
 .text.I2C_ConvertOtherXferOptions
                0x0000000008007264       0x36 Drivers/STM32F4xx_HAL_Driver/Src/stm32f4xx_hal_i2c.o
 *fill*         0x000000000800729a        0x2 
 .text.HAL_RCC_OscConfig
                0x000000000800729c      0x4f0 Drivers/STM32F4xx_HAL_Driver/Src/stm32f4xx_hal_rcc.o
                0x000000000800729c                HAL_RCC_OscConfig
 .text.HAL_RCC_ClockConfig
                0x000000000800778c      0x1cc Drivers/STM32F4xx_HAL_Driver/Src/stm32f4xx_hal_rcc.o
                0x000000000800778c                HAL_RCC_ClockConfig
 .text.HAL_RCC_GetSysClockFreq
                0x0000000008007958      0x1c4 Drivers/STM32F4xx_HAL_Driver/Src/stm32f4xx_hal_rcc.o
                0x0000000008007958                HAL_RCC_GetSysClockFreq
 .text.HAL_RCC_GetHCLKFreq
                0x0000000008007b1c       0x18 Drivers/STM32F4xx_HAL_Driver/Src/stm32f4xx_hal_rcc.o
                0x0000000008007b1c                HAL_RCC_GetHCLKFreq
 .text.HAL_RCC_GetPCLK1Freq
                0x0000000008007b34       0x28 Drivers/STM32F4xx_HAL_Driver/Src/stm32f4xx_hal_rcc.o
                0x0000000008007b34                HAL_RCC_GetPCLK1Freq
 .text.HAL_RCC_GetPCLK2Freq
                0x0000000008007b5c       0x28 Drivers/STM32F4xx_HAL_Driver/Src/stm32f4xx_hal_rcc.o
                0x0000000008007b5c                HAL_RCC_GetPCLK2Freq
 .text.HAL_TIM_Base_Init
                0x0000000008007b84       0x9e Drivers/STM32F4xx_HAL_Driver/Src/stm32f4xx_hal_tim.o
                0x0000000008007b84                HAL_TIM_Base_Init
 *fill*         0x0000000008007c22        0x2 
 .text.HAL_TIM_Base_Start
                0x0000000008007c24       0xb4 Drivers/STM32F4xx_HAL_Driver/Src/stm32f4xx_hal_tim.o
                0x0000000008007c24                HAL_TIM_Base_Start
 .text.HAL_TIM_Base_Start_IT
                0x0000000008007cd8       0xc4 Drivers/STM32F4xx_HAL_Driver/Src/stm32f4xx_hal_tim.o
                0x0000000008007cd8                HAL_TIM_Base_Start_IT
 .text.HAL_TIM_PWM_Init
                0x0000000008007d9c       0x9e Drivers/STM32F4xx_HAL_Driver/Src/stm32f4xx_hal_tim.o
                0x0000000008007d9c                HAL_TIM_PWM_Init
 .text.HAL_TIM_PWM_MspInit
                0x0000000008007e3a       0x14 Drivers/STM32F4xx_HAL_Driver/Src/stm32f4xx_hal_tim.o
                0x0000000008007e3a                HAL_TIM_PWM_MspInit
 *fill*         0x0000000008007e4e        0x2 
 .text.HAL_TIM_PWM_Start
                0x0000000008007e50      0x160 Drivers/STM32F4xx_HAL_Driver/Src/stm32f4xx_hal_tim.o
                0x0000000008007e50                HAL_TIM_PWM_Start
 .text.HAL_TIM_Encoder_Init
                0x0000000008007fb0      0x14c Drivers/STM32F4xx_HAL_Driver/Src/stm32f4xx_hal_tim.o
                0x0000000008007fb0                HAL_TIM_Encoder_Init
 .text.HAL_TIM_Encoder_Start
                0x00000000080080fc      0x11c Drivers/STM32F4xx_HAL_Driver/Src/stm32f4xx_hal_tim.o
                0x00000000080080fc                HAL_TIM_Encoder_Start
 .text.HAL_TIM_IRQHandler
                0x0000000008008218      0x210 Drivers/STM32F4xx_HAL_Driver/Src/stm32f4xx_hal_tim.o
                0x0000000008008218                HAL_TIM_IRQHandler
 .text.HAL_TIM_PWM_ConfigChannel
                0x0000000008008428      0x17c Drivers/STM32F4xx_HAL_Driver/Src/stm32f4xx_hal_tim.o
                0x0000000008008428                HAL_TIM_PWM_ConfigChannel
 .text.HAL_TIM_ConfigClockSource
                0x00000000080085a4      0x188 Drivers/STM32F4xx_HAL_Driver/Src/stm32f4xx_hal_tim.o
                0x00000000080085a4                HAL_TIM_ConfigClockSource
 .text.HAL_TIM_OC_DelayElapsedCallback
                0x000000000800872c       0x14 Drivers/STM32F4xx_HAL_Driver/Src/stm32f4xx_hal_tim.o
                0x000000000800872c                HAL_TIM_OC_DelayElapsedCallback
 .text.HAL_TIM_IC_CaptureCallback
                0x0000000008008740       0x14 Drivers/STM32F4xx_HAL_Driver/Src/stm32f4xx_hal_tim.o
                0x0000000008008740                HAL_TIM_IC_CaptureCallback
 .text.HAL_TIM_PWM_PulseFinishedCallback
                0x0000000008008754       0x14 Drivers/STM32F4xx_HAL_Driver/Src/stm32f4xx_hal_tim.o
                0x0000000008008754                HAL_TIM_PWM_PulseFinishedCallback
 .text.HAL_TIM_TriggerCallback
                0x0000000008008768       0x14 Drivers/STM32F4xx_HAL_Driver/Src/stm32f4xx_hal_tim.o
                0x0000000008008768                HAL_TIM_TriggerCallback
 .text.TIM_Base_SetConfig
                0x000000000800877c      0x100 Drivers/STM32F4xx_HAL_Driver/Src/stm32f4xx_hal_tim.o
                0x000000000800877c                TIM_Base_SetConfig
 .text.TIM_OC1_SetConfig
                0x000000000800887c       0xcc Drivers/STM32F4xx_HAL_Driver/Src/stm32f4xx_hal_tim.o
 .text.TIM_OC2_SetConfig
                0x0000000008008948       0xd8 Drivers/STM32F4xx_HAL_Driver/Src/stm32f4xx_hal_tim.o
                0x0000000008008948                TIM_OC2_SetConfig
 .text.TIM_OC3_SetConfig
                0x0000000008008a20       0xd4 Drivers/STM32F4xx_HAL_Driver/Src/stm32f4xx_hal_tim.o
 .text.TIM_OC4_SetConfig
                0x0000000008008af4       0xa0 Drivers/STM32F4xx_HAL_Driver/Src/stm32f4xx_hal_tim.o
 .text.TIM_TI1_ConfigInputStage
                0x0000000008008b94       0x5e Drivers/STM32F4xx_HAL_Driver/Src/stm32f4xx_hal_tim.o
 .text.TIM_TI2_ConfigInputStage
                0x0000000008008bf2       0x60 Drivers/STM32F4xx_HAL_Driver/Src/stm32f4xx_hal_tim.o
 .text.TIM_ITRx_SetConfig
                0x0000000008008c52       0x36 Drivers/STM32F4xx_HAL_Driver/Src/stm32f4xx_hal_tim.o
 .text.TIM_ETR_SetConfig
                0x0000000008008c88       0x40 Drivers/STM32F4xx_HAL_Driver/Src/stm32f4xx_hal_tim.o
                0x0000000008008c88                TIM_ETR_SetConfig
 .text.TIM_CCxChannelCmd
                0x0000000008008cc8       0x4a Drivers/STM32F4xx_HAL_Driver/Src/stm32f4xx_hal_tim.o
                0x0000000008008cc8                TIM_CCxChannelCmd
 *fill*         0x0000000008008d12        0x2 
 .text.HAL_TIMEx_MasterConfigSynchronization
                0x0000000008008d14       0xdc Drivers/STM32F4xx_HAL_Driver/Src/stm32f4xx_hal_tim_ex.o
                0x0000000008008d14                HAL_TIMEx_MasterConfigSynchronization
 .text.HAL_TIMEx_CommutCallback
                0x0000000008008df0       0x14 Drivers/STM32F4xx_HAL_Driver/Src/stm32f4xx_hal_tim_ex.o
                0x0000000008008df0                HAL_TIMEx_CommutCallback
 .text.HAL_TIMEx_BreakCallback
                0x0000000008008e04       0x14 Drivers/STM32F4xx_HAL_Driver/Src/stm32f4xx_hal_tim_ex.o
                0x0000000008008e04                HAL_TIMEx_BreakCallback
 .text.HAL_UART_Init
                0x0000000008008e18       0x9a Drivers/STM32F4xx_HAL_Driver/Src/stm32f4xx_hal_uart.o
                0x0000000008008e18                HAL_UART_Init
 *fill*         0x0000000008008eb2        0x2 
 .text.HAL_UART_Transmit_DMA
                0x0000000008008eb4       0xd8 Drivers/STM32F4xx_HAL_Driver/Src/stm32f4xx_hal_uart.o
                0x0000000008008eb4                HAL_UART_Transmit_DMA
 .text.HAL_UART_Receive_DMA
                0x0000000008008f8c       0x60 Drivers/STM32F4xx_HAL_Driver/Src/stm32f4xx_hal_uart.o
                0x0000000008008f8c                HAL_UART_Receive_DMA
 .text.HAL_UART_IRQHandler
                0x0000000008008fec      0x358 Drivers/STM32F4xx_HAL_Driver/Src/stm32f4xx_hal_uart.o
                0x0000000008008fec                HAL_UART_IRQHandler
 .text.HAL_UART_TxCpltCallback
                0x0000000008009344       0x14 Drivers/STM32F4xx_HAL_Driver/Src/stm32f4xx_hal_uart.o
                0x0000000008009344                HAL_UART_TxCpltCallback
 .text.HAL_UART_TxHalfCpltCallback
                0x0000000008009358       0x14 Drivers/STM32F4xx_HAL_Driver/Src/stm32f4xx_hal_uart.o
                0x0000000008009358                HAL_UART_TxHalfCpltCallback
 .text.HAL_UART_RxCpltCallback
                0x000000000800936c       0x14 Drivers/STM32F4xx_HAL_Driver/Src/stm32f4xx_hal_uart.o
                0x000000000800936c                HAL_UART_RxCpltCallback
 .text.HAL_UART_RxHalfCpltCallback
                0x0000000008009380       0x14 Drivers/STM32F4xx_HAL_Driver/Src/stm32f4xx_hal_uart.o
                0x0000000008009380                HAL_UART_RxHalfCpltCallback
 .text.HAL_UART_ErrorCallback
                0x0000000008009394       0x14 Drivers/STM32F4xx_HAL_Driver/Src/stm32f4xx_hal_uart.o
                0x0000000008009394                HAL_UART_ErrorCallback
 .text.HAL_UARTEx_RxEventCallback
                0x00000000080093a8       0x18 Drivers/STM32F4xx_HAL_Driver/Src/stm32f4xx_hal_uart.o
                0x00000000080093a8                HAL_UARTEx_RxEventCallback
 .text.UART_DMATransmitCplt
                0x00000000080093c0       0x52 Drivers/STM32F4xx_HAL_Driver/Src/stm32f4xx_hal_uart.o
 .text.UART_DMATxHalfCplt
                0x0000000008009412       0x1c Drivers/STM32F4xx_HAL_Driver/Src/stm32f4xx_hal_uart.o
 .text.UART_DMAReceiveCplt
                0x000000000800942e       0x96 Drivers/STM32F4xx_HAL_Driver/Src/stm32f4xx_hal_uart.o
 .text.UART_DMARxHalfCplt
                0x00000000080094c4       0x36 Drivers/STM32F4xx_HAL_Driver/Src/stm32f4xx_hal_uart.o
 .text.UART_DMAError
                0x00000000080094fa       0x94 Drivers/STM32F4xx_HAL_Driver/Src/stm32f4xx_hal_uart.o
 *fill*         0x000000000800958e        0x2 
 .text.UART_Start_Receive_DMA
                0x0000000008009590       0xc8 Drivers/STM32F4xx_HAL_Driver/Src/stm32f4xx_hal_uart.o
                0x0000000008009590                UART_Start_Receive_DMA
 .text.UART_EndTxTransfer
                0x0000000008009658       0x2c Drivers/STM32F4xx_HAL_Driver/Src/stm32f4xx_hal_uart.o
 .text.UART_EndRxTransfer
                0x0000000008009684       0x5a Drivers/STM32F4xx_HAL_Driver/Src/stm32f4xx_hal_uart.o
 .text.UART_DMAAbortOnError
                0x00000000080096de       0x28 Drivers/STM32F4xx_HAL_Driver/Src/stm32f4xx_hal_uart.o
 .text.UART_Transmit_IT
                0x0000000008009706       0xa0 Drivers/STM32F4xx_HAL_Driver/Src/stm32f4xx_hal_uart.o
 .text.UART_EndTransmit_IT
                0x00000000080097a6       0x30 Drivers/STM32F4xx_HAL_Driver/Src/stm32f4xx_hal_uart.o
 .text.UART_Receive_IT
                0x00000000080097d6      0x12e Drivers/STM32F4xx_HAL_Driver/Src/stm32f4xx_hal_uart.o
 .text.UART_SetConfig
                0x0000000008009904      0x390 Drivers/STM32F4xx_HAL_Driver/Src/stm32f4xx_hal_uart.o
 .text.calloc   0x0000000008009c94       0x10 c:/st/stm32cubeide_1.5.1/stm32cubeide/plugins/com.st.stm32cube.ide.mcu.externaltools.gnu-tools-for-stm32.9-2020-q2-update.win32_1.5.0.202011040924/tools/bin/../lib/gcc/arm-none-eabi/9.3.1/../../../../arm-none-eabi/lib/thumb/v7e-m+fp/hard\libc_nano.a(lib_a-calloc.o)
                0x0000000008009c94                calloc
 .text.__errno  0x0000000008009ca4        0xc c:/st/stm32cubeide_1.5.1/stm32cubeide/plugins/com.st.stm32cube.ide.mcu.externaltools.gnu-tools-for-stm32.9-2020-q2-update.win32_1.5.0.202011040924/tools/bin/../lib/gcc/arm-none-eabi/9.3.1/../../../../arm-none-eabi/lib/thumb/v7e-m+fp/hard\libc_nano.a(lib_a-errno.o)
                0x0000000008009ca4                __errno
 .text.__libc_init_array
                0x0000000008009cb0       0x48 c:/st/stm32cubeide_1.5.1/stm32cubeide/plugins/com.st.stm32cube.ide.mcu.externaltools.gnu-tools-for-stm32.9-2020-q2-update.win32_1.5.0.202011040924/tools/bin/../lib/gcc/arm-none-eabi/9.3.1/../../../../arm-none-eabi/lib/thumb/v7e-m+fp/hard\libc_nano.a(lib_a-init.o)
                0x0000000008009cb0                __libc_init_array
 .text.memcpy   0x0000000008009cf8       0x1c c:/st/stm32cubeide_1.5.1/stm32cubeide/plugins/com.st.stm32cube.ide.mcu.externaltools.gnu-tools-for-stm32.9-2020-q2-update.win32_1.5.0.202011040924/tools/bin/../lib/gcc/arm-none-eabi/9.3.1/../../../../arm-none-eabi/lib/thumb/v7e-m+fp/hard\libc_nano.a(lib_a-memcpy-stub.o)
                0x0000000008009cf8                memcpy
 .text.memset   0x0000000008009d14       0x10 c:/st/stm32cubeide_1.5.1/stm32cubeide/plugins/com.st.stm32cube.ide.mcu.externaltools.gnu-tools-for-stm32.9-2020-q2-update.win32_1.5.0.202011040924/tools/bin/../lib/gcc/arm-none-eabi/9.3.1/../../../../arm-none-eabi/lib/thumb/v7e-m+fp/hard\libc_nano.a(lib_a-memset.o)
                0x0000000008009d14                memset
 .text._calloc_r
                0x0000000008009d24       0x1e c:/st/stm32cubeide_1.5.1/stm32cubeide/plugins/com.st.stm32cube.ide.mcu.externaltools.gnu-tools-for-stm32.9-2020-q2-update.win32_1.5.0.202011040924/tools/bin/../lib/gcc/arm-none-eabi/9.3.1/../../../../arm-none-eabi/lib/thumb/v7e-m+fp/hard\libc_nano.a(lib_a-nano-callocr.o)
                0x0000000008009d24                _calloc_r
 *fill*         0x0000000008009d42        0x2 
 .text._malloc_r
                0x0000000008009d44       0xb4 c:/st/stm32cubeide_1.5.1/stm32cubeide/plugins/com.st.stm32cube.ide.mcu.externaltools.gnu-tools-for-stm32.9-2020-q2-update.win32_1.5.0.202011040924/tools/bin/../lib/gcc/arm-none-eabi/9.3.1/../../../../arm-none-eabi/lib/thumb/v7e-m+fp/hard\libc_nano.a(lib_a-nano-mallocr.o)
                0x0000000008009d44                _malloc_r
 .text._sbrk_r  0x0000000008009df8       0x20 c:/st/stm32cubeide_1.5.1/stm32cubeide/plugins/com.st.stm32cube.ide.mcu.externaltools.gnu-tools-for-stm32.9-2020-q2-update.win32_1.5.0.202011040924/tools/bin/../lib/gcc/arm-none-eabi/9.3.1/../../../../arm-none-eabi/lib/thumb/v7e-m+fp/hard\libc_nano.a(lib_a-sbrkr.o)
                0x0000000008009df8                _sbrk_r
 .text.__malloc_lock
                0x0000000008009e18        0xc c:/st/stm32cubeide_1.5.1/stm32cubeide/plugins/com.st.stm32cube.ide.mcu.externaltools.gnu-tools-for-stm32.9-2020-q2-update.win32_1.5.0.202011040924/tools/bin/../lib/gcc/arm-none-eabi/9.3.1/../../../../arm-none-eabi/lib/thumb/v7e-m+fp/hard\libc_nano.a(lib_a-mlock.o)
                0x0000000008009e18                __malloc_lock
 .text.__malloc_unlock
                0x0000000008009e24        0xc c:/st/stm32cubeide_1.5.1/stm32cubeide/plugins/com.st.stm32cube.ide.mcu.externaltools.gnu-tools-for-stm32.9-2020-q2-update.win32_1.5.0.202011040924/tools/bin/../lib/gcc/arm-none-eabi/9.3.1/../../../../arm-none-eabi/lib/thumb/v7e-m+fp/hard\libc_nano.a(lib_a-mlock.o)
                0x0000000008009e24                __malloc_unlock
 .text.__retarget_lock_acquire_recursive
                0x0000000008009e30        0x2 c:/st/stm32cubeide_1.5.1/stm32cubeide/plugins/com.st.stm32cube.ide.mcu.externaltools.gnu-tools-for-stm32.9-2020-q2-update.win32_1.5.0.202011040924/tools/bin/../lib/gcc/arm-none-eabi/9.3.1/../../../../arm-none-eabi/lib/thumb/v7e-m+fp/hard\libc_nano.a(lib_a-lock.o)
                0x0000000008009e30                __retarget_lock_acquire_recursive
 .text.__retarget_lock_release_recursive
                0x0000000008009e32        0x2 c:/st/stm32cubeide_1.5.1/stm32cubeide/plugins/com.st.stm32cube.ide.mcu.externaltools.gnu-tools-for-stm32.9-2020-q2-update.win32_1.5.0.202011040924/tools/bin/../lib/gcc/arm-none-eabi/9.3.1/../../../../arm-none-eabi/lib/thumb/v7e-m+fp/hard\libc_nano.a(lib_a-lock.o)
                0x0000000008009e32                __retarget_lock_release_recursive
 .text.sqrt     0x0000000008009e34       0x68 c:/st/stm32cubeide_1.5.1/stm32cubeide/plugins/com.st.stm32cube.ide.mcu.externaltools.gnu-tools-for-stm32.9-2020-q2-update.win32_1.5.0.202011040924/tools/bin/../lib/gcc/arm-none-eabi/9.3.1/../../../../arm-none-eabi/lib/thumb/v7e-m+fp/hard\libm.a(lib_a-w_sqrt.o)
                0x0000000008009e34                sqrt
 .text.__ieee754_sqrt
                0x0000000008009e9c      0x168 c:/st/stm32cubeide_1.5.1/stm32cubeide/plugins/com.st.stm32cube.ide.mcu.externaltools.gnu-tools-for-stm32.9-2020-q2-update.win32_1.5.0.202011040924/tools/bin/../lib/gcc/arm-none-eabi/9.3.1/../../../../arm-none-eabi/lib/thumb/v7e-m+fp/hard\libm.a(lib_a-e_sqrt.o)
                0x0000000008009e9c                __ieee754_sqrt
 *(.glue_7)
 .glue_7        0x000000000800a004        0x0 linker stubs
 *(.glue_7t)
 .glue_7t       0x000000000800a004        0x0 linker stubs
 *(.eh_frame)
 .eh_frame      0x000000000800a004        0x0 c:/st/stm32cubeide_1.5.1/stm32cubeide/plugins/com.st.stm32cube.ide.mcu.externaltools.gnu-tools-for-stm32.9-2020-q2-update.win32_1.5.0.202011040924/tools/bin/../lib/gcc/arm-none-eabi/9.3.1/thumb/v7e-m+fp/hard/crtbegin.o
 *(.init)
 .init          0x000000000800a004        0x4 c:/st/stm32cubeide_1.5.1/stm32cubeide/plugins/com.st.stm32cube.ide.mcu.externaltools.gnu-tools-for-stm32.9-2020-q2-update.win32_1.5.0.202011040924/tools/bin/../lib/gcc/arm-none-eabi/9.3.1/thumb/v7e-m+fp/hard/crti.o
                0x000000000800a004                _init
 .init          0x000000000800a008        0x8 c:/st/stm32cubeide_1.5.1/stm32cubeide/plugins/com.st.stm32cube.ide.mcu.externaltools.gnu-tools-for-stm32.9-2020-q2-update.win32_1.5.0.202011040924/tools/bin/../lib/gcc/arm-none-eabi/9.3.1/thumb/v7e-m+fp/hard/crtn.o
 *(.fini)
 .fini          0x000000000800a010        0x4 c:/st/stm32cubeide_1.5.1/stm32cubeide/plugins/com.st.stm32cube.ide.mcu.externaltools.gnu-tools-for-stm32.9-2020-q2-update.win32_1.5.0.202011040924/tools/bin/../lib/gcc/arm-none-eabi/9.3.1/thumb/v7e-m+fp/hard/crti.o
                0x000000000800a010                _fini
 .fini          0x000000000800a014        0x8 c:/st/stm32cubeide_1.5.1/stm32cubeide/plugins/com.st.stm32cube.ide.mcu.externaltools.gnu-tools-for-stm32.9-2020-q2-update.win32_1.5.0.202011040924/tools/bin/../lib/gcc/arm-none-eabi/9.3.1/thumb/v7e-m+fp/hard/crtn.o
                0x000000000800a01c                . = ALIGN (0x4)
                0x000000000800a01c                _etext = .

.vfp11_veneer   0x000000000800a01c        0x0
 .vfp11_veneer  0x000000000800a01c        0x0 linker stubs

.v4_bx          0x000000000800a01c        0x0
 .v4_bx         0x000000000800a01c        0x0 linker stubs

.iplt           0x000000000800a01c        0x0
 .iplt          0x000000000800a01c        0x0 c:/st/stm32cubeide_1.5.1/stm32cubeide/plugins/com.st.stm32cube.ide.mcu.externaltools.gnu-tools-for-stm32.9-2020-q2-update.win32_1.5.0.202011040924/tools/bin/../lib/gcc/arm-none-eabi/9.3.1/thumb/v7e-m+fp/hard/crtbegin.o

.rodata         0x000000000800a01c       0x38
                0x000000000800a01c                . = ALIGN (0x4)
 *(.rodata)
 .rodata        0x000000000800a01c       0x16 Core/Src/main.o
 *(.rodata*)
 *fill*         0x000000000800a032        0x2 
 .rodata.AHBPrescTable
                0x000000000800a034       0x10 Core/Src/system_stm32f4xx.o
                0x000000000800a034                AHBPrescTable
 .rodata.APBPrescTable
                0x000000000800a044        0x8 Core/Src/system_stm32f4xx.o
                0x000000000800a044                APBPrescTable
 .rodata.flagBitshiftOffset.8403
                0x000000000800a04c        0x8 Drivers/STM32F4xx_HAL_Driver/Src/stm32f4xx_hal_dma.o
                0x000000000800a054                . = ALIGN (0x4)

.ARM.extab      0x000000000800a054        0x0
                0x000000000800a054                . = ALIGN (0x4)
 *(.ARM.extab* .gnu.linkonce.armextab.*)
                0x000000000800a054                . = ALIGN (0x4)

.ARM            0x000000000800a054        0x8
                0x000000000800a054                . = ALIGN (0x4)
                0x000000000800a054                __exidx_start = .
 *(.ARM.exidx*)
 .ARM.exidx     0x000000000800a054        0x8 c:/st/stm32cubeide_1.5.1/stm32cubeide/plugins/com.st.stm32cube.ide.mcu.externaltools.gnu-tools-for-stm32.9-2020-q2-update.win32_1.5.0.202011040924/tools/bin/../lib/gcc/arm-none-eabi/9.3.1/thumb/v7e-m+fp/hard\libgcc.a(_udivmoddi4.o)
                0x000000000800a05c                __exidx_end = .
                0x000000000800a05c                . = ALIGN (0x4)

.rel.dyn        0x000000000800a05c        0x0
 .rel.iplt      0x000000000800a05c        0x0 c:/st/stm32cubeide_1.5.1/stm32cubeide/plugins/com.st.stm32cube.ide.mcu.externaltools.gnu-tools-for-stm32.9-2020-q2-update.win32_1.5.0.202011040924/tools/bin/../lib/gcc/arm-none-eabi/9.3.1/thumb/v7e-m+fp/hard/crtbegin.o

.preinit_array  0x000000000800a05c        0x0
                0x000000000800a05c                . = ALIGN (0x4)
                0x000000000800a05c                PROVIDE (__preinit_array_start = .)
 *(.preinit_array*)
                0x000000000800a05c                PROVIDE (__preinit_array_end = .)
                0x000000000800a05c                . = ALIGN (0x4)

.init_array     0x000000000800a05c        0x4
                0x000000000800a05c                . = ALIGN (0x4)
                0x000000000800a05c                PROVIDE (__init_array_start = .)
 *(SORT_BY_NAME(.init_array.*))
 *(.init_array*)
 .init_array    0x000000000800a05c        0x4 c:/st/stm32cubeide_1.5.1/stm32cubeide/plugins/com.st.stm32cube.ide.mcu.externaltools.gnu-tools-for-stm32.9-2020-q2-update.win32_1.5.0.202011040924/tools/bin/../lib/gcc/arm-none-eabi/9.3.1/thumb/v7e-m+fp/hard/crtbegin.o
                0x000000000800a060                PROVIDE (__init_array_end = .)
                0x000000000800a060                . = ALIGN (0x4)

.fini_array     0x000000000800a060        0x4
                0x000000000800a060                . = ALIGN (0x4)
                [!provide]                        PROVIDE (__fini_array_start = .)
 *(SORT_BY_NAME(.fini_array.*))
 *(.fini_array*)
 .fini_array    0x000000000800a060        0x4 c:/st/stm32cubeide_1.5.1/stm32cubeide/plugins/com.st.stm32cube.ide.mcu.externaltools.gnu-tools-for-stm32.9-2020-q2-update.win32_1.5.0.202011040924/tools/bin/../lib/gcc/arm-none-eabi/9.3.1/thumb/v7e-m+fp/hard/crtbegin.o
                [!provide]                        PROVIDE (__fini_array_end = .)
                0x000000000800a064                . = ALIGN (0x4)
                0x000000000800a064                _sidata = LOADADDR (.data)

.data           0x0000000020000000       0x8c load address 0x000000000800a064
                0x0000000020000000                . = ALIGN (0x4)
                0x0000000020000000                _sdata = .
 *(.data)
 *(.data*)
 .data.StationPos
                0x0000000020000000       0x14 Core/Src/main.o
                0x0000000020000000                StationPos
 .data.AcceptableError
                0x0000000020000014        0x1 Core/Src/main.o
                0x0000000020000014                AcceptableError
 *fill*         0x0000000020000015        0x3 
 .data.SystemCoreClock
                0x0000000020000018        0x4 Core/Src/system_stm32f4xx.o
                0x0000000020000018                SystemCoreClock
 .data.uwTickPrio
                0x000000002000001c        0x4 Drivers/STM32F4xx_HAL_Driver/Src/stm32f4xx_hal.o
                0x000000002000001c                uwTickPrio
 .data.uwTickFreq
                0x0000000020000020        0x1 Drivers/STM32F4xx_HAL_Driver/Src/stm32f4xx_hal.o
                0x0000000020000020                uwTickFreq
 *fill*         0x0000000020000021        0x3 
 .data._impure_ptr
                0x0000000020000024        0x4 c:/st/stm32cubeide_1.5.1/stm32cubeide/plugins/com.st.stm32cube.ide.mcu.externaltools.gnu-tools-for-stm32.9-2020-q2-update.win32_1.5.0.202011040924/tools/bin/../lib/gcc/arm-none-eabi/9.3.1/../../../../arm-none-eabi/lib/thumb/v7e-m+fp/hard\libc_nano.a(lib_a-impure.o)
                0x0000000020000024                _impure_ptr
 .data.impure_data
                0x0000000020000028       0x60 c:/st/stm32cubeide_1.5.1/stm32cubeide/plugins/com.st.stm32cube.ide.mcu.externaltools.gnu-tools-for-stm32.9-2020-q2-update.win32_1.5.0.202011040924/tools/bin/../lib/gcc/arm-none-eabi/9.3.1/../../../../arm-none-eabi/lib/thumb/v7e-m+fp/hard\libc_nano.a(lib_a-impure.o)
 .data.__fdlib_version
                0x0000000020000088        0x1 c:/st/stm32cubeide_1.5.1/stm32cubeide/plugins/com.st.stm32cube.ide.mcu.externaltools.gnu-tools-for-stm32.9-2020-q2-update.win32_1.5.0.202011040924/tools/bin/../lib/gcc/arm-none-eabi/9.3.1/../../../../arm-none-eabi/lib/thumb/v7e-m+fp/hard\libm.a(lib_a-s_lib_ver.o)
                0x0000000020000088                __fdlib_version
 *(.RamFunc)
 *(.RamFunc*)
                0x000000002000008c                . = ALIGN (0x4)
 *fill*         0x0000000020000089        0x3 
                0x000000002000008c                _edata = .

.igot.plt       0x000000002000008c        0x0 load address 0x000000000800a0f0
 .igot.plt      0x000000002000008c        0x0 c:/st/stm32cubeide_1.5.1/stm32cubeide/plugins/com.st.stm32cube.ide.mcu.externaltools.gnu-tools-for-stm32.9-2020-q2-update.win32_1.5.0.202011040924/tools/bin/../lib/gcc/arm-none-eabi/9.3.1/thumb/v7e-m+fp/hard/crtbegin.o
                0x000000002000008c                . = ALIGN (0x4)

.bss            0x0000000020000090      0x60c load address 0x000000000800a0f0
                0x0000000020000090                _sbss = .
                0x0000000020000090                __bss_start__ = _sbss
 *(.bss)
 .bss           0x0000000020000090       0x1c c:/st/stm32cubeide_1.5.1/stm32cubeide/plugins/com.st.stm32cube.ide.mcu.externaltools.gnu-tools-for-stm32.9-2020-q2-update.win32_1.5.0.202011040924/tools/bin/../lib/gcc/arm-none-eabi/9.3.1/thumb/v7e-m+fp/hard/crtbegin.o
 *(.bss*)
 .bss.pidSetZeroFlag
                0x00000000200000ac        0x1 Core/Src/main.o
                0x00000000200000ac                pidSetZeroFlag
 *fill*         0x00000000200000ad        0x3 
 .bss._micros   0x00000000200000b0        0x8 Core/Src/main.o
                0x00000000200000b0                _micros
 .bss.UART2     0x00000000200000b8       0x18 Core/Src/main.o
                0x00000000200000b8                UART2
 .bss.DCMotorStruc
                0x00000000200000d0        0x8 Core/Src/main.o
                0x00000000200000d0                DCMotorStruc
 .bss.Munmunbot_Protocol_State
                0x00000000200000d8        0x1 Core/Src/main.o
                0x00000000200000d8                Munmunbot_Protocol_State
 .bss.Munmunbot_State
                0x00000000200000d9        0x1 Core/Src/main.o
                0x00000000200000d9                Munmunbot_State
 .bss.SethomeMode
                0x00000000200000da        0x1 Core/Src/main.o
                0x00000000200000da                SethomeMode
 *fill*         0x00000000200000db        0x1 
 .bss.Angularpos_InputArray
                0x00000000200000dc       0xff Core/Src/main.o
                0x00000000200000dc                Angularpos_InputArray
 *fill*         0x00000000200001db        0x1 
 .bss.Angularpos_InputNumber
                0x00000000200001dc        0x2 Core/Src/main.o
                0x00000000200001dc                Angularpos_InputNumber
 .bss.MovingLinkMode
                0x00000000200001de        0x1 Core/Src/main.o
                0x00000000200001de                MovingLinkMode
 .bss.Current_Station
                0x00000000200001df        0x1 Core/Src/main.o
                0x00000000200001df                Current_Station
 .bss.NumberOfStationToGo
                0x00000000200001e0        0x1 Core/Src/main.o
                0x00000000200001e0                NumberOfStationToGo
 .bss.NumberOfStationPTR
                0x00000000200001e1        0x1 Core/Src/main.o
                0x00000000200001e1                NumberOfStationPTR
 *fill*         0x00000000200001e2        0x2 
 .bss.Plant_input
                0x00000000200001e4        0x4 Core/Src/main.o
                0x00000000200001e4                Plant_input
 .bss.Moving_Link_Task_Flag
                0x00000000200001e8        0x1 Core/Src/main.o
                0x00000000200001e8                Moving_Link_Task_Flag
 .bss.sethomeTrigger
                0x00000000200001e9        0x1 Core/Src/main.o
                0x00000000200001e9                sethomeTrigger
 .bss.GripperEnable
                0x00000000200001ea        0x1 Core/Src/main.o
                0x00000000200001ea                GripperEnable
 .bss.GripperState
                0x00000000200001eb        0x1 Core/Src/main.o
                0x00000000200001eb                GripperState
 .bss.GripperStatus
                0x00000000200001ec        0x1 Core/Src/main.o
                0x00000000200001ec                GripperStatus
 *fill*         0x00000000200001ed        0x3 
 .bss.Timestamp_Gripper
                0x00000000200001f0        0x8 Core/Src/main.o
                0x00000000200001f0                Timestamp_Gripper
 .bss.StabilizePosition
                0x00000000200001f8        0x4 Core/Src/main.o
                0x00000000200001f8                StabilizePosition
 *fill*         0x00000000200001fc        0x4 
 .bss.PositionPIDController
                0x0000000020000200       0x40 Core/Src/main.o
                0x0000000020000200                PositionPIDController
 .bss.VelocityPIDController
                0x0000000020000240       0x40 Core/Src/main.o
                0x0000000020000240                VelocityPIDController
 .bss.TrjStruc  0x0000000020000280       0x90 Core/Src/main.o
                0x0000000020000280                TrjStruc
 .bss.CUSSStruc
                0x0000000020000310        0xc Core/Src/main.o
                0x0000000020000310                CUSSStruc
 .bss.EstimatedAngularAcceration
                0x000000002000031c        0x4 Core/Src/main.o
                0x000000002000031c                EstimatedAngularAcceration
 .bss.EncoderLastTimestamp.10680
                0x0000000020000320        0x8 Core/Src/main.o
 .bss.EncoderLastPosition.10679
                0x0000000020000328        0x4 Core/Src/main.o
 .bss.Velocity_Output.10682
                0x000000002000032c        0x4 Core/Src/main.o
 .bss.EncoderLastVelocity.10681
                0x0000000020000330        0x4 Core/Src/main.o
 .bss.Acceration_Output.10683
                0x0000000020000334        0x4 Core/Src/main.o
 .bss.MultiProcessBlocker.10743
                0x0000000020000338        0x1 Core/Src/main.o
 *fill*         0x0000000020000339        0x3 
 .bss.CheckSum.10774
                0x000000002000033c        0x4 Core/Src/main.o
 .bss.ProtocolMode.10770
                0x0000000020000340        0x1 Core/Src/main.o
 *fill*         0x0000000020000341        0x1 
 .bss.Data_HAck.10773
                0x0000000020000342        0x2 Core/Src/main.o
 .bss.parameter.10771
                0x0000000020000344      0x100 Core/Src/main.o
 .bss.n_station.10768
                0x0000000020000444        0x2 Core/Src/main.o
 .bss.n_station_mem.10769
                0x0000000020000446        0x2 Core/Src/main.o
 .bss.parameter_ptr.10772
                0x0000000020000448        0x1 Core/Src/main.o
 *fill*         0x0000000020000449        0x1 
 .bss.DataForReturn.10775
                0x000000002000044a        0x2 Core/Src/main.o
 .bss.__sbrk_heap_end
                0x000000002000044c        0x4 Core/Src/sysmem.o
 .bss.__malloc_free_list
                0x0000000020000450        0x4 c:/st/stm32cubeide_1.5.1/stm32cubeide/plugins/com.st.stm32cube.ide.mcu.externaltools.gnu-tools-for-stm32.9-2020-q2-update.win32_1.5.0.202011040924/tools/bin/../lib/gcc/arm-none-eabi/9.3.1/../../../../arm-none-eabi/lib/thumb/v7e-m+fp/hard\libc_nano.a(lib_a-nano-mallocr.o)
                0x0000000020000450                __malloc_free_list
 .bss.__malloc_sbrk_start
                0x0000000020000454        0x4 c:/st/stm32cubeide_1.5.1/stm32cubeide/plugins/com.st.stm32cube.ide.mcu.externaltools.gnu-tools-for-stm32.9-2020-q2-update.win32_1.5.0.202011040924/tools/bin/../lib/gcc/arm-none-eabi/9.3.1/../../../../arm-none-eabi/lib/thumb/v7e-m+fp/hard\libc_nano.a(lib_a-nano-mallocr.o)
                0x0000000020000454                __malloc_sbrk_start
 *(COMMON)
 COMMON         0x0000000020000458      0x230 Core/Src/main.o
                0x0000000020000458                hdma_usart2_rx
                0x00000000200004b8                hi2c1
                0x000000002000050c                htim3
                0x0000000020000554                hdma_usart2_tx
                0x00000000200005b4                htim1
                0x00000000200005fc                htim2
                0x0000000020000644                huart2
 COMMON         0x0000000020000688        0x4 Drivers/STM32F4xx_HAL_Driver/Src/stm32f4xx_hal.o
                0x0000000020000688                uwTick
 COMMON         0x000000002000068c        0x4 c:/st/stm32cubeide_1.5.1/stm32cubeide/plugins/com.st.stm32cube.ide.mcu.externaltools.gnu-tools-for-stm32.9-2020-q2-update.win32_1.5.0.202011040924/tools/bin/../lib/gcc/arm-none-eabi/9.3.1/../../../../arm-none-eabi/lib/thumb/v7e-m+fp/hard\libc_nano.a(lib_a-reent.o)
                0x000000002000068c                errno
 COMMON         0x0000000020000690        0x9 c:/st/stm32cubeide_1.5.1/stm32cubeide/plugins/com.st.stm32cube.ide.mcu.externaltools.gnu-tools-for-stm32.9-2020-q2-update.win32_1.5.0.202011040924/tools/bin/../lib/gcc/arm-none-eabi/9.3.1/../../../../arm-none-eabi/lib/thumb/v7e-m+fp/hard\libc_nano.a(lib_a-lock.o)
                0x0000000020000690                __lock___atexit_recursive_mutex
                0x0000000020000691                __lock___arc4random_mutex
                0x0000000020000692                __lock___env_recursive_mutex
                0x0000000020000693                __lock___sinit_recursive_mutex
                0x0000000020000694                __lock___malloc_recursive_mutex
                0x0000000020000695                __lock___at_quick_exit_mutex
                0x0000000020000696                __lock___dd_hash_mutex
                0x0000000020000697                __lock___tz_mutex
                0x0000000020000698                __lock___sfp_recursive_mutex
                0x000000002000069c                . = ALIGN (0x4)
 *fill*         0x0000000020000699        0x3 
                0x000000002000069c                _ebss = .
                0x000000002000069c                __bss_end__ = _ebss

._user_heap_stack
                0x000000002000069c      0x604 load address 0x000000000800a0f0
                0x00000000200006a0                . = ALIGN (0x8)
 *fill*         0x000000002000069c        0x4 
                [!provide]                        PROVIDE (end = .)
                0x00000000200006a0                PROVIDE (_end = .)
                0x00000000200008a0                . = (. + _Min_Heap_Size)
 *fill*         0x00000000200006a0      0x200 
                0x0000000020000ca0                . = (. + _Min_Stack_Size)
 *fill*         0x00000000200008a0      0x400 
                0x0000000020000ca0                . = ALIGN (0x8)

/DISCARD/
 libc.a(*)
 libm.a(*)
 libgcc.a(*)

.ARM.attributes
                0x0000000000000000       0x30
 *(.ARM.attributes)
 .ARM.attributes
                0x0000000000000000       0x1e c:/st/stm32cubeide_1.5.1/stm32cubeide/plugins/com.st.stm32cube.ide.mcu.externaltools.gnu-tools-for-stm32.9-2020-q2-update.win32_1.5.0.202011040924/tools/bin/../lib/gcc/arm-none-eabi/9.3.1/thumb/v7e-m+fp/hard/crti.o
 .ARM.attributes
                0x000000000000001e       0x34 c:/st/stm32cubeide_1.5.1/stm32cubeide/plugins/com.st.stm32cube.ide.mcu.externaltools.gnu-tools-for-stm32.9-2020-q2-update.win32_1.5.0.202011040924/tools/bin/../lib/gcc/arm-none-eabi/9.3.1/thumb/v7e-m+fp/hard/crtbegin.o
 .ARM.attributes
                0x0000000000000052       0x34 Core/Src/main.o
 .ARM.attributes
                0x0000000000000086       0x34 Core/Src/stm32f4xx_hal_msp.o
 .ARM.attributes
                0x00000000000000ba       0x34 Core/Src/stm32f4xx_it.o
 .ARM.attributes
                0x00000000000000ee       0x34 Core/Src/sysmem.o
 .ARM.attributes
                0x0000000000000122       0x34 Core/Src/system_stm32f4xx.o
 .ARM.attributes
                0x0000000000000156       0x21 Core/Startup/startup_stm32f411retx.o
 .ARM.attributes
                0x0000000000000177       0x34 Drivers/STM32F4xx_HAL_Driver/Src/stm32f4xx_hal.o
 .ARM.attributes
                0x00000000000001ab       0x34 Drivers/STM32F4xx_HAL_Driver/Src/stm32f4xx_hal_cortex.o
 .ARM.attributes
                0x00000000000001df       0x34 Drivers/STM32F4xx_HAL_Driver/Src/stm32f4xx_hal_dma.o
 .ARM.attributes
                0x0000000000000213       0x34 Drivers/STM32F4xx_HAL_Driver/Src/stm32f4xx_hal_gpio.o
 .ARM.attributes
                0x0000000000000247       0x34 Drivers/STM32F4xx_HAL_Driver/Src/stm32f4xx_hal_i2c.o
 .ARM.attributes
                0x000000000000027b       0x34 Drivers/STM32F4xx_HAL_Driver/Src/stm32f4xx_hal_rcc.o
 .ARM.attributes
                0x00000000000002af       0x34 Drivers/STM32F4xx_HAL_Driver/Src/stm32f4xx_hal_tim.o
 .ARM.attributes
                0x00000000000002e3       0x34 Drivers/STM32F4xx_HAL_Driver/Src/stm32f4xx_hal_tim_ex.o
 .ARM.attributes
                0x0000000000000317       0x34 Drivers/STM32F4xx_HAL_Driver/Src/stm32f4xx_hal_uart.o
 .ARM.attributes
                0x000000000000034b       0x34 c:/st/stm32cubeide_1.5.1/stm32cubeide/plugins/com.st.stm32cube.ide.mcu.externaltools.gnu-tools-for-stm32.9-2020-q2-update.win32_1.5.0.202011040924/tools/bin/../lib/gcc/arm-none-eabi/9.3.1/../../../../arm-none-eabi/lib/thumb/v7e-m+fp/hard\libc_nano.a(lib_a-calloc.o)
 .ARM.attributes
                0x000000000000037f       0x34 c:/st/stm32cubeide_1.5.1/stm32cubeide/plugins/com.st.stm32cube.ide.mcu.externaltools.gnu-tools-for-stm32.9-2020-q2-update.win32_1.5.0.202011040924/tools/bin/../lib/gcc/arm-none-eabi/9.3.1/../../../../arm-none-eabi/lib/thumb/v7e-m+fp/hard\libc_nano.a(lib_a-errno.o)
 .ARM.attributes
                0x00000000000003b3       0x32 c:/st/stm32cubeide_1.5.1/stm32cubeide/plugins/com.st.stm32cube.ide.mcu.externaltools.gnu-tools-for-stm32.9-2020-q2-update.win32_1.5.0.202011040924/tools/bin/../lib/gcc/arm-none-eabi/9.3.1/../../../../arm-none-eabi/lib/thumb/v7e-m+fp/hard\libc_nano.a(lib_a-impure.o)
 .ARM.attributes
                0x00000000000003e5       0x34 c:/st/stm32cubeide_1.5.1/stm32cubeide/plugins/com.st.stm32cube.ide.mcu.externaltools.gnu-tools-for-stm32.9-2020-q2-update.win32_1.5.0.202011040924/tools/bin/../lib/gcc/arm-none-eabi/9.3.1/../../../../arm-none-eabi/lib/thumb/v7e-m+fp/hard\libc_nano.a(lib_a-init.o)
 .ARM.attributes
                0x0000000000000419       0x34 c:/st/stm32cubeide_1.5.1/stm32cubeide/plugins/com.st.stm32cube.ide.mcu.externaltools.gnu-tools-for-stm32.9-2020-q2-update.win32_1.5.0.202011040924/tools/bin/../lib/gcc/arm-none-eabi/9.3.1/../../../../arm-none-eabi/lib/thumb/v7e-m+fp/hard\libc_nano.a(lib_a-memcpy-stub.o)
 .ARM.attributes
                0x000000000000044d       0x34 c:/st/stm32cubeide_1.5.1/stm32cubeide/plugins/com.st.stm32cube.ide.mcu.externaltools.gnu-tools-for-stm32.9-2020-q2-update.win32_1.5.0.202011040924/tools/bin/../lib/gcc/arm-none-eabi/9.3.1/../../../../arm-none-eabi/lib/thumb/v7e-m+fp/hard\libc_nano.a(lib_a-memset.o)
 .ARM.attributes
                0x0000000000000481       0x34 c:/st/stm32cubeide_1.5.1/stm32cubeide/plugins/com.st.stm32cube.ide.mcu.externaltools.gnu-tools-for-stm32.9-2020-q2-update.win32_1.5.0.202011040924/tools/bin/../lib/gcc/arm-none-eabi/9.3.1/../../../../arm-none-eabi/lib/thumb/v7e-m+fp/hard\libc_nano.a(lib_a-nano-callocr.o)
 .ARM.attributes
                0x00000000000004b5       0x34 c:/st/stm32cubeide_1.5.1/stm32cubeide/plugins/com.st.stm32cube.ide.mcu.externaltools.gnu-tools-for-stm32.9-2020-q2-update.win32_1.5.0.202011040924/tools/bin/../lib/gcc/arm-none-eabi/9.3.1/../../../../arm-none-eabi/lib/thumb/v7e-m+fp/hard\libc_nano.a(lib_a-nano-mallocr.o)
 .ARM.attributes
                0x00000000000004e9       0x34 c:/st/stm32cubeide_1.5.1/stm32cubeide/plugins/com.st.stm32cube.ide.mcu.externaltools.gnu-tools-for-stm32.9-2020-q2-update.win32_1.5.0.202011040924/tools/bin/../lib/gcc/arm-none-eabi/9.3.1/../../../../arm-none-eabi/lib/thumb/v7e-m+fp/hard\libc_nano.a(lib_a-sbrkr.o)
 .ARM.attributes
                0x000000000000051d       0x34 c:/st/stm32cubeide_1.5.1/stm32cubeide/plugins/com.st.stm32cube.ide.mcu.externaltools.gnu-tools-for-stm32.9-2020-q2-update.win32_1.5.0.202011040924/tools/bin/../lib/gcc/arm-none-eabi/9.3.1/../../../../arm-none-eabi/lib/thumb/v7e-m+fp/hard\libc_nano.a(lib_a-mlock.o)
 .ARM.attributes
                0x0000000000000551       0x34 c:/st/stm32cubeide_1.5.1/stm32cubeide/plugins/com.st.stm32cube.ide.mcu.externaltools.gnu-tools-for-stm32.9-2020-q2-update.win32_1.5.0.202011040924/tools/bin/../lib/gcc/arm-none-eabi/9.3.1/../../../../arm-none-eabi/lib/thumb/v7e-m+fp/hard\libc_nano.a(lib_a-reent.o)
 .ARM.attributes
                0x0000000000000585       0x34 c:/st/stm32cubeide_1.5.1/stm32cubeide/plugins/com.st.stm32cube.ide.mcu.externaltools.gnu-tools-for-stm32.9-2020-q2-update.win32_1.5.0.202011040924/tools/bin/../lib/gcc/arm-none-eabi/9.3.1/../../../../arm-none-eabi/lib/thumb/v7e-m+fp/hard\libc_nano.a(lib_a-lock.o)
 .ARM.attributes
                0x00000000000005b9       0x34 c:/st/stm32cubeide_1.5.1/stm32cubeide/plugins/com.st.stm32cube.ide.mcu.externaltools.gnu-tools-for-stm32.9-2020-q2-update.win32_1.5.0.202011040924/tools/bin/../lib/gcc/arm-none-eabi/9.3.1/../../../../arm-none-eabi/lib/thumb/v7e-m+fp/hard\libm.a(lib_a-w_sqrt.o)
 .ARM.attributes
                0x00000000000005ed       0x34 c:/st/stm32cubeide_1.5.1/stm32cubeide/plugins/com.st.stm32cube.ide.mcu.externaltools.gnu-tools-for-stm32.9-2020-q2-update.win32_1.5.0.202011040924/tools/bin/../lib/gcc/arm-none-eabi/9.3.1/../../../../arm-none-eabi/lib/thumb/v7e-m+fp/hard\libm.a(lib_a-e_sqrt.o)
 .ARM.attributes
                0x0000000000000621       0x32 c:/st/stm32cubeide_1.5.1/stm32cubeide/plugins/com.st.stm32cube.ide.mcu.externaltools.gnu-tools-for-stm32.9-2020-q2-update.win32_1.5.0.202011040924/tools/bin/../lib/gcc/arm-none-eabi/9.3.1/../../../../arm-none-eabi/lib/thumb/v7e-m+fp/hard\libm.a(lib_a-s_lib_ver.o)
 .ARM.attributes
                0x0000000000000653       0x1e c:/st/stm32cubeide_1.5.1/stm32cubeide/plugins/com.st.stm32cube.ide.mcu.externaltools.gnu-tools-for-stm32.9-2020-q2-update.win32_1.5.0.202011040924/tools/bin/../lib/gcc/arm-none-eabi/9.3.1/thumb/v7e-m+fp/hard\libgcc.a(_arm_addsubdf3.o)
 .ARM.attributes
                0x0000000000000671       0x1e c:/st/stm32cubeide_1.5.1/stm32cubeide/plugins/com.st.stm32cube.ide.mcu.externaltools.gnu-tools-for-stm32.9-2020-q2-update.win32_1.5.0.202011040924/tools/bin/../lib/gcc/arm-none-eabi/9.3.1/thumb/v7e-m+fp/hard\libgcc.a(_arm_muldivdf3.o)
 .ARM.attributes
                0x000000000000068f       0x1e c:/st/stm32cubeide_1.5.1/stm32cubeide/plugins/com.st.stm32cube.ide.mcu.externaltools.gnu-tools-for-stm32.9-2020-q2-update.win32_1.5.0.202011040924/tools/bin/../lib/gcc/arm-none-eabi/9.3.1/thumb/v7e-m+fp/hard\libgcc.a(_arm_cmpdf2.o)
 .ARM.attributes
                0x00000000000006ad       0x1e c:/st/stm32cubeide_1.5.1/stm32cubeide/plugins/com.st.stm32cube.ide.mcu.externaltools.gnu-tools-for-stm32.9-2020-q2-update.win32_1.5.0.202011040924/tools/bin/../lib/gcc/arm-none-eabi/9.3.1/thumb/v7e-m+fp/hard\libgcc.a(_arm_unorddf2.o)
 .ARM.attributes
                0x00000000000006cb       0x1e c:/st/stm32cubeide_1.5.1/stm32cubeide/plugins/com.st.stm32cube.ide.mcu.externaltools.gnu-tools-for-stm32.9-2020-q2-update.win32_1.5.0.202011040924/tools/bin/../lib/gcc/arm-none-eabi/9.3.1/thumb/v7e-m+fp/hard\libgcc.a(_arm_fixunsdfsi.o)
 .ARM.attributes
                0x00000000000006e9       0x1e c:/st/stm32cubeide_1.5.1/stm32cubeide/plugins/com.st.stm32cube.ide.mcu.externaltools.gnu-tools-for-stm32.9-2020-q2-update.win32_1.5.0.202011040924/tools/bin/../lib/gcc/arm-none-eabi/9.3.1/thumb/v7e-m+fp/hard\libgcc.a(_arm_truncdfsf2.o)
 .ARM.attributes
                0x0000000000000707       0x1e c:/st/stm32cubeide_1.5.1/stm32cubeide/plugins/com.st.stm32cube.ide.mcu.externaltools.gnu-tools-for-stm32.9-2020-q2-update.win32_1.5.0.202011040924/tools/bin/../lib/gcc/arm-none-eabi/9.3.1/thumb/v7e-m+fp/hard\libgcc.a(_arm_addsubsf3.o)
 .ARM.attributes
                0x0000000000000725       0x1e c:/st/stm32cubeide_1.5.1/stm32cubeide/plugins/com.st.stm32cube.ide.mcu.externaltools.gnu-tools-for-stm32.9-2020-q2-update.win32_1.5.0.202011040924/tools/bin/../lib/gcc/arm-none-eabi/9.3.1/thumb/v7e-m+fp/hard\libgcc.a(_aeabi_uldivmod.o)
 .ARM.attributes
                0x0000000000000743       0x34 c:/st/stm32cubeide_1.5.1/stm32cubeide/plugins/com.st.stm32cube.ide.mcu.externaltools.gnu-tools-for-stm32.9-2020-q2-update.win32_1.5.0.202011040924/tools/bin/../lib/gcc/arm-none-eabi/9.3.1/thumb/v7e-m+fp/hard\libgcc.a(_udivmoddi4.o)
 .ARM.attributes
                0x0000000000000777       0x1e c:/st/stm32cubeide_1.5.1/stm32cubeide/plugins/com.st.stm32cube.ide.mcu.externaltools.gnu-tools-for-stm32.9-2020-q2-update.win32_1.5.0.202011040924/tools/bin/../lib/gcc/arm-none-eabi/9.3.1/thumb/v7e-m+fp/hard\libgcc.a(_dvmd_tls.o)
 .ARM.attributes
                0x0000000000000795       0x1e c:/st/stm32cubeide_1.5.1/stm32cubeide/plugins/com.st.stm32cube.ide.mcu.externaltools.gnu-tools-for-stm32.9-2020-q2-update.win32_1.5.0.202011040924/tools/bin/../lib/gcc/arm-none-eabi/9.3.1/thumb/v7e-m+fp/hard/crtn.o
OUTPUT(Module3.elf elf32-littlearm)
LOAD linker stubs
LOAD c:/st/stm32cubeide_1.5.1/stm32cubeide/plugins/com.st.stm32cube.ide.mcu.externaltools.gnu-tools-for-stm32.9-2020-q2-update.win32_1.5.0.202011040924/tools/bin/../lib/gcc/arm-none-eabi/9.3.1/../../../../arm-none-eabi/lib/thumb/v7e-m+fp/hard\libc.a
LOAD c:/st/stm32cubeide_1.5.1/stm32cubeide/plugins/com.st.stm32cube.ide.mcu.externaltools.gnu-tools-for-stm32.9-2020-q2-update.win32_1.5.0.202011040924/tools/bin/../lib/gcc/arm-none-eabi/9.3.1/../../../../arm-none-eabi/lib/thumb/v7e-m+fp/hard\libm.a
LOAD c:/st/stm32cubeide_1.5.1/stm32cubeide/plugins/com.st.stm32cube.ide.mcu.externaltools.gnu-tools-for-stm32.9-2020-q2-update.win32_1.5.0.202011040924/tools/bin/../lib/gcc/arm-none-eabi/9.3.1/thumb/v7e-m+fp/hard\libgcc.a

.debug_info     0x0000000000000000    0x10fc2
 .debug_info    0x0000000000000000     0x2e3d Core/Src/main.o
 .debug_info    0x0000000000002e3d     0x13f3 Core/Src/stm32f4xx_hal_msp.o
 .debug_info    0x0000000000004230      0xdaf Core/Src/stm32f4xx_it.o
 .debug_info    0x0000000000004fdf      0xa25 Core/Src/sysmem.o
 .debug_info    0x0000000000005a04      0x5d0 Core/Src/system_stm32f4xx.o
 .debug_info    0x0000000000005fd4       0x22 Core/Startup/startup_stm32f411retx.o
 .debug_info    0x0000000000005ff6      0x944 Drivers/STM32F4xx_HAL_Driver/Src/stm32f4xx_hal.o
 .debug_info    0x000000000000693a      0xe47 Drivers/STM32F4xx_HAL_Driver/Src/stm32f4xx_hal_cortex.o
 .debug_info    0x0000000000007781      0x9e9 Drivers/STM32F4xx_HAL_Driver/Src/stm32f4xx_hal_dma.o
 .debug_info    0x000000000000816a      0x862 Drivers/STM32F4xx_HAL_Driver/Src/stm32f4xx_hal_gpio.o
 .debug_info    0x00000000000089cc     0x2639 Drivers/STM32F4xx_HAL_Driver/Src/stm32f4xx_hal_i2c.o
 .debug_info    0x000000000000b005      0x9be Drivers/STM32F4xx_HAL_Driver/Src/stm32f4xx_hal_rcc.o
 .debug_info    0x000000000000b9c3     0x2a88 Drivers/STM32F4xx_HAL_Driver/Src/stm32f4xx_hal_tim.o
 .debug_info    0x000000000000e44b     0x151a Drivers/STM32F4xx_HAL_Driver/Src/stm32f4xx_hal_tim_ex.o
 .debug_info    0x000000000000f965     0x165d Drivers/STM32F4xx_HAL_Driver/Src/stm32f4xx_hal_uart.o

.debug_abbrev   0x0000000000000000     0x201f
 .debug_abbrev  0x0000000000000000      0x374 Core/Src/main.o
 .debug_abbrev  0x0000000000000374      0x206 Core/Src/stm32f4xx_hal_msp.o
 .debug_abbrev  0x000000000000057a      0x1a1 Core/Src/stm32f4xx_it.o
 .debug_abbrev  0x000000000000071b      0x1bf Core/Src/sysmem.o
 .debug_abbrev  0x00000000000008da      0x145 Core/Src/system_stm32f4xx.o
 .debug_abbrev  0x0000000000000a1f       0x12 Core/Startup/startup_stm32f411retx.o
 .debug_abbrev  0x0000000000000a31      0x21e Drivers/STM32F4xx_HAL_Driver/Src/stm32f4xx_hal.o
 .debug_abbrev  0x0000000000000c4f      0x33c Drivers/STM32F4xx_HAL_Driver/Src/stm32f4xx_hal_cortex.o
 .debug_abbrev  0x0000000000000f8b      0x219 Drivers/STM32F4xx_HAL_Driver/Src/stm32f4xx_hal_dma.o
 .debug_abbrev  0x00000000000011a4      0x1f1 Drivers/STM32F4xx_HAL_Driver/Src/stm32f4xx_hal_gpio.o
 .debug_abbrev  0x0000000000001395      0x293 Drivers/STM32F4xx_HAL_Driver/Src/stm32f4xx_hal_i2c.o
 .debug_abbrev  0x0000000000001628      0x275 Drivers/STM32F4xx_HAL_Driver/Src/stm32f4xx_hal_rcc.o
 .debug_abbrev  0x000000000000189d      0x26f Drivers/STM32F4xx_HAL_Driver/Src/stm32f4xx_hal_tim.o
 .debug_abbrev  0x0000000000001b0c      0x277 Drivers/STM32F4xx_HAL_Driver/Src/stm32f4xx_hal_tim_ex.o
 .debug_abbrev  0x0000000000001d83      0x29c Drivers/STM32F4xx_HAL_Driver/Src/stm32f4xx_hal_uart.o

.debug_aranges  0x0000000000000000     0x1030
 .debug_aranges
                0x0000000000000000      0x168 Core/Src/main.o
 .debug_aranges
                0x0000000000000168       0x68 Core/Src/stm32f4xx_hal_msp.o
 .debug_aranges
                0x00000000000001d0       0xa0 Core/Src/stm32f4xx_it.o
 .debug_aranges
                0x0000000000000270       0x20 Core/Src/sysmem.o
 .debug_aranges
                0x0000000000000290       0x28 Core/Src/system_stm32f4xx.o
 .debug_aranges
                0x00000000000002b8       0x28 Core/Startup/startup_stm32f411retx.o
 .debug_aranges
                0x00000000000002e0       0xf0 Drivers/STM32F4xx_HAL_Driver/Src/stm32f4xx_hal.o
 .debug_aranges
                0x00000000000003d0      0x118 Drivers/STM32F4xx_HAL_Driver/Src/stm32f4xx_hal_cortex.o
 .debug_aranges
                0x00000000000004e8       0x90 Drivers/STM32F4xx_HAL_Driver/Src/stm32f4xx_hal_dma.o
 .debug_aranges
                0x0000000000000578       0x58 Drivers/STM32F4xx_HAL_Driver/Src/stm32f4xx_hal_gpio.o
 .debug_aranges
                0x00000000000005d0      0x2a0 Drivers/STM32F4xx_HAL_Driver/Src/stm32f4xx_hal_i2c.o
 .debug_aranges
                0x0000000000000870       0x88 Drivers/STM32F4xx_HAL_Driver/Src/stm32f4xx_hal_rcc.o
 .debug_aranges
                0x00000000000008f8      0x3d0 Drivers/STM32F4xx_HAL_Driver/Src/stm32f4xx_hal_tim.o
 .debug_aranges
                0x0000000000000cc8      0x168 Drivers/STM32F4xx_HAL_Driver/Src/stm32f4xx_hal_tim_ex.o
 .debug_aranges
                0x0000000000000e30      0x200 Drivers/STM32F4xx_HAL_Driver/Src/stm32f4xx_hal_uart.o

.debug_ranges   0x0000000000000000      0xfa0
 .debug_ranges  0x0000000000000000      0x158 Core/Src/main.o
 .debug_ranges  0x0000000000000158       0x58 Core/Src/stm32f4xx_hal_msp.o
 .debug_ranges  0x00000000000001b0       0x90 Core/Src/stm32f4xx_it.o
 .debug_ranges  0x0000000000000240       0x10 Core/Src/sysmem.o
 .debug_ranges  0x0000000000000250       0x18 Core/Src/system_stm32f4xx.o
 .debug_ranges  0x0000000000000268       0x20 Core/Startup/startup_stm32f411retx.o
 .debug_ranges  0x0000000000000288       0xe0 Drivers/STM32F4xx_HAL_Driver/Src/stm32f4xx_hal.o
 .debug_ranges  0x0000000000000368      0x108 Drivers/STM32F4xx_HAL_Driver/Src/stm32f4xx_hal_cortex.o
 .debug_ranges  0x0000000000000470       0x80 Drivers/STM32F4xx_HAL_Driver/Src/stm32f4xx_hal_dma.o
 .debug_ranges  0x00000000000004f0       0x48 Drivers/STM32F4xx_HAL_Driver/Src/stm32f4xx_hal_gpio.o
 .debug_ranges  0x0000000000000538      0x2b8 Drivers/STM32F4xx_HAL_Driver/Src/stm32f4xx_hal_i2c.o
 .debug_ranges  0x00000000000007f0       0x78 Drivers/STM32F4xx_HAL_Driver/Src/stm32f4xx_hal_rcc.o
 .debug_ranges  0x0000000000000868      0x3c0 Drivers/STM32F4xx_HAL_Driver/Src/stm32f4xx_hal_tim.o
 .debug_ranges  0x0000000000000c28      0x158 Drivers/STM32F4xx_HAL_Driver/Src/stm32f4xx_hal_tim_ex.o
 .debug_ranges  0x0000000000000d80      0x220 Drivers/STM32F4xx_HAL_Driver/Src/stm32f4xx_hal_uart.o

.debug_macro    0x0000000000000000    0x16f71
 .debug_macro   0x0000000000000000      0x3e1 Core/Src/main.o
 .debug_macro   0x00000000000003e1      0xaa8 Core/Src/main.o
 .debug_macro   0x0000000000000e89      0x2a1 Core/Src/main.o
 .debug_macro   0x000000000000112a       0x2e Core/Src/main.o
 .debug_macro   0x0000000000001158       0x28 Core/Src/main.o
 .debug_macro   0x0000000000001180       0x22 Core/Src/main.o
 .debug_macro   0x00000000000011a2       0x8e Core/Src/main.o
 .debug_macro   0x0000000000001230       0x51 Core/Src/main.o
 .debug_macro   0x0000000000001281      0x103 Core/Src/main.o
 .debug_macro   0x0000000000001384       0x6a Core/Src/main.o
 .debug_macro   0x00000000000013ee      0x1df Core/Src/main.o
 .debug_macro   0x00000000000015cd       0x1c Core/Src/main.o
 .debug_macro   0x00000000000015e9       0x22 Core/Src/main.o
 .debug_macro   0x000000000000160b       0xdf Core/Src/main.o
 .debug_macro   0x00000000000016ea     0x102d Core/Src/main.o
 .debug_macro   0x0000000000002717      0x11f Core/Src/main.o
 .debug_macro   0x0000000000002836     0xb937 Core/Src/main.o
 .debug_macro   0x000000000000e16d       0x43 Core/Src/main.o
 .debug_macro   0x000000000000e1b0     0x3659 Core/Src/main.o
 .debug_macro   0x0000000000011809      0x174 Core/Src/main.o
 .debug_macro   0x000000000001197d       0x5c Core/Src/main.o
 .debug_macro   0x00000000000119d9      0x447 Core/Src/main.o
 .debug_macro   0x0000000000011e20      0x9fe Core/Src/main.o
 .debug_macro   0x000000000001281e      0x117 Core/Src/main.o
 .debug_macro   0x0000000000012935      0x11b Core/Src/main.o
 .debug_macro   0x0000000000012a50       0x82 Core/Src/main.o
 .debug_macro   0x0000000000012ad2      0x15f Core/Src/main.o
 .debug_macro   0x0000000000012c31      0x287 Core/Src/main.o
 .debug_macro   0x0000000000012eb8       0x5f Core/Src/main.o
 .debug_macro   0x0000000000012f17      0x236 Core/Src/main.o
 .debug_macro   0x000000000001314d      0x132 Core/Src/main.o
 .debug_macro   0x000000000001327f      0x264 Core/Src/main.o
 .debug_macro   0x00000000000134e3       0x2e Core/Src/main.o
 .debug_macro   0x0000000000013511      0x1b5 Core/Src/main.o
 .debug_macro   0x00000000000136c6       0x22 Core/Src/main.o
 .debug_macro   0x00000000000136e8       0xd6 Core/Src/main.o
 .debug_macro   0x00000000000137be      0x11a Core/Src/main.o
 .debug_macro   0x00000000000138d8       0x85 Core/Src/main.o
 .debug_macro   0x000000000001395d       0x89 Core/Src/main.o
 .debug_macro   0x00000000000139e6      0x8d1 Core/Src/main.o
 .debug_macro   0x00000000000142b7       0x47 Core/Src/main.o
 .debug_macro   0x00000000000142fe      0x295 Core/Src/main.o
 .debug_macro   0x0000000000014593      0x126 Core/Src/main.o
 .debug_macro   0x00000000000146b9       0xe2 Core/Src/main.o
 .debug_macro   0x000000000001479b       0x52 Core/Src/main.o
 .debug_macro   0x00000000000147ed       0x18 Core/Src/main.o
 .debug_macro   0x0000000000014805       0x3c Core/Src/main.o
 .debug_macro   0x0000000000014841       0x34 Core/Src/main.o
 .debug_macro   0x0000000000014875       0x16 Core/Src/main.o
 .debug_macro   0x000000000001488b       0x35 Core/Src/main.o
 .debug_macro   0x00000000000148c0      0x333 Core/Src/main.o
 .debug_macro   0x0000000000014bf3       0x10 Core/Src/main.o
 .debug_macro   0x0000000000014c03       0x16 Core/Src/main.o
 .debug_macro   0x0000000000014c19       0x43 Core/Src/main.o
 .debug_macro   0x0000000000014c5c       0x34 Core/Src/main.o
 .debug_macro   0x0000000000014c90       0x10 Core/Src/main.o
 .debug_macro   0x0000000000014ca0       0x58 Core/Src/main.o
 .debug_macro   0x0000000000014cf8       0x71 Core/Src/main.o
 .debug_macro   0x0000000000014d69       0x1c Core/Src/main.o
 .debug_macro   0x0000000000014d85      0x12a Core/Src/main.o
 .debug_macro   0x0000000000014eaf       0x10 Core/Src/main.o
 .debug_macro   0x0000000000014ebf       0x1c Core/Src/main.o
 .debug_macro   0x0000000000014edb       0x52 Core/Src/main.o
 .debug_macro   0x0000000000014f2d       0x22 Core/Src/main.o
 .debug_macro   0x0000000000014f4f       0x10 Core/Src/main.o
 .debug_macro   0x0000000000014f5f       0x40 Core/Src/main.o
 .debug_macro   0x0000000000014f9f       0xd5 Core/Src/main.o
 .debug_macro   0x0000000000015074       0x1c Core/Src/main.o
 .debug_macro   0x0000000000015090       0x3d Core/Src/main.o
 .debug_macro   0x00000000000150cd       0x16 Core/Src/main.o
 .debug_macro   0x00000000000150e3      0x145 Core/Src/main.o
 .debug_macro   0x0000000000015228       0x16 Core/Src/main.o
 .debug_macro   0x000000000001523e       0x16 Core/Src/main.o
 .debug_macro   0x0000000000015254       0x29 Core/Src/main.o
 .debug_macro   0x000000000001527d       0x16 Core/Src/main.o
 .debug_macro   0x0000000000015293       0x20 Core/Src/main.o
 .debug_macro   0x00000000000152b3      0x1a9 Core/Src/main.o
 .debug_macro   0x000000000001545c      0x1f6 Core/Src/stm32f4xx_hal_msp.o
 .debug_macro   0x0000000000015652      0x200 Core/Src/stm32f4xx_it.o
 .debug_macro   0x0000000000015852       0xff Core/Src/sysmem.o
 .debug_macro   0x0000000000015951      0x23b Core/Src/sysmem.o
 .debug_macro   0x0000000000015b8c      0x1ed Core/Src/system_stm32f4xx.o
 .debug_macro   0x0000000000015d79      0x247 Drivers/STM32F4xx_HAL_Driver/Src/stm32f4xx_hal.o
 .debug_macro   0x0000000000015fc0      0x1e7 Drivers/STM32F4xx_HAL_Driver/Src/stm32f4xx_hal_cortex.o
 .debug_macro   0x00000000000161a7      0x1ed Drivers/STM32F4xx_HAL_Driver/Src/stm32f4xx_hal_dma.o
 .debug_macro   0x0000000000016394      0x1ed Drivers/STM32F4xx_HAL_Driver/Src/stm32f4xx_hal_gpio.o
 .debug_macro   0x0000000000016581      0x22e Drivers/STM32F4xx_HAL_Driver/Src/stm32f4xx_hal_i2c.o
 .debug_macro   0x00000000000167af      0x20b Drivers/STM32F4xx_HAL_Driver/Src/stm32f4xx_hal_rcc.o
 .debug_macro   0x00000000000169ba      0x1e8 Drivers/STM32F4xx_HAL_Driver/Src/stm32f4xx_hal_tim.o
 .debug_macro   0x0000000000016ba2      0x1e7 Drivers/STM32F4xx_HAL_Driver/Src/stm32f4xx_hal_tim_ex.o
 .debug_macro   0x0000000000016d89      0x1e8 Drivers/STM32F4xx_HAL_Driver/Src/stm32f4xx_hal_uart.o

.debug_line     0x0000000000000000    0x11cec
 .debug_line    0x0000000000000000     0x1f51 Core/Src/main.o
 .debug_line    0x0000000000001f51      0x8c2 Core/Src/stm32f4xx_hal_msp.o
 .debug_line    0x0000000000002813      0x87b Core/Src/stm32f4xx_it.o
 .debug_line    0x000000000000308e      0x4f8 Core/Src/sysmem.o
 .debug_line    0x0000000000003586      0x77f Core/Src/system_stm32f4xx.o
 .debug_line    0x0000000000003d05       0x85 Core/Startup/startup_stm32f411retx.o