main.c:297:5:main	24	static
main.c:480:6:SystemClock_Config	88	static
main.c:525:13:MX_I2C1_Init	8	static
main.c:559:13:MX_TIM1_Init	56	static
main.c:609:13:MX_TIM2_Init	32	static
main.c:654:13:MX_TIM3_Init	64	static
main.c:713:13:MX_USART2_UART_Init	8	static
main.c:744:13:MX_DMA_Init	16	static
main.c:765:13:MX_GPIO_Init	48	static
main.c:847:6:EncoderVelocityAndPosition_Update	64	static
main.c:892:6:Encoder_SetHome_Position	4	static
main.c:898:6:HAL_TIM_PeriodElapsedCallback	24	static
main.c:906:6:HAL_GPIO_EXTI_Callback	16	static
main.c:924:10:micros	12	static
main.c:929:6:ConverterUnitSystemStructureInit	16	static
main.c:936:6:TrajectoryGenerationStructureInit	16	static
main.c:952:6:LinkMovingPIDLoad	8	static
main.c:968:6:StabilizerPIDLoad	8	static
main.c:979:6:TrajectoryGenerationVelocityMaxSetting	16	static
main.c:986:6:TrajectoryGenerationPrepareDATA	8	static
main.c:1063:6:TrajectoryGenerationCalculation	16	static
main.c:1103:6:TrajectoryGenerationProcess	112	static
main.c:1246:6:PIDController2in1	16	static
main.c:1267:6:StabilizerPID	16	static
main.c:1281:6:UARTInit	16	static
main.c:1291:6:UARTResetStart	16	static
main.c:1296:10:UARTGetRxHead	16	static
main.c:1301:9:UARTReadChar	32	static
main.c:1316:6:UARTTxDumpBuffer	24	static
main.c:1343:6:UARTTxWrite	32	static
main.c:1367:6:ACK1Return	24	static
main.c:1375:6:ACK2Return	24	static
main.c:1383:6:DEBUG_UART	24	static
main.c:1391:6:Munmunbot_Protocol	72	static
main.c:1641:6:PID_Reset	4	static
main.c:1666:6:LAMP_ON	16	static
main.c:1701:6:Emergency_switch_trigger	8	static
main.c:1732:6:Controlling_the_LINK	16	static
main.c:1764:6:Stabilizing_the_LINK	32	static
main.c:1797:6:SETHOME_StateMachine_Function	8	static
main.c:1825:6:UpdateMunmunBotState	16	static
main.c:1834:6:EndEffectorWorkingState	24	static
main.c:1966:6:Error_Handler	4	static,ignoring_inline_asm
