main.c:295:5:main	24	static
main.c:478:6:SystemClock_Config	88	static
main.c:523:13:MX_I2C1_Init	8	static
main.c:557:13:MX_TIM1_Init	56	static
main.c:607:13:MX_TIM2_Init	32	static
main.c:652:13:MX_TIM3_Init	64	static
main.c:711:13:MX_USART2_UART_Init	8	static
main.c:742:13:MX_DMA_Init	16	static
main.c:763:13:MX_GPIO_Init	48	static
main.c:845:6:EncoderVelocityAndPosition_Update	64	static
main.c:890:6:Encoder_SetHome_Position	4	static
main.c:896:6:HAL_TIM_PeriodElapsedCallback	24	static
main.c:904:6:HAL_GPIO_EXTI_Callback	16	static
main.c:922:10:micros	12	static
main.c:927:6:ConverterUnitSystemStructureInit	16	static
main.c:934:6:TrajectoryGenerationStructureInit	16	static
main.c:950:6:LinkMovingPIDLoad	8	static
main.c:966:6:StabilizerPIDLoad	8	static
main.c:983:6:TrajectoryGenerationVelocityMaxSetting	16	static
main.c:990:6:TrajectoryGenerationPrepareDATA	8	static
main.c:1067:6:TrajectoryGenerationCalculation	16	static
main.c:1107:6:TrajectoryGenerationProcess	112	static
main.c:1254:6:PIDController2in1	16	static
main.c:1280:6:UARTInit	16	static
main.c:1290:6:UARTResetStart	16	static
main.c:1295:10:UARTGetRxHead	16	static
main.c:1300:9:UARTReadChar	32	static
main.c:1315:6:UARTTxDumpBuffer	24	static
main.c:1342:6:UARTTxWrite	32	static
main.c:1366:6:ACK1Return	24	static
main.c:1374:6:ACK2Return	24	static
main.c:1382:6:DEBUG_UART	24	static
main.c:1390:6:Munmunbot_Protocol	72	static
main.c:1640:6:PID_Reset	4	static
main.c:1658:6:LAMP_ON	16	static
main.c:1693:6:Emergency_switch_trigger	8	static
main.c:1724:6:Controlling_the_LINK	16	static
main.c:1756:6:Stabilizing_the_LINK	32	static
main.c:1789:6:SETHOME_StateMachine_Function	8	static
main.c:1817:6:UpdateMunmunBotState	16	static
main.c:1826:6:EndEffectorWorkingState	24	static
main.c:1958:6:Error_Handler	4	static,ignoring_inline_asm
