main.c:316:5:main	32	static
main.c:553:6:SystemClock_Config	88	static
main.c:598:13:MX_I2C1_Init	8	static
main.c:632:13:MX_TIM1_Init	56	static
main.c:682:13:MX_TIM2_Init	32	static
main.c:727:13:MX_TIM3_Init	64	static
main.c:786:13:MX_USART2_UART_Init	8	static
main.c:817:13:MX_DMA_Init	16	static
main.c:838:13:MX_GPIO_Init	48	static
main.c:920:6:EncoderVelocityAndPosition_Update	64	static
main.c:965:6:Encoder_SetHome_Position	4	static
main.c:971:6:HAL_TIM_PeriodElapsedCallback	24	static
main.c:979:6:HAL_GPIO_EXTI_Callback	16	static
main.c:1012:10:micros	12	static
main.c:1017:6:ConverterUnitSystemStructureInit	16	static
main.c:1024:6:TrajectoryGenerationStructureInit	16	static
main.c:1040:6:LinkMovingPIDLoad	8	static
main.c:1055:6:LinkMovingPID45to355Load	8	static
main.c:1071:6:LinkMovingPID10to45Load	8	static
main.c:1086:6:LinkMovingPID0to9Load	8	static
main.c:1101:6:StabilizerPIDLoad	8	static
main.c:1112:6:VelocityPurePIDLoad	8	static
main.c:1122:6:TrajectoryGenerationVelocityMaxSetting	16	static
main.c:1129:6:TrajectoryGenerationPrepareDATA	8	static
main.c:1206:6:TrajectoryGenerationCalculation	16	static
main.c:1262:6:TrajectoryGenerationProcess	112	static
main.c:1405:6:PIDController2in1	16	static
main.c:1426:6:StabilizerPID	24	static
main.c:1451:6:PureVeloPID	16	static
main.c:1466:6:UARTInit	16	static
main.c:1476:6:UARTResetStart	16	static
main.c:1481:10:UARTGetRxHead	16	static
main.c:1486:9:UARTReadChar	32	static
main.c:1501:6:UARTTxDumpBuffer	24	static
main.c:1528:6:UARTTxWrite	32	static
main.c:1552:6:ACK1Return	24	static
main.c:1560:6:ACK2Return	24	static
main.c:1568:6:DEBUG_UART	24	static
main.c:1576:6:Munmunbot_Protocol	72	static
main.c:1826:6:PID_Reset	4	static
main.c:1858:6:LAMP_ON	16	static
main.c:1893:6:Emergency_switch_trigger	8	static
main.c:1924:6:Controlling_the_LINK	16	static
main.c:1955:6:Stabilizing_the_LINK	32	static
main.c:1987:6:Controlling_the_LINK_Velo	32	static
main.c:2019:6:HackTheLink	32	static
main.c:2065:6:SETHOME_StateMachine_Function	8	static
main.c:2091:6:UpdateMunmunBotState	16	static
main.c:2100:6:EndEffectorDebug	24	static
main.c:2112:6:EndEffectorWorkingState	24	static
main.c:2245:6:Error_Handler	4	static,ignoring_inline_asm
