main.c:300:5:main	24	static
main.c:496:6:SystemClock_Config	88	static
main.c:541:13:MX_I2C1_Init	8	static
main.c:575:13:MX_TIM1_Init	56	static
main.c:625:13:MX_TIM2_Init	32	static
main.c:670:13:MX_TIM3_Init	64	static
main.c:729:13:MX_USART2_UART_Init	8	static
main.c:760:13:MX_DMA_Init	16	static
main.c:781:13:MX_GPIO_Init	48	static
main.c:863:6:EncoderVelocityAndPosition_Update	64	static
main.c:908:6:Encoder_SetHome_Position	4	static
main.c:914:6:HAL_TIM_PeriodElapsedCallback	24	static
main.c:922:6:HAL_GPIO_EXTI_Callback	16	static
main.c:940:10:micros	12	static
main.c:945:6:ConverterUnitSystemStructureInit	16	static
main.c:952:6:TrajectoryGenerationStructureInit	16	static
main.c:968:6:LinkMovingPIDLoad	8	static
main.c:983:6:LinkMovingPID90to355Load	8	static
main.c:998:6:StabilizerPIDLoad	8	static
main.c:1011:6:TrajectoryGenerationVelocityMaxSetting	16	static
main.c:1018:6:TrajectoryGenerationPrepareDATA	8	static
main.c:1095:6:TrajectoryGenerationCalculation	16	static
main.c:1135:6:TrajectoryGenerationProcess	112	static
main.c:1278:6:PIDController2in1	16	static
main.c:1299:6:StabilizerPID	24	static
main.c:1326:6:UARTInit	16	static
main.c:1336:6:UARTResetStart	16	static
main.c:1341:10:UARTGetRxHead	16	static
main.c:1346:9:UARTReadChar	32	static
main.c:1361:6:UARTTxDumpBuffer	24	static
main.c:1388:6:UARTTxWrite	32	static
main.c:1412:6:ACK1Return	24	static
main.c:1420:6:ACK2Return	24	static
main.c:1428:6:DEBUG_UART	24	static
main.c:1436:6:Munmunbot_Protocol	72	static
main.c:1686:6:PID_Reset	4	static
main.c:1711:6:LAMP_ON	16	static
main.c:1746:6:Emergency_switch_trigger	8	static
main.c:1777:6:Controlling_the_LINK	16	static
main.c:1808:6:Stabilizing_the_LINK	32	static
main.c:1840:6:HackTheLink	32	static
main.c:1884:6:SETHOME_StateMachine_Function	8	static
main.c:1910:6:UpdateMunmunBotState	16	static
main.c:1919:6:EndEffectorWorkingState	24	static
main.c:2051:6:Error_Handler	4	static,ignoring_inline_asm
