main.c:304:5:main	24	static
main.c:503:6:SystemClock_Config	88	static
main.c:548:13:MX_I2C1_Init	8	static
main.c:582:13:MX_TIM1_Init	56	static
main.c:632:13:MX_TIM2_Init	32	static
main.c:677:13:MX_TIM3_Init	64	static
main.c:736:13:MX_USART2_UART_Init	8	static
main.c:767:13:MX_DMA_Init	16	static
main.c:788:13:MX_GPIO_Init	48	static
main.c:870:6:EncoderVelocityAndPosition_Update	64	static
main.c:915:6:Encoder_SetHome_Position	4	static
main.c:921:6:HAL_TIM_PeriodElapsedCallback	24	static
main.c:929:6:HAL_GPIO_EXTI_Callback	16	static
main.c:947:10:micros	12	static
main.c:952:6:ConverterUnitSystemStructureInit	16	static
main.c:959:6:TrajectoryGenerationStructureInit	16	static
main.c:975:6:LinkMovingPIDLoad	8	static
main.c:990:6:LinkMovingPID40to355Load	8	static
main.c:1005:6:LinkMovingPID20to40Load	8	static
main.c:1020:6:StabilizerPIDLoad	8	static
main.c:1031:6:VelocityPurePIDLoad	8	static
main.c:1041:6:TrajectoryGenerationVelocityMaxSetting	16	static
main.c:1048:6:TrajectoryGenerationPrepareDATA	8	static
main.c:1125:6:TrajectoryGenerationCalculation	16	static
main.c:1165:6:TrajectoryGenerationProcess	112	static
main.c:1308:6:PIDController2in1	16	static
main.c:1329:6:StabilizerPID	24	static
main.c:1354:6:PureVeloPID	16	static
main.c:1369:6:UARTInit	16	static
main.c:1379:6:UARTResetStart	16	static
main.c:1384:10:UARTGetRxHead	16	static
main.c:1389:9:UARTReadChar	32	static
main.c:1404:6:UARTTxDumpBuffer	24	static
main.c:1431:6:UARTTxWrite	32	static
main.c:1455:6:ACK1Return	24	static
main.c:1463:6:ACK2Return	24	static
main.c:1471:6:DEBUG_UART	24	static
main.c:1479:6:Munmunbot_Protocol	72	static
main.c:1729:6:PID_Reset	4	static
main.c:1761:6:LAMP_ON	16	static
main.c:1796:6:Emergency_switch_trigger	8	static
main.c:1827:6:Controlling_the_LINK	16	static
main.c:1858:6:Stabilizing_the_LINK	32	static
main.c:1890:6:Controlling_the_LINK_Velo	32	static
main.c:1922:6:HackTheLink	32	static
main.c:1968:6:SETHOME_StateMachine_Function	8	static
main.c:1994:6:UpdateMunmunBotState	16	static
main.c:2003:6:EndEffectorWorkingState	24	static
main.c:2135:6:Error_Handler	4	static,ignoring_inline_asm
