main.c:306:5:main	32	static
main.c:528:6:SystemClock_Config	88	static
main.c:573:13:MX_I2C1_Init	8	static
main.c:607:13:MX_TIM1_Init	56	static
main.c:657:13:MX_TIM2_Init	32	static
main.c:702:13:MX_TIM3_Init	64	static
main.c:761:13:MX_USART2_UART_Init	8	static
main.c:792:13:MX_DMA_Init	16	static
main.c:813:13:MX_GPIO_Init	48	static
main.c:895:6:EncoderVelocityAndPosition_Update	64	static
main.c:940:6:Encoder_SetHome_Position	4	static
main.c:946:6:HAL_TIM_PeriodElapsedCallback	24	static
main.c:954:6:HAL_GPIO_EXTI_Callback	16	static
main.c:972:10:micros	12	static
main.c:977:6:ConverterUnitSystemStructureInit	16	static
main.c:984:6:TrajectoryGenerationStructureInit	16	static
main.c:1000:6:LinkMovingPIDLoad	8	static
main.c:1015:6:LinkMovingPID40to355Load	8	static
main.c:1030:6:LinkMovingPID20to40Load	8	static
main.c:1045:6:StabilizerPIDLoad	8	static
main.c:1056:6:VelocityPurePIDLoad	8	static
main.c:1066:6:TrajectoryGenerationVelocityMaxSetting	16	static
main.c:1073:6:TrajectoryGenerationPrepareDATA	8	static
main.c:1150:6:TrajectoryGenerationCalculation	16	static
main.c:1190:6:TrajectoryGenerationProcess	112	static
main.c:1333:6:PIDController2in1	16	static
main.c:1354:6:StabilizerPID	24	static
main.c:1379:6:PureVeloPID	16	static
main.c:1394:6:UARTInit	16	static
main.c:1404:6:UARTResetStart	16	static
main.c:1409:10:UARTGetRxHead	16	static
main.c:1414:9:UARTReadChar	32	static
main.c:1429:6:UARTTxDumpBuffer	24	static
main.c:1456:6:UARTTxWrite	32	static
main.c:1480:6:ACK1Return	24	static
main.c:1488:6:ACK2Return	24	static
main.c:1496:6:DEBUG_UART	24	static
main.c:1504:6:Munmunbot_Protocol	72	static
main.c:1754:6:PID_Reset	4	static
main.c:1786:6:LAMP_ON	16	static
main.c:1821:6:Emergency_switch_trigger	8	static
main.c:1852:6:Controlling_the_LINK	16	static
main.c:1883:6:Stabilizing_the_LINK	32	static
main.c:1915:6:Controlling_the_LINK_Velo	32	static
main.c:1947:6:HackTheLink	32	static
main.c:1993:6:SETHOME_StateMachine_Function	8	static
main.c:2019:6:UpdateMunmunBotState	16	static
main.c:2028:6:EndEffectorWorkingState	24	static
main.c:2160:6:Error_Handler	4	static,ignoring_inline_asm
