main.c:290:5:main	32	static
main.c:580:6:SystemClock_Config	88	static
main.c:625:13:MX_I2C1_Init	8	static
main.c:659:13:MX_TIM1_Init	56	static
main.c:709:13:MX_TIM2_Init	32	static
main.c:754:13:MX_TIM3_Init	64	static
main.c:813:13:MX_USART2_UART_Init	8	static
main.c:844:13:MX_DMA_Init	16	static
main.c:865:13:MX_GPIO_Init	48	static
main.c:947:6:EncoderVelocityAndPosition_Update	64	static
main.c:991:6:Encoder_SetHome_Position	4	static
main.c:996:6:HAL_TIM_PeriodElapsedCallback	24	static
main.c:1004:6:HAL_GPIO_EXTI_Callback	16	static
main.c:1036:10:micros	12	static
main.c:1041:6:ConverterUnitSystemStructureInit	16	static
main.c:1048:6:TrajectoryGenerationStructureInit	16	static
main.c:1065:6:VelocityControllerInit	16	static
main.c:1082:6:DisplacementControllerInit	16	static
main.c:1100:6:TrajectoryGenerationVelocityMaxSetting	16	static
main.c:1107:6:TrajectoryGenerationPrepareDATA	8	static
main.c:1184:6:TrajectoryGenerationCalculation	16	static
main.c:1224:6:TrajectoryGenerationProcess	112	static
main.c:1371:6:PIDController2in1	16	static
main.c:1443:6:UARTInit	16	static
main.c:1453:6:UARTResetStart	16	static
main.c:1458:10:UARTGetRxHead	16	static
main.c:1463:9:UARTReadChar	32	static
main.c:1478:6:UARTTxDumpBuffer	24	static
main.c:1505:6:UARTTxWrite	32	static
main.c:1529:6:ACK1Return	24	static
main.c:1537:6:ACK2Return	24	static
main.c:1545:6:DEBUG_UART	24	static
main.c:1553:6:Munmunbot_Protocol	72	static
main.c:1802:6:PID_Reset	4	static
main.c:1824:6:LAMP_ON	16	static
main.c:1859:6:Emergency_switch_trigger	8	static
main.c:1890:6:Controlling_the_LINK	16	static
main.c:1921:6:SETHOME_StateMachine_Function	8	static
main.c:1949:6:UpdateMunmunBotState	16	static
main.c:1965:6:Error_Handler	4	static,ignoring_inline_asm
